Component: ARM Compiler 5.06 update 5 (build 528) Tool: armlink [4d35e2]

==============================================================================

Section Cross References

    startup_stm32f103xb.o(RESET) refers to startup_stm32f103xb.o(STACK) for __initial_sp
    startup_stm32f103xb.o(RESET) refers to startup_stm32f103xb.o(.text) for Reset_Handler
    startup_stm32f103xb.o(RESET) refers to stm32f1xx_it.o(i.NMI_Handler) for NMI_Handler
    startup_stm32f103xb.o(RESET) refers to stm32f1xx_it.o(i.HardFault_Handler) for HardFault_Handler
    startup_stm32f103xb.o(RESET) refers to stm32f1xx_it.o(i.MemManage_Handler) for MemManage_Handler
    startup_stm32f103xb.o(RESET) refers to stm32f1xx_it.o(i.BusFault_Handler) for BusFault_Handler
    startup_stm32f103xb.o(RESET) refers to stm32f1xx_it.o(i.UsageFault_Handler) for UsageFault_Handler
    startup_stm32f103xb.o(RESET) refers to stm32f1xx_it.o(i.SVC_Handler) for SVC_Handler
    startup_stm32f103xb.o(RESET) refers to stm32f1xx_it.o(i.DebugMon_Handler) for DebugMon_Handler
    startup_stm32f103xb.o(RESET) refers to stm32f1xx_it.o(i.PendSV_Handler) for PendSV_Handler
    startup_stm32f103xb.o(RESET) refers to stm32f1xx_it.o(i.SysTick_Handler) for SysTick_Handler
    startup_stm32f103xb.o(RESET) refers to stm32f1xx_it.o(i.TIM2_IRQHandler) for TIM2_IRQHandler
    startup_stm32f103xb.o(RESET) refers to stm32f1xx_it.o(i.EXTI15_10_IRQHandler) for EXTI15_10_IRQHandler
    startup_stm32f103xb.o(.text) refers to system_stm32f1xx.o(i.SystemInit) for SystemInit
    startup_stm32f103xb.o(.text) refers to entry.o(.ARM.Collect$$$$00000000) for __main
    main.o(i.SystemClock_Config) refers to memseta.o(.text) for __aeabi_memclr4
    main.o(i.SystemClock_Config) refers to stm32f1xx_hal_rcc.o(i.HAL_RCC_OscConfig) for HAL_RCC_OscConfig
    main.o(i.SystemClock_Config) refers to stm32f1xx_hal_rcc.o(i.HAL_RCC_ClockConfig) for HAL_RCC_ClockConfig
    main.o(i.main) refers to stm32f1xx_hal.o(i.HAL_Init) for HAL_Init
    main.o(i.main) refers to main.o(i.SystemClock_Config) for SystemClock_Config
    main.o(i.main) refers to gpio.o(i.MX_GPIO_Init) for MX_GPIO_Init
    main.o(i.main) refers to spi.o(i.MX_SPI1_Init) for MX_SPI1_Init
    main.o(i.main) refers to usart.o(i.MX_USART1_UART_Init) for MX_USART1_UART_Init
    main.o(i.main) refers to tim.o(i.MX_TIM2_Init) for MX_TIM2_Init
    main.o(i.main) refers to bootloader.o(i.iap_load_app) for iap_load_app
    main.o(i.main) refers to user_main.o(i.user_run) for user_run
    gpio.o(i.MX_GPIO_Init) refers to stm32f1xx_hal_gpio.o(i.HAL_GPIO_WritePin) for HAL_GPIO_WritePin
    gpio.o(i.MX_GPIO_Init) refers to stm32f1xx_hal_gpio.o(i.HAL_GPIO_Init) for HAL_GPIO_Init
    gpio.o(i.MX_GPIO_Init) refers to stm32f1xx_hal_cortex.o(i.HAL_NVIC_SetPriority) for HAL_NVIC_SetPriority
    gpio.o(i.MX_GPIO_Init) refers to stm32f1xx_hal_cortex.o(i.HAL_NVIC_EnableIRQ) for HAL_NVIC_EnableIRQ
    spi.o(i.HAL_SPI_MspDeInit) refers to stm32f1xx_hal_gpio.o(i.HAL_GPIO_DeInit) for HAL_GPIO_DeInit
    spi.o(i.HAL_SPI_MspInit) refers to stm32f1xx_hal_gpio.o(i.HAL_GPIO_Init) for HAL_GPIO_Init
    spi.o(i.MX_SPI1_Init) refers to stm32f1xx_hal_spi.o(i.HAL_SPI_Init) for HAL_SPI_Init
    spi.o(i.MX_SPI1_Init) refers to main.o(i.Error_Handler) for Error_Handler
    spi.o(i.MX_SPI1_Init) refers to spi.o(.bss) for .bss
    tim.o(i.HAL_TIM_Base_MspDeInit) refers to stm32f1xx_hal_cortex.o(i.HAL_NVIC_DisableIRQ) for HAL_NVIC_DisableIRQ
    tim.o(i.HAL_TIM_Base_MspInit) refers to stm32f1xx_hal_cortex.o(i.HAL_NVIC_SetPriority) for HAL_NVIC_SetPriority
    tim.o(i.HAL_TIM_Base_MspInit) refers to stm32f1xx_hal_cortex.o(i.HAL_NVIC_EnableIRQ) for HAL_NVIC_EnableIRQ
    tim.o(i.MX_TIM2_Init) refers to stm32f1xx_hal_tim.o(i.HAL_TIM_Base_Init) for HAL_TIM_Base_Init
    tim.o(i.MX_TIM2_Init) refers to main.o(i.Error_Handler) for Error_Handler
    tim.o(i.MX_TIM2_Init) refers to stm32f1xx_hal_tim.o(i.HAL_TIM_ConfigClockSource) for HAL_TIM_ConfigClockSource
    tim.o(i.MX_TIM2_Init) refers to stm32f1xx_hal_tim_ex.o(i.HAL_TIMEx_MasterConfigSynchronization) for HAL_TIMEx_MasterConfigSynchronization
    tim.o(i.MX_TIM2_Init) refers to tim.o(.bss) for .bss
    usart.o(i.HAL_UART_MspDeInit) refers to stm32f1xx_hal_gpio.o(i.HAL_GPIO_DeInit) for HAL_GPIO_DeInit
    usart.o(i.HAL_UART_MspInit) refers to stm32f1xx_hal_gpio.o(i.HAL_GPIO_Init) for HAL_GPIO_Init
    usart.o(i.MX_USART1_UART_Init) refers to stm32f1xx_hal_uart.o(i.HAL_UART_Init) for HAL_UART_Init
    usart.o(i.MX_USART1_UART_Init) refers to main.o(i.Error_Handler) for Error_Handler
    usart.o(i.MX_USART1_UART_Init) refers to usart.o(.bss) for .bss
    stm32f1xx_it.o(i.EXTI15_10_IRQHandler) refers to stm32f1xx_hal_gpio.o(i.HAL_GPIO_EXTI_IRQHandler) for HAL_GPIO_EXTI_IRQHandler
    stm32f1xx_it.o(i.SysTick_Handler) refers to stm32f1xx_hal.o(i.HAL_IncTick) for HAL_IncTick
    stm32f1xx_it.o(i.TIM2_IRQHandler) refers to stm32f1xx_hal_tim.o(i.HAL_TIM_IRQHandler) for HAL_TIM_IRQHandler
[...]
    i.HAL_TIM_Base_Init                      0x08001894   Section        0  stm32f1xx_hal_tim.o(i.HAL_TIM_Base_Init)
    i.HAL_TIM_Base_MspInit                   0x080018f0   Section        0  tim.o(i.HAL_TIM_Base_MspInit)
    i.HAL_TIM_Base_Start_IT                  0x08001928   Section        0  stm32f1xx_hal_tim.o(i.HAL_TIM_Base_Start_IT)
    i.HAL_TIM_ConfigClockSource              0x08001980   Section        0  stm32f1xx_hal_tim.o(i.HAL_TIM_ConfigClockSource)
    i.HAL_TIM_IC_CaptureCallback             0x08001a5c   Section        0  stm32f1xx_hal_tim.o(i.HAL_TIM_IC_CaptureCallback)
    i.HAL_TIM_IRQHandler                     0x08001a5e   Section        0  stm32f1xx_hal_tim.o(i.HAL_TIM_IRQHandler)
    i.HAL_TIM_OC_DelayElapsedCallback        0x08001b8e   Section        0  stm32f1xx_hal_tim.o(i.HAL_TIM_OC_DelayElapsedCallback)
    i.HAL_TIM_PWM_PulseFinishedCallback      0x08001b90   Section        0  stm32f1xx_hal_tim.o(i.HAL_TIM_PWM_PulseFinishedCallback)
    i.HAL_TIM_PeriodElapsedCallback          0x08001b92   Section        0  wiz_platform.o(i.HAL_TIM_PeriodElapsedCallback)
    i.HAL_TIM_TriggerCallback                0x08001ba0   Section        0  stm32f1xx_hal_tim.o(i.HAL_TIM_TriggerCallback)
    i.HAL_UART_Init                          0x08001ba2   Section        0  stm32f1xx_hal_uart.o(i.HAL_UART_Init)
    i.HAL_UART_MspInit                       0x08001c08   Section        0  usart.o(i.HAL_UART_MspInit)
    i.HAL_UART_Transmit                      0x08001c78   Section        0  stm32f1xx_hal_uart.o(i.HAL_UART_Transmit)
    i.HTTP_GetPkt                            0x08001d18   Section        0  httpclient.o(i.HTTP_GetPkt)
    i.HardFault_Handler                      0x08001d8c   Section        0  stm32f1xx_it.o(i.HardFault_Handler)
    i.MX_GPIO_Init                           0x08001d90   Section        0  gpio.o(i.MX_GPIO_Init)
    i.MX_SPI1_Init                           0x08001e94   Section        0  spi.o(i.MX_SPI1_Init)
    i.MX_TIM2_Init                           0x08001edc   Section        0  tim.o(i.MX_TIM2_Init)
    i.MX_USART1_UART_Init                    0x08001f40   Section        0  usart.o(i.MX_USART1_UART_Init)
    i.MemManage_Handler                      0x08001f78   Section        0  stm32f1xx_it.o(i.MemManage_Handler)
    i.NMI_Handler                            0x08001f7a   Section        0  stm32f1xx_it.o(i.NMI_Handler)
    i.NibbleToHex                            0x08001f7c   Section        0  dhcp.o(i.NibbleToHex)
    i.PendSV_Handler                         0x08001f8c   Section        0  stm32f1xx_it.o(i.PendSV_Handler)
    i.SPI_EndRxTransaction                   0x08001f8e   Section        0  stm32f1xx_hal_spi.o(i.SPI_EndRxTransaction)
    SPI_EndRxTransaction                     0x08001f8f   Thumb Code    92  stm32f1xx_hal_spi.o(i.SPI_EndRxTransaction)
    i.SPI_EndRxTxTransaction                 0x08001fea   Section        0  stm32f1xx_hal_spi.o(i.SPI_EndRxTxTransaction)
    SPI_EndRxTxTransaction                   0x08001feb   Thumb Code    52  stm32f1xx_hal_spi.o(i.SPI_EndRxTxTransaction)
    i.SPI_WaitFlagStateUntilTimeout          0x08002020   Section        0  stm32f1xx_hal_spi.o(i.SPI_WaitFlagStateUntilTimeout)
    SPI_WaitFlagStateUntilTimeout            0x08002021   Thumb Code   180  stm32f1xx_hal_spi.o(i.SPI_WaitFlagStateUntilTimeout)
    i.SVC_Handler                            0x080020d8   Section        0  stm32f1xx_it.o(i.SVC_Handler)
    i.SysTick_Handler                        0x080020da   Section        0  stm32f1xx_it.o(i.SysTick_Handler)
    i.SystemClock_Config                     0x080020de   Section        0  main.o(i.SystemClock_Config)
    i.SystemInit                             0x0800213c   Section        0  system_stm32f1xx.o(i.SystemInit)
    i.TIM2_IRQHandler                        0x0800214c   Section        0  stm32f1xx_it.o(i.TIM2_IRQHandler)
    i.TIM_Base_SetConfig                     0x08002158   Section        0  stm32f1xx_hal_tim.o(i.TIM_Base_SetConfig)
    i.TIM_ETR_SetConfig                      0x080021d0   Section        0  stm32f1xx_hal_tim.o(i.TIM_ETR_SetConfig)
    i.TIM_ITRx_SetConfig                     0x080021e4   Section        0  stm32f1xx_hal_tim.o(i.TIM_ITRx_SetConfig)
    TIM_ITRx_SetConfig                       0x080021e5   Thumb Code    16  stm32f1xx_hal_tim.o(i.TIM_ITRx_SetConfig)
    i.TIM_TI1_ConfigInputStage               0x080021f4   Section        0  stm32f1xx_hal_tim.o(i.TIM_TI1_ConfigInputStage)
    TIM_TI1_ConfigInputStage                 0x080021f5   Thumb Code    34  stm32f1xx_hal_tim.o(i.TIM_TI1_ConfigInputStage)
    i.TIM_TI2_ConfigInputStage               0x08002216   Section        0  stm32f1xx_hal_tim.o(i.TIM_TI2_ConfigInputStage)
    TIM_TI2_ConfigInputStage                 0x08002217   Thumb Code    36  stm32f1xx_hal_tim.o(i.TIM_TI2_ConfigInputStage)
    i.UART_EndRxTransfer                     0x0800223a   Section        0  stm32f1xx_hal_uart.o(i.UART_EndRxTransfer)
    UART_EndRxTransfer                       0x0800223b   Thumb Code    78  stm32f1xx_hal_uart.o(i.UART_EndRxTransfer)
    i.UART_SetConfig                         0x08002288   Section        0  stm32f1xx_hal_uart.o(i.UART_SetConfig)
    UART_SetConfig                           0x08002289   Thumb Code   178  stm32f1xx_hal_uart.o(i.UART_SetConfig)
    i.UART_WaitOnFlagUntilTimeout            0x08002340   Section        0  stm32f1xx_hal_uart.o(i.UART_WaitOnFlagUntilTimeout)
    UART_WaitOnFlagUntilTimeout              0x08002341   Thumb Code   114  stm32f1xx_hal_uart.o(i.UART_WaitOnFlagUntilTimeout)
    i.UsageFault_Handler                     0x080023b2   Section        0  stm32f1xx_it.o(i.UsageFault_Handler)
    i.WIZCHIP_READ                           0x080023b4   Section        0  w5500.o(i.WIZCHIP_READ)
    i.WIZCHIP_READ_BUF                       0x0800240c   Section        0  w5500.o(i.WIZCHIP_READ_BUF)
    i.WIZCHIP_WRITE                          0x08002480   Section        0  w5500.o(i.WIZCHIP_WRITE)
    i.WIZCHIP_WRITE_BUF                      0x080024e0   Section        0  w5500.o(i.WIZCHIP_WRITE_BUF)
    i.__0printf$8                            0x08002550   Section        0  printf8.o(i.__0printf$8)
    i.__NVIC_SetPriority                     0x08002570   Section        0  stm32f1xx_hal_cortex.o(i.__NVIC_SetPriority)
    __NVIC_SetPriority                       0x08002571   Thumb Code    32  stm32f1xx_hal_cortex.o(i.__NVIC_SetPriority)
    i.__aeabi_errno_addr                     0x08002590   Section        0  errno.o(i.__aeabi_errno_addr)
    i.__scatterload_copy                     0x08002598   Section       14  handlers.o(i.__scatterload_copy)
    i.__scatterload_null                     0x080025a6   Section        2  handlers.o(i.__scatterload_null)
    i.__scatterload_zeroinit                 0x080025a8   Section       14  handlers.o(i.__scatterload_zeroinit)
    i._printf_core                           0x080025b8   Section        0  printf8.o(i._printf_core)
    _printf_core                             0x080025b9   Thumb Code   996  printf8.o(i._printf_core)
    i._printf_post_padding                   0x080029c8   Section        0  printf8.o(i._printf_post_padding)
    _printf_post_padding                     0x080029c9   Thumb Code    36  printf8.o(i._printf_post_padding)
    i._printf_pre_padding                    0x080029ec   Section        0  printf8.o(i._printf_pre_padding)
    _printf_pre_padding                      0x080029ed   Thumb Code    46  printf8.o(i._printf_pre_padding)
    i.check_DHCP_leasedIP                    0x08002a1c   Section        0  dhcp.o(i.check_DHCP_leasedIP)
    i.check_DHCP_timeout                     0x08002a84   Section        0  dhcp.o(i.check_DHCP_timeout)
    i.check_DNS_timeout                      0x08002af4   Section        0  dns.o(i.check_DNS_timeout)
    i.close                                  0x08002b1c   Section        0  socket.o(i.close)
    i.connect                                0x08002b90   Section        0  socket.o(i.connect)
    i.ctlwizchip                             0x08002c98   Section        0  wizchip_conf.o(i.ctlwizchip)
    i.default_ip_assign                      0x08002d84   Section        0  dhcp.o(i.default_ip_assign)
    i.default_ip_conflict                    0x08002db4   Section        0  dhcp.o(i.default_ip_conflict)
    i.default_ip_update                      0x08002dd8   Section        0  dhcp.o(i.default_ip_update)
    i.dns_answer                             0x08002e00   Section        0  dns.o(i.dns_answer)
    i.dns_makequery                          0x08002eb0   Section        0  dns.o(i.dns_makequery)
    i.dns_question                           0x08002f64   Section        0  dns.o(i.dns_question)
    i.do_dns                                 0x08002f84   Section        0  do_dns.o(i.do_dns)
    i.do_http_client                         0x0800302c   Section        0  httpclient.o(i.do_http_client)
    i.fputc                                  0x08003184   Section        0  wiz_platform.o(i.fputc)
    i.free                                   0x0800319c   Section        0  malloc.o(i.free)
    i.get16                                  0x080031ec   Section        0  dns.o(i.get16)
    i.getDNSfromDHCP                         0x080031f8   Section        0  dhcp.o(i.getDNSfromDHCP)
    i.getGWfromDHCP                          0x08003210   Section        0  dhcp.o(i.getGWfromDHCP)
    i.getIPfromDHCP                          0x08003228   Section        0  dhcp.o(i.getIPfromDHCP)
    i.getSNfromDHCP                          0x08003240   Section        0  dhcp.o(i.getSNfromDHCP)
    i.getSn_RX_RSR                           0x08003258   Section        0  w5500.o(i.getSn_RX_RSR)
    i.getSn_TX_FSR                           0x080032a4   Section        0  w5500.o(i.getSn_TX_FSR)
    i.get_content_length                     0x080032f0   Section        0  httpclient.o(i.get_content_length)
    i.iap_load_app                           0x0800331c   Section        0  bootloader.o(i.iap_load_app)
    i.main                                   0x08003390   Section        0  main.o(i.main)
    i.makeDHCPMSG                            0x080033b4   Section        0  dhcp.o(i.makeDHCPMSG)
    i.malloc                                 0x08003484   Section        0  malloc.o(i.malloc)
    i.network_init                           0x080034f0   Section        0  wiz_interface.o(i.network_init)
    i.parseDHCPMSG                           0x08003520   Section        0  dhcp.o(i.parseDHCPMSG)
    i.parseDNSMSG                            0x080036d8   Section        0  dns.o(i.parseDNSMSG)
    i.parse_name                             0x080037b0   Section        0  dns.o(i.parse_name)
    i.print_network_information              0x08003824   Section        0  wiz_interface.o(i.print_network_information)
    i.put16                                  0x080039ec   Section        0  dns.o(i.put16)
    i.recv                                   0x080039f8   Section        0  socket.o(i.recv)
    i.recvfrom                               0x08003adc   Section        0  socket.o(i.recvfrom)
    i.reg_wizchip_cs_cbfunc                  0x08003cf0   Section        0  wizchip_conf.o(i.reg_wizchip_cs_cbfunc)
    i.reg_wizchip_spi_cbfunc                 0x08003d14   Section        0  wizchip_conf.o(i.reg_wizchip_spi_cbfunc)
    i.reg_wizchip_spiburst_cbfunc            0x08003d40   Section        0  wizchip_conf.o(i.reg_wizchip_spiburst_cbfunc)
    i.reset_DHCP_timeout                     0x08003d6c   Section        0  dhcp.o(i.reset_DHCP_timeout)
    i.send                                   0x08003d80   Section        0  socket.o(i.send)
    i.send_DHCP_DECLINE                      0x08003e9c   Section        0  dhcp.o(i.send_DHCP_DECLINE)
    i.send_DHCP_DISCOVER                     0x08003f9c   Section        0  dhcp.o(i.send_DHCP_DISCOVER)
    i.send_DHCP_REQUEST                      0x08004174   Section        0  dhcp.o(i.send_DHCP_REQUEST)
    i.sendto                                 0x08004404   Section        0  socket.o(i.sendto)
    i.socket                                 0x08004584   Section        0  socket.o(i.socket)
    i.user_run                               0x080046a0   Section        0  user_main.o(i.user_run)
    i.wiz_add_timer                          0x0800476c   Section        0  wiz_interface.o(i.wiz_add_timer)
    i.wiz_delete_timer                       0x080047c8   Section        0  wiz_interface.o(i.wiz_delete_timer)
    i.wiz_dhcp_process                       0x08004804   Section        0  wiz_interface.o(i.wiz_dhcp_process)
    wiz_dhcp_process                         0x08004805   Thumb Code   148  wiz_interface.o(i.wiz_dhcp_process)
    i.wiz_phy_link_check                     0x080048c8   Section        0  wiz_interface.o(i.wiz_phy_link_check)
    i.wiz_print_phy_info                     0x08004920   Section        0  wiz_interface.o(i.wiz_print_phy_info)
    i.wiz_recv_data                          0x080049ac   Section        0  w5500.o(i.wiz_recv_data)
    i.wiz_recv_ignore                        0x08004a0c   Section        0  w5500.o(i.wiz_recv_ignore)
    i.wiz_send_data                          0x08004a4e   Section        0  w5500.o(i.wiz_send_data)
    i.wiz_tim_irq_enable                     0x08004ab0   Section        0  wiz_platform.o(i.wiz_tim_irq_enable)
    i.wiz_timer_handler                      0x08004abc   Section        0  wiz_interface.o(i.wiz_timer_handler)
    i.wiz_user_delay_ms                      0x08004aec   Section        0  wiz_interface.o(i.wiz_user_delay_ms)
    i.wizchip_bus_readdata                   0x08004b00   Section        0  wizchip_conf.o(i.wizchip_bus_readdata)
    i.wizchip_bus_writedata                  0x08004b04   Section        0  wizchip_conf.o(i.wizchip_bus_writedata)
    i.wizchip_clrinterrupt                   0x08004b08   Section        0  wizchip_conf.o(i.wizchip_clrinterrupt)
    i.wizchip_cris_enter                     0x08004b42   Section        0  wizchip_conf.o(i.wizchip_cris_enter)
    i.wizchip_cris_exit                      0x08004b44   Section        0  wizchip_conf.o(i.wizchip_cris_exit)
    i.wizchip_cs_deselect                    0x08004b46   Section        0  wizchip_conf.o(i.wizchip_cs_deselect)
    i.wizchip_cs_select                      0x08004b48   Section        0  wizchip_conf.o(i.wizchip_cs_select)
    i.wizchip_deselect                       0x08004b4c   Section        0  wiz_platform.o(i.wizchip_deselect)
    i.wizchip_getinterrupt                   0x08004b5c   Section        0  wizchip_conf.o(i.wizchip_getinterrupt)
    i.wizchip_getinterruptmask               0x08004b7a   Section        0  wizchip_conf.o(i.wizchip_getinterruptmask)
    i.wizchip_getnetinfo                     0x08004b98   Section        0  wizchip_conf.o(i.wizchip_getnetinfo)
    i.wizchip_init                           0x08004bf0   Section        0  wizchip_conf.o(i.wizchip_init)
    i.wizchip_initialize                     0x08004c6a   Section        0  wiz_interface.o(i.wizchip_initialize)
    i.wizchip_read_buff                      0x08004c84   Section        0  wiz_platform.o(i.wizchip_read_buff)
    i.wizchip_read_byte                      0x08004c98   Section        0  wiz_platform.o(i.wizchip_read_byte)
    i.wizchip_reset                          0x08004cb4   Section        0  wiz_platform.o(i.wizchip_reset)
    i.wizchip_select                         0x08004cf4   Section        0  wiz_platform.o(i.wizchip_select)
    i.wizchip_setinterruptmask               0x08004d04   Section        0  wizchip_conf.o(i.wizchip_setinterruptmask)
    i.wizchip_setnetinfo                     0x08004d20   Section        0  wizchip_conf.o(i.wizchip_setnetinfo)
    i.wizchip_spi_cb_reg                     0x08004d78   Section        0  wiz_platform.o(i.wizchip_spi_cb_reg)
    i.wizchip_spi_readburst                  0x08004db0   Section        0  wizchip_conf.o(i.wizchip_spi_readburst)
    i.wizchip_spi_readbyte                   0x08004db2   Section        0  wizchip_conf.o(i.wizchip_spi_readbyte)
    i.wizchip_spi_writeburst                 0x08004db6   Section        0  wizchip_conf.o(i.wizchip_spi_writeburst)
    i.wizchip_spi_writebyte                  0x08004db8   Section        0  wizchip_conf.o(i.wizchip_spi_writebyte)
    i.wizchip_sw_reset                       0x08004dba   Section        0  wizchip_conf.o(i.wizchip_sw_reset)
    i.wizchip_version_check                  0x08004e30   Section        0  wiz_interface.o(i.wizchip_version_check)
    i.wizchip_write_buff                     0x08004e6c   Section        0  wiz_platform.o(i.wizchip_write_buff)
    i.wizchip_write_byte                     0x08004e80   Section        0  wiz_platform.o(i.wizchip_write_byte)
    i.wizphy_getphyconf                      0x08004e98   Section        0  wizchip_conf.o(i.wizphy_getphyconf)
    i.wizphy_getphylink                      0x08004ee6   Section        0  wizchip_conf.o(i.wizphy_getphylink)
    i.wizphy_getphypmode                     0x08004efc   Section        0  wizchip_conf.o(i.wizphy_getphypmode)
    i.wizphy_reset                           0x08004f16   Section        0  wizchip_conf.o(i.wizphy_reset)
    i.wizphy_setphyconf                      0x08004f40   Section        0  wizchip_conf.o(i.wizphy_setphyconf)
    i.wizphy_setphypmode                     0x08004f8a   Section        0  wizchip_conf.o(i.wizphy_setphypmode)
    i.write_to_flash                         0x08004fdc   Section        0  httpclient.o(i.write_to_flash)
    .constdata                               0x080050f8   Section       18  stm32f1xx_hal_rcc.o(.constdata)
    aPredivFactorTable                       0x080050f8   Data           2  stm32f1xx_hal_rcc.o(.constdata)
    aPLLMULFactorTable                       0x080050fa   Data          16  stm32f1xx_hal_rcc.o(.constdata)
    .constdata                               0x0800510a   Section       16  system_stm32f1xx.o(.constdata)
    .constdata                               0x0800511a   Section        8  system_stm32f1xx.o(.constdata)
    .constdata                               0x08005122   Section      129  ctype_o.o(.constdata)
    .constdata                               0x080051a4   Section        4  ctype_o.o(.constdata)
    table                                    0x080051a4   Data           4  ctype_o.o(.constdata)
    .conststring                             0x080051a8   Section      284  wiz_interface.o(.conststring)
    .conststring                             0x080052c4   Section       85  httpclient.o(.conststring)
    .data                                    0x20000000   Section       12  stm32f1xx_hal.o(.data)
    .data                                    0x2000000c   Section        4  system_stm32f1xx.o(.data)
    .data                                    0x20000010   Section       14  socket.o(.data)
    sock_any_port                            0x20000010   Data           2  socket.o(.data)
    sock_io_mode                             0x20000012   Data           2  socket.o(.data)
    sock_is_sending                          0x20000014   Data           2  socket.o(.data)
    .data                                    0x20000020   Section       52  wizchip_conf.o(.data)
    _DHCP_                                   0x20000020   Data           1  wizchip_conf.o(.data)
    _DNS_                                    0x20000021   Data           4  wizchip_conf.o(.data)
    .data                                    0x20000054   Section       78  dhcp.o(.data)
    .data                                    0x200000a4   Section       12  dns.o(.data)
    retry_count                              0x200000a5   Data           1  dns.o(.data)
    .data                                    0x200000b0   Section       44  user_main.o(.data)
    .data                                    0x200000dc   Section        8  wiz_interface.o(.data)
    .data                                    0x200000e4   Section       16  httpclient.o(.data)
    flash_address                            0x200000f0   Data           4  httpclient.o(.data)
    .data                                    0x200000f4   Section        4  stdout.o(.data)
    .data                                    0x200000f8   Section        4  mvars.o(.data)
    .data                                    0x200000fc   Section        4  mvars.o(.data)
    .data                                    0x20000100   Section        4  errno.o(.data)
    _errno                                   0x20000100   Data           4  errno.o(.data)
    .bss                                     0x20000104   Section       88  spi.o(.bss)
    .bss                                     0x2000015c   Section       72  tim.o(.bss)
    .bss                                     0x200001a4   Section       72  usart.o(.bss)
    .bss                                     0x200001f0   Section       32  stm32f1xx_hal_flash.o(.bss)
    .bss                                     0x20000210   Section       16  socket.o(.bss)
    sock_remained_size                       0x20000210   Data          16  socket.o(.bss)
    .bss                                     0x20000220   Section     2048  user_main.o(.bss)
    ethernet_buf                             0x20000220   Data        2048  user_main.o(.bss)
    HEAP                                     0x20000a20   Section      512  startup_stm32f103xb.o(HEAP)
    STACK                                    0x20000c20   Section     1024  startup_stm32f103xb.o(STACK)

    Global Symbols

    Symbol Name                              Value     Ov Type        Size  Object(Section)

    BuildAttributes$$THM_ISAv4$P$D$K$B$S$PE$A:L22UL41UL21$X:L11$S22US41US21$IEEE1$IW$USESV6$~STKCKD$USESV7$~SHL$OSPACE$ROPI$EBA8$MICROLIB$REQ8$PRES8$EABIv2 0x00000000   Number         0  anon$$obj.o ABSOLUTE
    __ARM_use_no_argv                        0x00000000   Number         0  main.o ABSOLUTE
    _printf_a                                0x00000000   Number         0  stubs.o ABSOLUTE
    _printf_c                                0x00000000   Number         0  stubs.o ABSOLUTE
    _printf_charcount                        0x00000000   Number         0  stubs.o ABSOLUTE
    _printf_d                                0x00000000   Number         0  stubs.o ABSOLUTE
    _printf_e                                0x00000000   Number         0  stubs.o ABSOLUTE
    _printf_f                                0x00000000   Number         0  stubs.o ABSOLUTE
    _printf_flags                            0x00000000   Number         0  stubs.o ABSOLUTE
    _printf_fp_dec                           0x00000000   Number         0  stubs.o ABSOLUTE
    _printf_fp_hex                           0x00000000   Number         0  stubs.o ABSOLUTE
    _printf_g                                0x00000000   Number         0  stubs.o ABSOLUTE
    _printf_i                                0x00000000   Number         0  stubs.o ABSOLUTE
    _printf_int_dec                          0x00000000   Number         0  stubs.o ABSOLUTE
    _printf_l                                0x00000000   Number         0  stubs.o ABSOLUTE
    _printf_lc                               0x00000000   Number         0  stubs.o ABSOLUTE
    _printf_ll                               0x00000000   Number         0  stubs.o ABSOLUTE
    _printf_lld                              0x00000000   Number         0  stubs.o ABSOLUTE
    _printf_lli                              0x00000000   Number         0  stubs.o ABSOLUTE
    _printf_llo                              0x00000000   Number         0  stubs.o ABSOLUTE
    _printf_llu                              0x00000000   Number         0  stubs.o ABSOLUTE
    _printf_llx                              0x00000000   Number         0  stubs.o ABSOLUTE
    _printf_longlong_dec                     0x00000000   Number         0  stubs.o ABSOLUTE
    _printf_longlong_hex                     0x00000000   Number         0  stubs.o ABSOLUTE
    _printf_longlong_oct                     0x00000000   Number         0  stubs.o ABSOLUTE
    _printf_ls                               0x00000000   Number         0  stubs.o ABSOLUTE
    _printf_mbtowc                           0x00000000   Number         0  stubs.o ABSOLUTE
    _printf_n                                0x00000000   Number         0  stubs.o ABSOLUTE
    _printf_o                                0x00000000   Number         0  stubs.o ABSOLUTE
    _printf_p                                0x00000000   Number         0  stubs.o ABSOLUTE
    _printf_percent                          0x00000000   Number         0  stubs.o ABSOLUTE
    _printf_pre_padding                      0x00000000   Number         0  stubs.o ABSOLUTE
    _printf_return_value                     0x00000000   Number         0  stubs.o ABSOLUTE
    _printf_s                                0x00000000   Number         0  stubs.o ABSOLUTE
    _printf_sizespec                         0x00000000   Number         0  stubs.o ABSOLUTE
    _printf_str                              0x00000000   Number         0  stubs.o ABSOLUTE
    _printf_truncate_signed                  0x00000000   Number         0  stubs.o ABSOLUTE
    _printf_truncate_unsigned                0x00000000   Number         0  stubs.o ABSOLUTE
    _printf_u                                0x00000000   Number         0  stubs.o ABSOLUTE
    _printf_wc                               0x00000000   Number         0  stubs.o ABSOLUTE
    _printf_wctomb                           0x00000000   Number         0  stubs.o ABSOLUTE
    _printf_widthprec                        0x00000000   Number         0  stubs.o ABSOLUTE
    _printf_x                                0x00000000   Number         0  stubs.o ABSOLUTE
    __cpp_initialize__aeabi_                  - Undefined Weak Reference
    __cxa_finalize                            - Undefined Weak Reference
    __decompress                              - Undefined Weak Reference
    _clock_init                               - Undefined Weak Reference
    _microlib_exit                            - Undefined Weak Reference
    __Vectors_Size                           0x000000ec   Number         0  startup_stm32f103xb.o ABSOLUTE
    __Vectors                                0x08000000   Data           4  startup_stm32f103xb.o(RESET)
    __Vectors_End                            0x080000ec   Data           0  startup_stm32f103xb.o(RESET)
    __main                                   0x080000ed   Thumb Code     0  entry.o(.ARM.Collect$$$$00000000)
    _main_stk                                0x080000ed   Thumb Code     0  entry2.o(.ARM.Collect$$$$00000001)
    _main_scatterload                        0x080000f1   Thumb Code     0  entry5.o(.ARM.Collect$$$$00000004)
    __main_after_scatterload                 0x080000f5   Thumb Code     0  entry5.o(.ARM.Collect$$$$00000004)
    _main_clock                              0x080000f5   Thumb Code     0  entry7b.o(.ARM.Collect$$$$00000008)
    _main_cpp_init                           0x080000f5   Thumb Code     0  entry8b.o(.ARM.Collect$$$$0000000A)
    _main_init                               0x080000f5   Thumb Code     0  entry9a.o(.ARM.Collect$$$$0000000B)
    __rt_final_cpp                           0x080000fd   Thumb Code     0  entry10a.o(.ARM.Collect$$$$0000000D)
    __rt_final_exit                          0x080000fd   Thumb Code     0  entry11a.o(.ARM.Collect$$$$0000000F)
    MSR_MSP                                  0x08000101   Thumb Code     6  bootloader.o(.emb_text)
    Reset_Handler                            0x08000109   Thumb Code     8  startup_stm32f103xb.o(.text)
    ADC1_2_IRQHandler                        0x08000123   Thumb Code     0  startup_stm32f103xb.o(.text)
    CAN1_RX1_IRQHandler                      0x08000123   Thumb Code     0  startup_stm32f103xb.o(.text)
    CAN1_SCE_IRQHandler                      0x08000123   Thumb Code     0  startup_stm32f103xb.o(.text)
    DMA1_Channel1_IRQHandler                 0x08000123   Thumb Code     0  startup_stm32f103xb.o(.text)
    DMA1_Channel2_IRQHandler                 0x08000123   Thumb Code     0  startup_stm32f103xb.o(.text)
    DMA1_Channel3_IRQHandler                 0x08000123   Thumb Code     0  startup_stm32f103xb.o(.text)
    DMA1_Channel4_IRQHandler                 0x08000123   Thumb Code     0  startup_stm32f103xb.o(.text)
    DMA1_Channel5_IRQHandler                 0x08000123   Thumb Code     0  startup_stm32f103xb.o(.text)
    DMA1_Channel6_IRQHandler                 0x08000123   Thumb Code     0  startup_stm32f103xb.o(.text)
    DMA1_Channel7_IRQHandler                 0x08000123   Thumb Code     0  startup_stm32f103xb.o(.text)
    EXTI0_IRQHandler                         0x08000123   Thumb Code     0  startup_stm32f103xb.o(.text)
    EXTI1_IRQHandler                         0x08000123   Thumb Code     0  startup_stm32f103xb.o(.text)
    EXTI2_IRQHandler                         0x08000123   Thumb Code     0  startup_stm32f103xb.o(.text)
    EXTI3_IRQHandler                         0x08000123   Thumb Code     0  startup_stm32f103xb.o(.text)
    EXTI4_IRQHandler                         0x08000123   Thumb Code     0  startup_stm32f103xb.o(.text)
    EXTI9_5_IRQHandler                       0x08000123   Thumb Code     0  startup_stm32f103xb.o(.text)
    FLASH_IRQHandler                         0x08000123   Thumb Code     0  startup_stm32f103xb.o(.text)
    I2C1_ER_IRQHandler                       0x08000123   Thumb Code     0  startup_stm32f103xb.o(.text)
    I2C1_EV_IRQHandler                       0x08000123   Thumb Code     0  startup_stm32f103xb.o(.text)
    I2C2_ER_IRQHandler                       0x08000123   Thumb Code     0  startup_stm32f103xb.o(.text)
    I2C2_EV_IRQHandler                       0x08000123   Thumb Code     0  startup_stm32f103xb.o(.text)
    PVD_IRQHandler                           0x08000123   Thumb Code     0  startup_stm32f103xb.o(.text)
    RCC_IRQHandler                           0x08000123   Thumb Code     0  startup_stm32f103xb.o(.text)
    RTC_Alarm_IRQHandler                     0x08000123   Thumb Code     0  startup_stm32f103xb.o(.text)
    RTC_IRQHandler                           0x08000123   Thumb Code     0  startup_stm32f103xb.o(.text)
    SPI1_IRQHandler                          0x08000123   Thumb Code     0  startup_stm32f103xb.o(.text)
    SPI2_IRQHandler                          0x08000123   Thumb Code     0  startup_stm32f103xb.o(.text)
    TAMPER_IRQHandler                        0x08000123   Thumb Code     0  startup_stm32f103xb.o(.text)
    TIM1_BRK_IRQHandler                      0x08000123   Thumb Code     0  startup_stm32f103xb.o(.text)
    TIM1_CC_IRQHandler                       0x08000123   Thumb Code     0  startup_stm32f103xb.o(.text)
    TIM1_TRG_COM_IRQHandler                  0x08000123   Thumb Code     0  startup_stm32f103xb.o(.text)
    TIM1_UP_IRQHandler                       0x08000123   Thumb Code     0  startup_stm32f103xb.o(.text)
    TIM3_IRQHandler                          0x08000123   Thumb Code     0  startup_stm32f103xb.o(.text)
    TIM4_IRQHandler                          0x08000123   Thumb Code     0  startup_stm32f103xb.o(.text)
    USART1_IRQHandler                        0x08000123   Thumb Code     0  startup_stm32f103xb.o(.text)
    USART2_IRQHandler                        0x08000123   Thumb Code     0  startup_stm32f103xb.o(.text)
    USART3_IRQHandler                        0x08000123   Thumb Code     0  startup_stm32f103xb.o(.text)
    USBWakeUp_IRQHandler                     0x08000123   Thumb Code     0  startup_stm32f103xb.o(.text)
    USB_HP_CAN1_TX_IRQHandler                0x08000123   Thumb Code     0  startup_stm32f103xb.o(.text)
    USB_LP_CAN1_RX0_IRQHandler               0x08000123   Thumb Code     0  startup_stm32f103xb.o(.text)
    WWDG_IRQHandler                          0x08000123   Thumb Code     0  startup_stm32f103xb.o(.text)
    __aeabi_llsr                             0x0800012d   Thumb Code    32  llushr.o(.text)
    _ll_ushift_r                             0x0800012d   Thumb Code     0  llushr.o(.text)
    __aeabi_memcpy                           0x0800014d   Thumb Code    36  memcpya.o(.text)
    __aeabi_memcpy4                          0x0800014d   Thumb Code     0  memcpya.o(.text)
    __aeabi_memcpy8                          0x0800014d   Thumb Code     0  memcpya.o(.text)
    __aeabi_memset                           0x08000171   Thumb Code    14  memseta.o(.text)
    __aeabi_memset4                          0x08000171   Thumb Code     0  memseta.o(.text)
    __aeabi_memset8                          0x08000171   Thumb Code     0  memseta.o(.text)
    __aeabi_memclr                           0x0800017f   Thumb Code     4  memseta.o(.text)
    __aeabi_memclr4                          0x0800017f   Thumb Code     0  memseta.o(.text)
    __aeabi_memclr8                          0x0800017f   Thumb Code     0  memseta.o(.text)
    _memset$wrapper                          0x08000183   Thumb Code    18  memseta.o(.text)
    strcat                                   0x08000195   Thumb Code    24  strcat.o(.text)
    strstr                                   0x080001ad   Thumb Code    36  strstr.o(.text)
    strncpy                                  0x080001d1   Thumb Code    24  strncpy.o(.text)
    strchr                                   0x080001e9   Thumb Code    20  strchr.o(.text)
    strlen                                   0x080001fd   Thumb Code    14  strlen.o(.text)
    strcpy                                   0x0800020b   Thumb Code    18  strcpy.o(.text)
    atoi                                     0x0800021d   Thumb Code    26  atoi.o(.text)
    __aeabi_uldivmod                         0x08000237   Thumb Code    98  uldiv.o(.text)
    strtol                                   0x08000299   Thumb Code   112  strtol.o(.text)
    __scatterload                            0x08000309   Thumb Code    28  init.o(.text)
    __scatterload_rt2                        0x08000309   Thumb Code     0  init.o(.text)
    __aeabi_llsl                             0x0800032d   Thumb Code    30  llshl.o(.text)
    _ll_shift_l                              0x0800032d   Thumb Code     0  llshl.o(.text)
    __rt_ctype_table                         0x0800034d   Thumb Code     4  ctype_o.o(.text)
    _strtoul                                 0x08000355   Thumb Code   158  _strtoul.o(.text)
    _chval                                   0x080003f3   Thumb Code    28  _chval.o(.text)
    BusFault_Handler                         0x0800040f   Thumb Code     2  stm32f1xx_it.o(i.BusFault_Handler)
    DHCP_init                                0x08000411   Thumb Code   142  dhcp.o(i.DHCP_init)
    DHCP_run                                 0x080004a9   Thumb Code   288  dhcp.o(i.DHCP_run)
    DHCP_stop                                0x080005cd   Thumb Code    16  dhcp.o(i.DHCP_stop)
    DHCP_time_handler                        0x080005e1   Thumb Code    10  dhcp.o(i.DHCP_time_handler)
    DNS_init                                 0x080005f1   Thumb Code    14  dns.o(i.DNS_init)
    DNS_run                                  0x08000605   Thumb Code   152  dns.o(i.DNS_run)
    DNS_time_handler                         0x080006a1   Thumb Code    10  dns.o(i.DNS_time_handler)
    DebugMon_Handler                         0x080006b1   Thumb Code     2  stm32f1xx_it.o(i.DebugMon_Handler)
    EXTI15_10_IRQHandler                     0x080006b3   Thumb Code     8  stm32f1xx_it.o(i.EXTI15_10_IRQHandler)
    Error_Handler                            0x080006bb   Thumb Code     4  main.o(i.Error_Handler)
    FLASH_PageErase                          0x080006e5   Thumb Code    28  stm32f1xx_hal_flash_ex.o(i.FLASH_PageErase)
    FLASH_WaitForLastOperation               0x08000781   Thumb Code    80  stm32f1xx_hal_flash.o(i.FLASH_WaitForLastOperation)
    HAL_FLASHEx_Erase                        0x080007d5   Thumb Code   160  stm32f1xx_hal_flash_ex.o(i.HAL_FLASHEx_Erase)
    HAL_FLASH_Lock                           0x0800087d   Thumb Code    14  stm32f1xx_hal_flash.o(i.HAL_FLASH_Lock)
    HAL_FLASH_Program                        0x08000891   Thumb Code   120  stm32f1xx_hal_flash.o(i.HAL_FLASH_Program)
    HAL_FLASH_Unlock                         0x08000911   Thumb Code    28  stm32f1xx_hal_flash.o(i.HAL_FLASH_Unlock)
    HAL_GPIO_EXTI_Callback                   0x08000939   Thumb Code     2  stm32f1xx_hal_gpio.o(i.HAL_GPIO_EXTI_Callback)
    HAL_GPIO_EXTI_IRQHandler                 0x0800093d   Thumb Code    18  stm32f1xx_hal_gpio.o(i.HAL_GPIO_EXTI_IRQHandler)
    HAL_GPIO_Init                            0x08000955   Thumb Code   446  stm32f1xx_hal_gpio.o(i.HAL_GPIO_Init)
    HAL_GPIO_WritePin                        0x08000b35   Thumb Code    10  stm32f1xx_hal_gpio.o(i.HAL_GPIO_WritePin)
    HAL_GetTick                              0x08000b41   Thumb Code     6  stm32f1xx_hal.o(i.HAL_GetTick)
    HAL_IncTick                              0x08000b4d   Thumb Code    12  stm32f1xx_hal.o(i.HAL_IncTick)
    HAL_Init                                 0x08000b5d   Thumb Code    32  stm32f1xx_hal.o(i.HAL_Init)
    HAL_InitTick                             0x08000b81   Thumb Code    54  stm32f1xx_hal.o(i.HAL_InitTick)
    HAL_MspInit                              0x08000bc1   Thumb Code    52  stm32f1xx_hal_msp.o(i.HAL_MspInit)
    HAL_NVIC_EnableIRQ                       0x08000bfd   Thumb Code    26  stm32f1xx_hal_cortex.o(i.HAL_NVIC_EnableIRQ)
    HAL_NVIC_SetPriority                     0x08000c19   Thumb Code    60  stm32f1xx_hal_cortex.o(i.HAL_NVIC_SetPriority)
    HAL_NVIC_SetPriorityGrouping             0x08000c59   Thumb Code    26  stm32f1xx_hal_cortex.o(i.HAL_NVIC_SetPriorityGrouping)
    HAL_RCC_ClockConfig                      0x08000c7d   Thumb Code   280  stm32f1xx_hal_rcc.o(i.HAL_RCC_ClockConfig)
    HAL_RCC_DeInit                           0x08000da9   Thumb Code   202  stm32f1xx_hal_rcc.o(i.HAL_RCC_DeInit)
    HAL_RCC_GetPCLK1Freq                     0x08000e85   Thumb Code    20  stm32f1xx_hal_rcc.o(i.HAL_RCC_GetPCLK1Freq)
    HAL_RCC_GetPCLK2Freq                     0x08000ea5   Thumb Code    20  stm32f1xx_hal_rcc.o(i.HAL_RCC_GetPCLK2Freq)
    HAL_RCC_GetSysClockFreq                  0x08000ec5   Thumb Code    58  stm32f1xx_hal_rcc.o(i.HAL_RCC_GetSysClockFreq)
    HAL_RCC_OscConfig                        0x08000f11   Thumb Code   778  stm32f1xx_hal_rcc.o(i.HAL_RCC_OscConfig)
    HAL_SPI_Init                             0x08001231   Thumb Code   178  stm32f1xx_hal_spi.o(i.HAL_SPI_Init)
    HAL_SPI_MspInit                          0x080012e5   Thumb Code    98  spi.o(i.HAL_SPI_MspInit)
    HAL_SPI_Receive                          0x08001355   Thumb Code   340  stm32f1xx_hal_spi.o(i.HAL_SPI_Receive)
    HAL_SPI_Transmit                         0x080014a9   Thumb Code   358  stm32f1xx_hal_spi.o(i.HAL_SPI_Transmit)
    HAL_SPI_TransmitReceive                  0x0800160f   Thumb Code   496  stm32f1xx_hal_spi.o(i.HAL_SPI_TransmitReceive)
    HAL_SYSTICK_Config                       0x080017ff   Thumb Code    40  stm32f1xx_hal_cortex.o(i.HAL_SYSTICK_Config)
    HAL_TIMEx_BreakCallback                  0x08001827   Thumb Code     2  stm32f1xx_hal_tim_ex.o(i.HAL_TIMEx_BreakCallback)
    HAL_TIMEx_CommutCallback                 0x08001829   Thumb Code     2  stm32f1xx_hal_tim_ex.o(i.HAL_TIMEx_CommutCallback)
    HAL_TIMEx_MasterConfigSynchronization    0x0800182d   Thumb Code    92  stm32f1xx_hal_tim_ex.o(i.HAL_TIMEx_MasterConfigSynchronization)
    HAL_TIM_Base_Init                        0x08001895   Thumb Code    90  stm32f1xx_hal_tim.o(i.HAL_TIM_Base_Init)
    HAL_TIM_Base_MspInit                     0x080018f1   Thumb Code    50  tim.o(i.HAL_TIM_Base_MspInit)
    HAL_TIM_Base_Start_IT                    0x08001929   Thumb Code    76  stm32f1xx_hal_tim.o(i.HAL_TIM_Base_Start_IT)
    HAL_TIM_ConfigClockSource                0x08001981   Thumb Code   220  stm32f1xx_hal_tim.o(i.HAL_TIM_ConfigClockSource)
    HAL_TIM_IC_CaptureCallback               0x08001a5d   Thumb Code     2  stm32f1xx_hal_tim.o(i.HAL_TIM_IC_CaptureCallback)
    HAL_TIM_IRQHandler                       0x08001a5f   Thumb Code   304  stm32f1xx_hal_tim.o(i.HAL_TIM_IRQHandler)
    HAL_TIM_OC_DelayElapsedCallback          0x08001b8f   Thumb Code     2  stm32f1xx_hal_tim.o(i.HAL_TIM_OC_DelayElapsedCallback)
    HAL_TIM_PWM_PulseFinishedCallback        0x08001b91   Thumb Code     2  stm32f1xx_hal_tim.o(i.HAL_TIM_PWM_PulseFinishedCallback)
    HAL_TIM_PeriodElapsedCallback            0x08001b93   Thumb Code    14  wiz_platform.o(i.HAL_TIM_PeriodElapsedCallback)
    HAL_TIM_TriggerCallback                  0x08001ba1   Thumb Code     2  stm32f1xx_hal_tim.o(i.HAL_TIM_TriggerCallback)
    HAL_UART_Init                            0x08001ba3   Thumb Code   100  stm32f1xx_hal_uart.o(i.HAL_UART_Init)
    HAL_UART_MspInit                         0x08001c09   Thumb Code   100  usart.o(i.HAL_UART_MspInit)
    HAL_UART_Transmit                        0x08001c79   Thumb Code   160  stm32f1xx_hal_uart.o(i.HAL_UART_Transmit)
    HTTP_GetPkt                              0x08001d19   Thumb Code    42  httpclient.o(i.HTTP_GetPkt)
    HardFault_Handler                        0x08001d8d   Thumb Code     2  stm32f1xx_it.o(i.HardFault_Handler)
    MX_GPIO_Init                             0x08001d91   Thumb Code   238  gpio.o(i.MX_GPIO_Init)
    MX_SPI1_Init                             0x08001e95   Thumb Code    62  spi.o(i.MX_SPI1_Init)
    MX_TIM2_Init                             0x08001edd   Thumb Code    96  tim.o(i.MX_TIM2_Init)
    MX_USART1_UART_Init                      0x08001f41   Thumb Code    48  usart.o(i.MX_USART1_UART_Init)
    MemManage_Handler                        0x08001f79   Thumb Code     2  stm32f1xx_it.o(i.MemManage_Handler)
    NMI_Handler                              0x08001f7b   Thumb Code     2  stm32f1xx_it.o(i.NMI_Handler)
    NibbleToHex                              0x08001f7d   Thumb Code    16  dhcp.o(i.NibbleToHex)
    PendSV_Handler                           0x08001f8d   Thumb Code     2  stm32f1xx_it.o(i.PendSV_Handler)
    SVC_Handler                              0x080020d9   Thumb Code     2  stm32f1xx_it.o(i.SVC_Handler)
    SysTick_Handler                          0x080020db   Thumb Code     4  stm32f1xx_it.o(i.SysTick_Handler)
    SystemClock_Config                       0x080020df   Thumb Code    94  main.o(i.SystemClock_Config)
    SystemInit                               0x0800213d   Thumb Code    10  system_stm32f1xx.o(i.SystemInit)
    TIM2_IRQHandler                          0x0800214d   Thumb Code     6  stm32f1xx_it.o(i.TIM2_IRQHandler)
    TIM_Base_SetConfig                       0x08002159   Thumb Code   108  stm32f1xx_hal_tim.o(i.TIM_Base_SetConfig)
    TIM_ETR_SetConfig                        0x080021d1   Thumb Code    20  stm32f1xx_hal_tim.o(i.TIM_ETR_SetConfig)
    UsageFault_Handler                       0x080023b3   Thumb Code     2  stm32f1xx_it.o(i.UsageFault_Handler)
    WIZCHIP_READ                             0x080023b5   Thumb Code    84  w5500.o(i.WIZCHIP_READ)
    WIZCHIP_READ_BUF                         0x0800240d   Thumb Code   112  w5500.o(i.WIZCHIP_READ_BUF)
    WIZCHIP_WRITE                            0x08002481   Thumb Code    90  w5500.o(i.WIZCHIP_WRITE)
    WIZCHIP_WRITE_BUF                        0x080024e1   Thumb Code   108  w5500.o(i.WIZCHIP_WRITE_BUF)
    __0printf$8                              0x08002551   Thumb Code    22  printf8.o(i.__0printf$8)
    __1printf$8                              0x08002551   Thumb Code     0  printf8.o(i.__0printf$8)
    __2printf                                0x08002551   Thumb Code     0  printf8.o(i.__0printf$8)
    __aeabi_errno_addr                       0x08002591   Thumb Code     4  errno.o(i.__aeabi_errno_addr)
    __rt_errno_addr                          0x08002591   Thumb Code     0  errno.o(i.__aeabi_errno_addr)
    __scatterload_copy                       0x08002599   Thumb Code    14  handlers.o(i.__scatterload_copy)
    __scatterload_null                       0x080025a7   Thumb Code     2  handlers.o(i.__scatterload_null)
    __scatterload_zeroinit                   0x080025a9   Thumb Code    14  handlers.o(i.__scatterload_zeroinit)
    check_DHCP_leasedIP                      0x08002a1d   Thumb Code    78  dhcp.o(i.check_DHCP_leasedIP)
    check_DHCP_timeout                       0x08002a85   Thumb Code   106  dhcp.o(i.check_DHCP_timeout)
    check_DNS_timeout                        0x08002af5   Thumb Code    36  dns.o(i.check_DNS_timeout)
    close                                    0x08002b1d   Thumb Code   108  socket.o(i.close)
    connect                                  0x08002b91   Thumb Code   258  socket.o(i.connect)
    ctlwizchip                               0x08002c99   Thumb Code   230  wizchip_conf.o(i.ctlwizchip)
    default_ip_assign                        0x08002d85   Thumb Code    44  dhcp.o(i.default_ip_assign)
    default_ip_conflict                      0x08002db5   Thumb Code    32  dhcp.o(i.default_ip_conflict)
    default_ip_update                        0x08002dd9   Thumb Code    36  dhcp.o(i.default_ip_update)
    dns_answer                               0x08002e01   Thumb Code   174  dns.o(i.dns_answer)
    dns_makequery                            0x08002eb1   Thumb Code   176  dns.o(i.dns_makequery)
    dns_question                             0x08002f65   Thumb Code    30  dns.o(i.dns_question)
    do_dns                                   0x08002f85   Thumb Code   112  do_dns.o(i.do_dns)
    do_http_client                           0x0800302d   Thumb Code   250  httpclient.o(i.do_http_client)
    fputc                                    0x08003185   Thumb Code    20  wiz_platform.o(i.fputc)
    free                                     0x0800319d   Thumb Code    76  malloc.o(i.free)
    get16                                    0x080031ed   Thumb Code    12  dns.o(i.get16)
    getDNSfromDHCP                           0x080031f9   Thumb Code    20  dhcp.o(i.getDNSfromDHCP)
    getGWfromDHCP                            0x08003211   Thumb Code    20  dhcp.o(i.getGWfromDHCP)
    getIPfromDHCP                            0x08003229   Thumb Code    20  dhcp.o(i.getIPfromDHCP)
    getSNfromDHCP                            0x08003241   Thumb Code    20  dhcp.o(i.getSNfromDHCP)
    getSn_RX_RSR                             0x08003259   Thumb Code    76  w5500.o(i.getSn_RX_RSR)
    getSn_TX_FSR                             0x080032a5   Thumb Code    76  w5500.o(i.getSn_TX_FSR)
    get_content_length                       0x080032f1   Thumb Code    24  httpclient.o(i.get_content_length)
    iap_load_app                             0x0800331d   Thumb Code    64  bootloader.o(i.iap_load_app)
    main                                     0x08003391   Thumb Code    34  main.o(i.main)
    makeDHCPMSG                              0x080033b5   Thumb Code   202  dhcp.o(i.makeDHCPMSG)
    malloc                                   0x08003485   Thumb Code    92  malloc.o(i.malloc)
    network_init                             0x080034f1   Thumb Code    46  wiz_interface.o(i.network_init)
    parseDHCPMSG                             0x08003521   Thumb Code   436  dhcp.o(i.parseDHCPMSG)
    parseDNSMSG                              0x080036d9   Thumb Code   214  dns.o(i.parseDNSMSG)
    parse_name                               0x080037b1   Thumb Code   114  dns.o(i.parse_name)
    print_network_information                0x08003825   Thumb Code   182  wiz_interface.o(i.print_network_information)
    put16                                    0x080039ed   Thumb Code    12  dns.o(i.put16)
    recv                                     0x080039f9   Thumb Code   224  socket.o(i.recv)
    recvfrom                                 0x08003add   Thumb Code   524  socket.o(i.recvfrom)
    reg_wizchip_cs_cbfunc                    0x08003cf1   Thumb Code    22  wizchip_conf.o(i.reg_wizchip_cs_cbfunc)
    reg_wizchip_spi_cbfunc                   0x08003d15   Thumb Code    30  wizchip_conf.o(i.reg_wizchip_spi_cbfunc)
    reg_wizchip_spiburst_cbfunc              0x08003d41   Thumb Code    30  wizchip_conf.o(i.reg_wizchip_spiburst_cbfunc)
    reset_DHCP_timeout                       0x08003d6d   Thumb Code    14  dhcp.o(i.reset_DHCP_timeout)
    send                                     0x08003d81   Thumb Code   278  socket.o(i.send)
    send_DHCP_DECLINE                        0x08003e9d   Thumb Code   250  dhcp.o(i.send_DHCP_DECLINE)
    send_DHCP_DISCOVER                       0x08003f9d   Thumb Code   466  dhcp.o(i.send_DHCP_DISCOVER)
    send_DHCP_REQUEST                        0x08004175   Thumb Code   650  dhcp.o(i.send_DHCP_REQUEST)
    sendto                                   0x08004405   Thumb Code   378  socket.o(i.sendto)
    socket                                   0x08004585   Thumb Code   276  socket.o(i.socket)
    user_run                                 0x080046a1   Thumb Code    86  user_main.o(i.user_run)
    wiz_add_timer                            0x0800476d   Thumb Code    58  wiz_interface.o(i.wiz_add_timer)
    wiz_delete_timer                         0x080047c9   Thumb Code    54  wiz_interface.o(i.wiz_delete_timer)
    wiz_phy_link_check                       0x080048c9   Thumb Code    58  wiz_interface.o(i.wiz_phy_link_check)
    wiz_print_phy_info                       0x08004921   Thumb Code    48  wiz_interface.o(i.wiz_print_phy_info)
    wiz_recv_data                            0x080049ad   Thumb Code    96  w5500.o(i.wiz_recv_data)
    wiz_recv_ignore                          0x08004a0d   Thumb Code    66  w5500.o(i.wiz_recv_ignore)
    wiz_send_data                            0x08004a4f   Thumb Code    96  w5500.o(i.wiz_send_data)
    wiz_tim_irq_enable                       0x08004ab1   Thumb Code     6  wiz_platform.o(i.wiz_tim_irq_enable)
    wiz_timer_handler                        0x08004abd   Thumb Code    42  wiz_interface.o(i.wiz_timer_handler)
    wiz_user_delay_ms                        0x08004aed   Thumb Code    14  wiz_interface.o(i.wiz_user_delay_ms)
    wizchip_bus_readdata                     0x08004b01   Thumb Code     4  wizchip_conf.o(i.wizchip_bus_readdata)
    wizchip_bus_writedata                    0x08004b05   Thumb Code     4  wizchip_conf.o(i.wizchip_bus_writedata)
    wizchip_clrinterrupt                     0x08004b09   Thumb Code    58  wizchip_conf.o(i.wizchip_clrinterrupt)
    wizchip_cris_enter                       0x08004b43   Thumb Code     2  wizchip_conf.o(i.wizchip_cris_enter)
    wizchip_cris_exit                        0x08004b45   Thumb Code     2  wizchip_conf.o(i.wizchip_cris_exit)
    wizchip_cs_deselect                      0x08004b47   Thumb Code     2  wizchip_conf.o(i.wizchip_cs_deselect)
    wizchip_cs_select                        0x08004b49   Thumb Code     2  wizchip_conf.o(i.wizchip_cs_select)
    wizchip_deselect                         0x08004b4d   Thumb Code    10  wiz_platform.o(i.wizchip_deselect)
    wizchip_getinterrupt                     0x08004b5d   Thumb Code    30  wizchip_conf.o(i.wizchip_getinterrupt)
    wizchip_getinterruptmask                 0x08004b7b   Thumb Code    28  wizchip_conf.o(i.wizchip_getinterruptmask)
    wizchip_getnetinfo                       0x08004b99   Thumb Code    82  wizchip_conf.o(i.wizchip_getnetinfo)
    wizchip_init                             0x08004bf1   Thumb Code   122  wizchip_conf.o(i.wizchip_init)
    wizchip_initialize                       0x08004c6b   Thumb Code    26  wiz_interface.o(i.wizchip_initialize)
    wizchip_read_buff                        0x08004c85   Thumb Code    14  wiz_platform.o(i.wizchip_read_buff)
    wizchip_read_byte                        0x08004c99   Thumb Code    22  wiz_platform.o(i.wizchip_read_byte)
    wizchip_reset                            0x08004cb5   Thumb Code    58  wiz_platform.o(i.wizchip_reset)
    wizchip_select                           0x08004cf5   Thumb Code    10  wiz_platform.o(i.wizchip_select)
    wizchip_setinterruptmask                 0x08004d05   Thumb Code    28  wizchip_conf.o(i.wizchip_setinterruptmask)
    wizchip_setnetinfo                       0x08004d21   Thumb Code    82  wizchip_conf.o(i.wizchip_setnetinfo)
    wizchip_spi_cb_reg                       0x08004d79   Thumb Code    30  wiz_platform.o(i.wizchip_spi_cb_reg)
    wizchip_spi_readburst                    0x08004db1   Thumb Code     2  wizchip_conf.o(i.wizchip_spi_readburst)
    wizchip_spi_readbyte                     0x08004db3   Thumb Code     4  wizchip_conf.o(i.wizchip_spi_readbyte)
    wizchip_spi_writeburst                   0x08004db7   Thumb Code     2  wizchip_conf.o(i.wizchip_spi_writeburst)
    wizchip_spi_writebyte                    0x08004db9   Thumb Code     2  wizchip_conf.o(i.wizchip_spi_writebyte)
    wizchip_sw_reset                         0x08004dbb   Thumb Code   116  wizchip_conf.o(i.wizchip_sw_reset)
    wizchip_version_check                    0x08004e31   Thumb Code    56  wiz_interface.o(i.wizchip_version_check)
    wizchip_write_buff                       0x08004e6d   Thumb Code    14  wiz_platform.o(i.wizchip_write_buff)
    wizchip_write_byte                       0x08004e81   Thumb Code    18  wiz_platform.o(i.wizchip_write_byte)
    wizphy_getphyconf                        0x08004e99   Thumb Code    78  wizchip_conf.o(i.wizphy_getphyconf)
    wizphy_getphylink                        0x08004ee7   Thumb Code    22  wizchip_conf.o(i.wizphy_getphylink)
    wizphy_getphypmode                       0x08004efd   Thumb Code    26  wizchip_conf.o(i.wizphy_getphypmode)
    wizphy_reset                             0x08004f17   Thumb Code    42  wizchip_conf.o(i.wizphy_reset)
    wizphy_setphyconf                        0x08004f41   Thumb Code    74  wizchip_conf.o(i.wizphy_setphyconf)
    wizphy_setphypmode                       0x08004f8b   Thumb Code    80  wizchip_conf.o(i.wizphy_setphypmode)
    write_to_flash                           0x08004fdd   Thumb Code   162  httpclient.o(i.write_to_flash)
    AHBPrescTable                            0x0800510a   Data          16  system_stm32f1xx.o(.constdata)
    APBPrescTable                            0x0800511a   Data           8  system_stm32f1xx.o(.constdata)
    __ctype_table                            0x08005122   Data         129  ctype_o.o(.constdata)
    Region$$Table$$Base                      0x0800531c   Number         0  anon$$obj.o(Region$$Table)
    Region$$Table$$Limit                     0x0800533c   Number         0  anon$$obj.o(Region$$Table)
    uwTickFreq                               0x20000000   Data           1  stm32f1xx_hal.o(.data)
    uwTickPrio                               0x20000004   Data           4  stm32f1xx_hal.o(.data)
    uwTick                                   0x20000008   Data           4  stm32f1xx_hal.o(.data)
    SystemCoreClock                          0x2000000c   Data           4  system_stm32f1xx.o(.data)
    sock_pack_info                           0x20000016   Data           8  socket.o(.data)
    WIZCHIP                                  0x20000028   Data          44  wizchip_conf.o(.data)
    dhcp_state                               0x20000054   Data           1  dhcp.o(.data)
    dhcp_retry_count                         0x20000055   Data           1  dhcp.o(.data)
    DHCP_SOCKET                              0x20000056   Data           1  dhcp.o(.data)
    OLD_allocated_ip                         0x20000057   Data           4  dhcp.o(.data)
    DHCP_allocated_ip                        0x2000005b   Data           4  dhcp.o(.data)
    DHCP_allocated_gw                        0x2000005f   Data           4  dhcp.o(.data)
    DHCP_allocated_sn                        0x20000063   Data           4  dhcp.o(.data)
    DHCP_allocated_dns                       0x20000067   Data           4  dhcp.o(.data)
    dhcp_lease_time                          0x2000006c   Data           4  dhcp.o(.data)
    dhcp_tick_1s                             0x20000070   Data           4  dhcp.o(.data)
    dhcp_tick_next                           0x20000074   Data           4  dhcp.o(.data)
    dhcp_ip_assign                           0x20000078   Data           4  dhcp.o(.data)
    dhcp_ip_update                           0x2000007c   Data           4  dhcp.o(.data)
    dhcp_ip_conflict                         0x20000080   Data           4  dhcp.o(.data)
    DHCP_SIP                                 0x20000084   Data           4  dhcp.o(.data)
    DHCP_REAL_SIP                            0x20000088   Data           4  dhcp.o(.data)
    DHCP_XID                                 0x2000008c   Data           4  dhcp.o(.data)
    pDHCPMSG                                 0x20000090   Data           4  dhcp.o(.data)
    DHCP_CHADDR                              0x20000094   Data           6  dhcp.o(.data)
    HOST_NAME                                0x2000009a   Data           8  dhcp.o(.data)
    DNS_SOCKET                               0x200000a4   Data           1  dns.o(.data)
    DNS_MSGID                                0x200000a6   Data           2  dns.o(.data)
    pDNSMSG                                  0x200000a8   Data           4  dns.o(.data)
    dns_1s_tick                              0x200000ac   Data           4  dns.o(.data)
    org_port                                 0x200000b0   Data           1  user_main.o(.data)
    org_server_ip                            0x200000b1   Data           4  user_main.o(.data)
    default_net_info                         0x200000b5   Data          23  user_main.o(.data)
    org_server_name                          0x200000cc   Data          16  user_main.o(.data)
    wiz_timer_head                           0x200000dc   Data           4  wiz_interface.o(.data)
    wiz_delay_ms_count                       0x200000e0   Data           4  wiz_interface.o(.data)
    flag                                     0x200000e4   Data           1  httpclient.o(.data)
    content_length                           0x200000e8   Data           4  httpclient.o(.data)
    received_length                          0x200000ec   Data           4  httpclient.o(.data)
    __stdout                                 0x200000f4   Data           4  stdout.o(.data)
    __microlib_freelist                      0x200000f8   Data           4  mvars.o(.data)
    __microlib_freelist_initialised          0x200000fc   Data           4  mvars.o(.data)
    hspi1                                    0x20000104   Data          88  spi.o(.bss)
    htim2                                    0x2000015c   Data          72  tim.o(.bss)
    huart1                                   0x200001a4   Data          72  usart.o(.bss)
    pFlash                                   0x200001f0   Data          32  stm32f1xx_hal_flash.o(.bss)
    __heap_base                              0x20000a20   Data           0  startup_stm32f103xb.o(HEAP)
    __heap_limit                             0x20000c20   Data           0  startup_stm32f103xb.o(HEAP)
    __initial_sp                             0x20001020   Data           0  startup_stm32f103xb.o(STACK)



==============================================================================

Memory Map of the image

  Image Entry point : 0x080000ed

  Load Region LR_IROM1 (Base: 0x08000000, Size: 0x00005440, Max: 0x00006000, ABSOLUTE)

    Execution Region ER_IROM1 (Exec base: 0x08000000, Load base: 0x08000000, Size: 0x0000533c, Max: 0x00006000, ABSOLUTE)

    Exec Addr    Load Addr    Size         Type   Attr      Idx    E Section Name        Object

    0x08000000   0x08000000   0x000000ec   Data   RO            3    RESET               startup_stm32f103xb.o
    0x080000ec   0x080000ec   0x00000000   Code   RO         4087  * .ARM.Collect$$$$00000000  mc_w.l(entry.o)
    0x080000ec   0x080000ec   0x00000004   Code   RO         4401    .ARM.Collect$$$$00000001  mc_w.l(entry2.o)
    0x080000f0   0x080000f0   0x00000004   Code   RO         4404    .ARM.Collect$$$$00000004  mc_w.l(entry5.o)
    0x080000f4   0x080000f4   0x00000000   Code   RO         4406    .ARM.Collect$$$$00000008  mc_w.l(entry7b.o)
    0x080000f4   0x080000f4   0x00000000   Code   RO         4408    .ARM.Collect$$$$0000000A  mc_w.l(entry8b.o)
    0x080000f4   0x080000f4   0x00000008   Code   RO         4409    .ARM.Collect$$$$0000000B  mc_w.l(entry9a.o)
    0x080000fc   0x080000fc   0x00000000   Code   RO         4411    .ARM.Collect$$$$0000000D  mc_w.l(entry10a.o)
    0x080000fc   0x080000fc   0x00000000   Code   RO         4413    .ARM.Collect$$$$0000000F  mc_w.l(entry11a.o)
    0x080000fc   0x080000fc   0x00000004   Code   RO         4402    .ARM.Collect$$$$00002712  mc_w.l(entry2.o)
    0x08000100   0x08000100   0x00000006   Code   RO         4050    .emb_text           bootloader.o
    0x08000106   0x08000106   0x00000002   PAD
    0x08000108   0x08000108   0x00000024   Code   RO            4    .text               startup_stm32f103xb.o
    0x0800012c   0x0800012c   0x00000020   Code   RO         4090    .text               mc_w.l(llushr.o)
    0x0800014c   0x0800014c   0x00000024   Code   RO         4092    .text               mc_w.l(memcpya.o)
    0x08000170   0x08000170   0x00000024   Code   RO         4094    .text               mc_w.l(memseta.o)
    0x08000194   0x08000194   0x00000018   Code   RO         4096    .text               mc_w.l(strcat.o)
    0x080001ac   0x080001ac   0x00000024   Code   RO         4098    .text               mc_w.l(strstr.o)
    0x080001d0   0x080001d0   0x00000018   Code   RO         4100    .text               mc_w.l(strncpy.o)
    0x080001e8   0x080001e8   0x00000014   Code   RO         4102    .text               mc_w.l(strchr.o)
    0x080001fc   0x080001fc   0x0000000e   Code   RO         4104    .text               mc_w.l(strlen.o)
    0x0800020a   0x0800020a   0x00000012   Code   RO         4106    .text               mc_w.l(strcpy.o)
    0x0800021c   0x0800021c   0x0000001a   Code   RO         4399    .text               mc_w.l(atoi.o)
    0x08000236   0x08000236   0x00000062   Code   RO         4418    .text               mc_w.l(uldiv.o)
    0x08000298   0x08000298   0x00000070   Code   RO         4429    .text               mc_w.l(strtol.o)
    0x08000308   0x08000308   0x00000024   Code   RO         4442    .text               mc_w.l(init.o)
    0x0800032c   0x0800032c   0x0000001e   Code   RO         4444    .text               mc_w.l(llshl.o)
    0x0800034a   0x0800034a   0x00000002   PAD
    0x0800034c   0x0800034c   0x00000008   Code   RO         4448    .text               mc_w.l(ctype_o.o)
    0x08000354   0x08000354   0x0000009e   Code   RO         4476    .text               mc_w.l(_strtoul.o)
    0x080003f2   0x080003f2   0x0000001c   Code   RO         4480    .text               mc_w.l(_chval.o)
    0x0800040e   0x0800040e   0x00000002   Code   RO          311    i.BusFault_Handler  stm32f1xx_it.o
    0x08000410   0x08000410   0x00000098   Code   RO         3545    i.DHCP_init         dhcp.o
    0x080004a8   0x080004a8   0x00000124   Code   RO         3546    i.DHCP_run          dhcp.o
    0x080005cc   0x080005cc   0x00000014   Code   RO         3547    i.DHCP_stop         dhcp.o
    0x080005e0   0x080005e0   0x00000010   Code   RO         3548    i.DHCP_time_handler  dhcp.o
    0x080005f0   0x080005f0   0x00000014   Code   RO         3687    i.DNS_init          dns.o
    0x08000604   0x08000604   0x0000009c   Code   RO         3688    i.DNS_run           dns.o
    0x080006a0   0x080006a0   0x00000010   Code   RO         3689    i.DNS_time_handler  dns.o
    0x080006b0   0x080006b0   0x00000002   Code   RO          312    i.DebugMon_Handler  stm32f1xx_it.o
    0x080006b2   0x080006b2   0x00000008   Code   RO          313    i.EXTI15_10_IRQHandler  stm32f1xx_it.o
    0x080006ba   0x080006ba   0x00000004   Code   RO           13    i.Error_Handler     main.o
    0x080006be   0x080006be   0x00000002   PAD
    0x080006c0   0x080006c0   0x00000024   Code   RO         1601    i.FLASH_MassErase   stm32f1xx_hal_flash_ex.o
    0x080006e4   0x080006e4   0x00000024   Code   RO         1606    i.FLASH_PageErase   stm32f1xx_hal_flash_ex.o
    0x08000708   0x08000708   0x0000001c   Code   RO         1498    i.FLASH_Program_HalfWord  stm32f1xx_hal_flash.o
    0x08000724   0x08000724   0x0000005c   Code   RO         1499    i.FLASH_SetErrorCode  stm32f1xx_hal_flash.o
    0x08000780   0x08000780   0x00000054   Code   RO         1500    i.FLASH_WaitForLastOperation  stm32f1xx_hal_flash.o
    0x080007d4   0x080007d4   0x000000a8   Code   RO         1607    i.HAL_FLASHEx_Erase  stm32f1xx_hal_flash_ex.o
    0x0800087c   0x0800087c   0x00000014   Code   RO         1504    i.HAL_FLASH_Lock    stm32f1xx_hal_flash.o
    0x08000890   0x08000890   0x00000080   Code   RO         1509    i.HAL_FLASH_Program  stm32f1xx_hal_flash.o
    0x08000910   0x08000910   0x00000028   Code   RO         1511    i.HAL_FLASH_Unlock  stm32f1xx_hal_flash.o
    0x08000938   0x08000938   0x00000002   Code   RO         1096    i.HAL_GPIO_EXTI_Callback  stm32f1xx_hal_gpio.o
    0x0800093a   0x0800093a   0x00000002   PAD
    0x0800093c   0x0800093c   0x00000018   Code   RO         1097    i.HAL_GPIO_EXTI_IRQHandler  stm32f1xx_hal_gpio.o
    0x08000954   0x08000954   0x000001e0   Code   RO         1098    i.HAL_GPIO_Init     stm32f1xx_hal_gpio.o
    0x08000b34   0x08000b34   0x0000000a   Code   RO         1102    i.HAL_GPIO_WritePin  stm32f1xx_hal_gpio.o
    0x08000b3e   0x08000b3e   0x00000002   PAD
    0x08000b40   0x08000b40   0x0000000c   Code   RO          792    i.HAL_GetTick       stm32f1xx_hal.o
    0x08000b4c   0x08000b4c   0x00000010   Code   RO          798    i.HAL_IncTick       stm32f1xx_hal.o
    0x08000b5c   0x08000b5c   0x00000024   Code   RO          799    i.HAL_Init          stm32f1xx_hal.o
    0x08000b80   0x08000b80   0x00000040   Code   RO          800    i.HAL_InitTick      stm32f1xx_hal.o
    0x08000bc0   0x08000bc0   0x0000003c   Code   RO          399    i.HAL_MspInit       stm32f1xx_hal_msp.o
    0x08000bfc   0x08000bfc   0x0000001a   Code   RO         1258    i.HAL_NVIC_EnableIRQ  stm32f1xx_hal_cortex.o
    0x08000c16   0x08000c16   0x00000002   PAD
    0x08000c18   0x08000c18   0x00000040   Code   RO         1264    i.HAL_NVIC_SetPriority  stm32f1xx_hal_cortex.o
    0x08000c58   0x08000c58   0x00000024   Code   RO         1265    i.HAL_NVIC_SetPriorityGrouping  stm32f1xx_hal_cortex.o
    0x08000c7c   0x08000c7c   0x0000012c   Code   RO          956    i.HAL_RCC_ClockConfig  stm32f1xx_hal_rcc.o
    0x08000da8   0x08000da8   0x000000dc   Code   RO          957    i.HAL_RCC_DeInit    stm32f1xx_hal_rcc.o
    0x08000e84   0x08000e84   0x00000020   Code   RO          963    i.HAL_RCC_GetPCLK1Freq  stm32f1xx_hal_rcc.o
    0x08000ea4   0x08000ea4   0x00000020   Code   RO          964    i.HAL_RCC_GetPCLK2Freq  stm32f1xx_hal_rcc.o
    0x08000ec4   0x08000ec4   0x0000004c   Code   RO          965    i.HAL_RCC_GetSysClockFreq  stm32f1xx_hal_rcc.o
    0x08000f10   0x08000f10   0x00000320   Code   RO          968    i.HAL_RCC_OscConfig  stm32f1xx_hal_rcc.o
    0x08001230   0x08001230   0x000000b2   Code   RO          470    i.HAL_SPI_Init      stm32f1xx_hal_spi.o
    0x080012e2   0x080012e2   0x00000002   PAD
    0x080012e4   0x080012e4   0x00000070   Code   RO          186    i.HAL_SPI_MspInit   spi.o
    0x08001354   0x08001354   0x00000154   Code   RO          473    i.HAL_SPI_Receive   stm32f1xx_hal_spi.o
    0x080014a8   0x080014a8   0x00000166   Code   RO          478    i.HAL_SPI_Transmit  stm32f1xx_hal_spi.o
    0x0800160e   0x0800160e   0x000001f0   Code   RO          479    i.HAL_SPI_TransmitReceive  stm32f1xx_hal_spi.o
    0x080017fe   0x080017fe   0x00000028   Code   RO         1269    i.HAL_SYSTICK_Config  stm32f1xx_hal_cortex.o
    0x08001826   0x08001826   0x00000002   Code   RO         2464    i.HAL_TIMEx_BreakCallback  stm32f1xx_hal_tim_ex.o
    0x08001828   0x08001828   0x00000002   Code   RO         2465    i.HAL_TIMEx_CommutCallback  stm32f1xx_hal_tim_ex.o
    0x0800182a   0x0800182a   0x00000002   PAD
    0x0800182c   0x0800182c   0x00000068   Code   RO         2483    i.HAL_TIMEx_MasterConfigSynchronization  stm32f1xx_hal_tim_ex.o
    0x08001894   0x08001894   0x0000005a   Code   RO         1760    i.HAL_TIM_Base_Init  stm32f1xx_hal_tim.o
    0x080018ee   0x080018ee   0x00000002   PAD
    0x080018f0   0x080018f0   0x00000038   Code   RO          228    i.HAL_TIM_Base_MspInit  tim.o
    0x08001928   0x08001928   0x00000058   Code   RO         1765    i.HAL_TIM_Base_Start_IT  stm32f1xx_hal_tim.o
    0x08001980   0x08001980   0x000000dc   Code   RO         1769    i.HAL_TIM_ConfigClockSource  stm32f1xx_hal_tim.o
    0x08001a5c   0x08001a5c   0x00000002   Code   RO         1794    i.HAL_TIM_IC_CaptureCallback  stm32f1xx_hal_tim.o
    0x08001a5e   0x08001a5e   0x00000130   Code   RO         1808    i.HAL_TIM_IRQHandler  stm32f1xx_hal_tim.o
    0x08001b8e   0x08001b8e   0x00000002   Code   RO         1811    i.HAL_TIM_OC_DelayElapsedCallback  stm32f1xx_hal_tim.o
    0x08001b90   0x08001b90   0x00000002   Code   RO         1838    i.HAL_TIM_PWM_PulseFinishedCallback  stm32f1xx_hal_tim.o
    0x08001b92   0x08001b92   0x0000000e   Code   RO         3887    i.HAL_TIM_PeriodElapsedCallback  wiz_platform.o
    0x08001ba0   0x08001ba0   0x00000002   Code   RO         1851    i.HAL_TIM_TriggerCallback  stm32f1xx_hal_tim.o
    0x08001ba2   0x08001ba2   0x00000064   Code   RO         2761    i.HAL_UART_Init     stm32f1xx_hal_uart.o
    0x08001c06   0x08001c06   0x00000002   PAD
    0x08001c08   0x08001c08   0x00000070   Code   RO          270    i.HAL_UART_MspInit  usart.o
    0x08001c78   0x08001c78   0x000000a0   Code   RO         2769    i.HAL_UART_Transmit  stm32f1xx_hal_uart.o
    0x08001d18   0x08001d18   0x00000074   Code   RO         3997    i.HTTP_GetPkt       httpclient.o
    0x08001d8c   0x08001d8c   0x00000002   Code   RO          314    i.HardFault_Handler  stm32f1xx_it.o
    0x08001d8e   0x08001d8e   0x00000002   PAD
    0x08001d90   0x08001d90   0x00000104   Code   RO          161    i.MX_GPIO_Init      gpio.o
    0x08001e94   0x08001e94   0x00000048   Code   RO          187    i.MX_SPI1_Init      spi.o
    0x08001edc   0x08001edc   0x00000064   Code   RO          229    i.MX_TIM2_Init      tim.o
    0x08001f40   0x08001f40   0x00000038   Code   RO          271    i.MX_USART1_UART_Init  usart.o
    0x08001f78   0x08001f78   0x00000002   Code   RO          315    i.MemManage_Handler  stm32f1xx_it.o
    0x08001f7a   0x08001f7a   0x00000002   Code   RO          316    i.NMI_Handler       stm32f1xx_it.o
    0x08001f7c   0x08001f7c   0x00000010   Code   RO         3549    i.NibbleToHex       dhcp.o
    0x08001f8c   0x08001f8c   0x00000002   Code   RO          317    i.PendSV_Handler    stm32f1xx_it.o
    0x08001f8e   0x08001f8e   0x0000005c   Code   RO          507    i.SPI_EndRxTransaction  stm32f1xx_hal_spi.o
    0x08001fea   0x08001fea   0x00000034   Code   RO          508    i.SPI_EndRxTxTransaction  stm32f1xx_hal_spi.o
    0x0800201e   0x0800201e   0x00000002   PAD
    0x08002020   0x08002020   0x000000b8   Code   RO          513    i.SPI_WaitFlagStateUntilTimeout  stm32f1xx_hal_spi.o
    0x080020d8   0x080020d8   0x00000002   Code   RO          318    i.SVC_Handler       stm32f1xx_it.o
    0x080020da   0x080020da   0x00000004   Code   RO          319    i.SysTick_Handler   stm32f1xx_it.o
    0x080020de   0x080020de   0x0000005e   Code   RO           14    i.SystemClock_Config  main.o
    0x0800213c   0x0800213c   0x00000010   Code   RO         3095    i.SystemInit        system_stm32f1xx.o
    0x0800214c   0x0800214c   0x0000000c   Code   RO          320    i.TIM2_IRQHandler   stm32f1xx_it.o
    0x08002158   0x08002158   0x00000078   Code   RO         1853    i.TIM_Base_SetConfig  stm32f1xx_hal_tim.o
    0x080021d0   0x080021d0   0x00000014   Code   RO         1864    i.TIM_ETR_SetConfig  stm32f1xx_hal_tim.o
    0x080021e4   0x080021e4   0x00000010   Code   RO         1865    i.TIM_ITRx_SetConfig  stm32f1xx_hal_tim.o
    0x080021f4   0x080021f4   0x00000022   Code   RO         1871    i.TIM_TI1_ConfigInputStage  stm32f1xx_hal_tim.o
    0x08002216   0x08002216   0x00000024   Code   RO         1873    i.TIM_TI2_ConfigInputStage  stm32f1xx_hal_tim.o
    0x0800223a   0x0800223a   0x0000004e   Code   RO         2784    i.UART_EndRxTransfer  stm32f1xx_hal_uart.o
    0x08002288   0x08002288   0x000000b8   Code   RO         2787    i.UART_SetConfig    stm32f1xx_hal_uart.o
    0x08002340   0x08002340   0x00000072   Code   RO         2790    i.UART_WaitOnFlagUntilTimeout  stm32f1xx_hal_uart.o
    0x080023b2   0x080023b2   0x00000002   Code   RO          321    i.UsageFault_Handler  stm32f1xx_it.o
    0x080023b4   0x080023b4   0x00000058   Code   RO         3171    i.WIZCHIP_READ      w5500.o
    0x0800240c   0x0800240c   0x00000074   Code   RO         3172    i.WIZCHIP_READ_BUF  w5500.o
    0x08002480   0x08002480   0x00000060   Code   RO         3173    i.WIZCHIP_WRITE     w5500.o
    0x080024e0   0x080024e0   0x00000070   Code   RO         3174    i.WIZCHIP_WRITE_BUF  w5500.o
    0x08002550   0x08002550   0x00000020   Code   RO         4317    i.__0printf$8       mc_w.l(printf8.o)
    0x08002570   0x08002570   0x00000020   Code   RO         1271    i.__NVIC_SetPriority  stm32f1xx_hal_cortex.o
    0x08002590   0x08002590   0x00000008   Code   RO         4422    i.__aeabi_errno_addr  mc_w.l(errno.o)
    0x08002598   0x08002598   0x0000000e   Code   RO         4484    i.__scatterload_copy  mc_w.l(handlers.o)
    0x080025a6   0x080025a6   0x00000002   Code   RO         4485    i.__scatterload_null  mc_w.l(handlers.o)
    0x080025a8   0x080025a8   0x0000000e   Code   RO         4486    i.__scatterload_zeroinit  mc_w.l(handlers.o)
    0x080025b6   0x080025b6   0x00000002   PAD
    0x080025b8   0x080025b8   0x00000410   Code   RO         4324    i._printf_core      mc_w.l(printf8.o)
    0x080029c8   0x080029c8   0x00000024   Code   RO         4325    i._printf_post_padding  mc_w.l(printf8.o)
    0x080029ec   0x080029ec   0x0000002e   Code   RO         4326    i._printf_pre_padding  mc_w.l(printf8.o)
    0x08002a1a   0x08002a1a   0x00000002   PAD
    0x08002a1c   0x08002a1c   0x00000068   Code   RO         3550    i.check_DHCP_leasedIP  dhcp.o
    0x08002a84   0x08002a84   0x00000070   Code   RO         3551    i.check_DHCP_timeout  dhcp.o
    0x08002af4   0x08002af4   0x00000028   Code   RO         3690    i.check_DNS_timeout  dns.o
    0x08002b1c   0x08002b1c   0x00000074   Code   RO         3234    i.close             socket.o
    0x08002b90   0x08002b90   0x00000108   Code   RO         3235    i.connect           socket.o
    0x08002c98   0x08002c98   0x000000ec   Code   RO         3327    i.ctlwizchip        wizchip_conf.o
    0x08002d84   0x08002d84   0x00000030   Code   RO         3552    i.default_ip_assign  dhcp.o
    0x08002db4   0x08002db4   0x00000024   Code   RO         3553    i.default_ip_conflict  dhcp.o
    0x08002dd8   0x08002dd8   0x00000028   Code   RO         3554    i.default_ip_update  dhcp.o
    0x08002e00   0x08002e00   0x000000ae   Code   RO         3691    i.dns_answer        dns.o
    0x08002eae   0x08002eae   0x00000002   PAD
    0x08002eb0   0x08002eb0   0x000000b4   Code   RO         3692    i.dns_makequery     dns.o
    0x08002f64   0x08002f64   0x0000001e   Code   RO         3693    i.dns_question      dns.o
    0x08002f82   0x08002f82   0x00000002   PAD
    0x08002f84   0x08002f84   0x000000a8   Code   RO         3979    i.do_dns            do_dns.o
    0x0800302c   0x0800302c   0x00000158   Code   RO         3998    i.do_http_client    httpclient.o
    0x08003184   0x08003184   0x00000018   Code   RO         3888    i.fputc             wiz_platform.o
    0x0800319c   0x0800319c   0x00000050   Code   RO         4371    i.free              mc_w.l(malloc.o)
    0x080031ec   0x080031ec   0x0000000c   Code   RO         3694    i.get16             dns.o
    0x080031f8   0x080031f8   0x00000018   Code   RO         3556    i.getDNSfromDHCP    dhcp.o
    0x08003210   0x08003210   0x00000018   Code   RO         3557    i.getGWfromDHCP     dhcp.o
    0x08003228   0x08003228   0x00000018   Code   RO         3558    i.getIPfromDHCP     dhcp.o
    0x08003240   0x08003240   0x00000018   Code   RO         3559    i.getSNfromDHCP     dhcp.o
    0x08003258   0x08003258   0x0000004c   Code   RO         3175    i.getSn_RX_RSR      w5500.o
    0x080032a4   0x080032a4   0x0000004c   Code   RO         3176    i.getSn_TX_FSR      w5500.o
    0x080032f0   0x080032f0   0x0000002c   Code   RO         3999    i.get_content_length  httpclient.o
    0x0800331c   0x0800331c   0x00000074   Code   RO         4051    i.iap_load_app      bootloader.o
    0x08003390   0x08003390   0x00000022   Code   RO           15    i.main              main.o
    0x080033b2   0x080033b2   0x00000002   PAD
    0x080033b4   0x080033b4   0x000000d0   Code   RO         3560    i.makeDHCPMSG       dhcp.o
    0x08003484   0x08003484   0x0000006c   Code   RO         4372    i.malloc            mc_w.l(malloc.o)
    0x080034f0   0x080034f0   0x0000002e   Code   RO         3797    i.network_init      wiz_interface.o
    0x0800351e   0x0800351e   0x00000002   PAD
    0x08003520   0x08003520   0x000001b8   Code   RO         3561    i.parseDHCPMSG      dhcp.o
    0x080036d8   0x080036d8   0x000000d6   Code   RO         3695    i.parseDNSMSG       dns.o
    0x080037ae   0x080037ae   0x00000002   PAD
    0x080037b0   0x080037b0   0x00000072   Code   RO         3696    i.parse_name        dns.o
    0x08003822   0x08003822   0x00000002   PAD
    0x08003824   0x08003824   0x000001c8   Code   RO         3798    i.print_network_information  wiz_interface.o
    0x080039ec   0x080039ec   0x0000000c   Code   RO         3697    i.put16             dns.o
    0x080039f8   0x080039f8   0x000000e4   Code   RO         3240    i.recv              socket.o
    0x08003adc   0x08003adc   0x00000214   Code   RO         3241    i.recvfrom          socket.o
    0x08003cf0   0x08003cf0   0x00000024   Code   RO         3330    i.reg_wizchip_cs_cbfunc  wizchip_conf.o
    0x08003d14   0x08003d14   0x0000002c   Code   RO         3331    i.reg_wizchip_spi_cbfunc  wizchip_conf.o
    0x08003d40   0x08003d40   0x0000002c   Code   RO         3332    i.reg_wizchip_spiburst_cbfunc  wizchip_conf.o
    0x08003d6c   0x08003d6c   0x00000014   Code   RO         3563    i.reset_DHCP_timeout  dhcp.o
    0x08003d80   0x08003d80   0x0000011c   Code   RO         3242    i.send              socket.o
    0x08003e9c   0x08003e9c   0x00000100   Code   RO         3564    i.send_DHCP_DECLINE  dhcp.o
    0x08003f9c   0x08003f9c   0x000001d8   Code   RO         3565    i.send_DHCP_DISCOVER  dhcp.o
    0x08004174   0x08004174   0x00000290   Code   RO         3566    i.send_DHCP_REQUEST  dhcp.o
    0x08004404   0x08004404   0x00000180   Code   RO         3243    i.sendto            socket.o
    0x08004584   0x08004584   0x0000011c   Code   RO         3245    i.socket            socket.o
    0x080046a0   0x080046a0   0x000000cc   Code   RO         3769    i.user_run          user_main.o
    0x0800476c   0x0800476c   0x0000005c   Code   RO         3799    i.wiz_add_timer     wiz_interface.o
    0x080047c8   0x080047c8   0x0000003c   Code   RO         3800    i.wiz_delete_timer  wiz_interface.o
    0x08004804   0x08004804   0x000000c4   Code   RO         3801    i.wiz_dhcp_process  wiz_interface.o
    0x080048c8   0x080048c8   0x00000058   Code   RO         3802    i.wiz_phy_link_check  wiz_interface.o
    0x08004920   0x08004920   0x0000008c   Code   RO         3803    i.wiz_print_phy_info  wiz_interface.o
    0x080049ac   0x080049ac   0x00000060   Code   RO         3177    i.wiz_recv_data     w5500.o
    0x08004a0c   0x08004a0c   0x00000042   Code   RO         3178    i.wiz_recv_ignore   w5500.o
    0x08004a4e   0x08004a4e   0x00000060   Code   RO         3179    i.wiz_send_data     w5500.o
    0x08004aae   0x08004aae   0x00000002   PAD
    0x08004ab0   0x08004ab0   0x0000000c   Code   RO         3890    i.wiz_tim_irq_enable  wiz_platform.o
    0x08004abc   0x08004abc   0x00000030   Code   RO         3804    i.wiz_timer_handler  wiz_interface.o
    0x08004aec   0x08004aec   0x00000014   Code   RO         3805    i.wiz_user_delay_ms  wiz_interface.o
    0x08004b00   0x08004b00   0x00000004   Code   RO         3333    i.wizchip_bus_readdata  wizchip_conf.o
    0x08004b04   0x08004b04   0x00000004   Code   RO         3334    i.wizchip_bus_writedata  wizchip_conf.o
    0x08004b08   0x08004b08   0x0000003a   Code   RO         3335    i.wizchip_clrinterrupt  wizchip_conf.o
    0x08004b42   0x08004b42   0x00000002   Code   RO         3336    i.wizchip_cris_enter  wizchip_conf.o
    0x08004b44   0x08004b44   0x00000002   Code   RO         3337    i.wizchip_cris_exit  wizchip_conf.o
    0x08004b46   0x08004b46   0x00000002   Code   RO         3338    i.wizchip_cs_deselect  wizchip_conf.o
    0x08004b48   0x08004b48   0x00000002   Code   RO         3339    i.wizchip_cs_select  wizchip_conf.o
    0x08004b4a   0x08004b4a   0x00000002   PAD
    0x08004b4c   0x08004b4c   0x00000010   Code   RO         3891    i.wizchip_deselect  wiz_platform.o
    0x08004b5c   0x08004b5c   0x0000001e   Code   RO         3340    i.wizchip_getinterrupt  wizchip_conf.o
    0x08004b7a   0x08004b7a   0x0000001c   Code   RO         3341    i.wizchip_getinterruptmask  wizchip_conf.o
    0x08004b96   0x08004b96   0x00000002   PAD
    0x08004b98   0x08004b98   0x00000058   Code   RO         3342    i.wizchip_getnetinfo  wizchip_conf.o
    0x08004bf0   0x08004bf0   0x0000007a   Code   RO         3345    i.wizchip_init      wizchip_conf.o
    0x08004c6a   0x08004c6a   0x0000001a   Code   RO         3806    i.wizchip_initialize  wiz_interface.o
    0x08004c84   0x08004c84   0x00000014   Code   RO         3892    i.wizchip_read_buff  wiz_platform.o
    0x08004c98   0x08004c98   0x0000001c   Code   RO         3893    i.wizchip_read_byte  wiz_platform.o
    0x08004cb4   0x08004cb4   0x00000040   Code   RO         3894    i.wizchip_reset     wiz_platform.o
    0x08004cf4   0x08004cf4   0x00000010   Code   RO         3895    i.wizchip_select    wiz_platform.o
    0x08004d04   0x08004d04   0x0000001c   Code   RO         3346    i.wizchip_setinterruptmask  wizchip_conf.o
    0x08004d20   0x08004d20   0x00000058   Code   RO         3347    i.wizchip_setnetinfo  wizchip_conf.o
    0x08004d78   0x08004d78   0x00000038   Code   RO         3896    i.wizchip_spi_cb_reg  wiz_platform.o
    0x08004db0   0x08004db0   0x00000002   Code   RO         3350    i.wizchip_spi_readburst  wizchip_conf.o
    0x08004db2   0x08004db2   0x00000004   Code   RO         3351    i.wizchip_spi_readbyte  wizchip_conf.o
    0x08004db6   0x08004db6   0x00000002   Code   RO         3352    i.wizchip_spi_writeburst  wizchip_conf.o
    0x08004db8   0x08004db8   0x00000002   Code   RO         3353    i.wizchip_spi_writebyte  wizchip_conf.o
    0x08004dba   0x08004dba   0x00000074   Code   RO         3354    i.wizchip_sw_reset  wizchip_conf.o
    0x08004e2e   0x08004e2e   0x00000002   PAD
    0x08004e30   0x08004e30   0x0000003c   Code   RO         3807    i.wizchip_version_check  wiz_interface.o
    0x08004e6c   0x08004e6c   0x00000014   Code   RO         3897    i.wizchip_write_buff  wiz_platform.o
    0x08004e80   0x08004e80   0x00000018   Code   RO         3898    i.wizchip_write_byte  wiz_platform.o
    0x08004e98   0x08004e98   0x0000004e   Code   RO         3355    i.wizphy_getphyconf  wizchip_conf.o
    0x08004ee6   0x08004ee6   0x00000016   Code   RO         3356    i.wizphy_getphylink  wizchip_conf.o
    0x08004efc   0x08004efc   0x0000001a   Code   RO         3357    i.wizphy_getphypmode  wizchip_conf.o
    0x08004f16   0x08004f16   0x0000002a   Code   RO         3359    i.wizphy_reset      wizchip_conf.o
    0x08004f40   0x08004f40   0x0000004a   Code   RO         3360    i.wizphy_setphyconf  wizchip_conf.o
    0x08004f8a   0x08004f8a   0x00000050   Code   RO         3361    i.wizphy_setphypmode  wizchip_conf.o
    0x08004fda   0x08004fda   0x00000002   PAD
    0x08004fdc   0x08004fdc   0x0000011c   Code   RO         4000    i.write_to_flash    httpclient.o
    0x080050f8   0x080050f8   0x00000012   Data   RO          969    .constdata          stm32f1xx_hal_rcc.o
    0x0800510a   0x0800510a   0x00000010   Data   RO         3096    .constdata          system_stm32f1xx.o
    0x0800511a   0x0800511a   0x00000008   Data   RO         3097    .constdata          system_stm32f1xx.o
    0x08005122   0x08005122   0x00000081   Data   RO         4449    .constdata          mc_w.l(ctype_o.o)
    0x080051a3   0x080051a3   0x00000001   PAD
    0x080051a4   0x080051a4   0x00000004   Data   RO         4450    .constdata          mc_w.l(ctype_o.o)
    0x080051a8   0x080051a8   0x0000011c   Data   RO         3808    .conststring        wiz_interface.o
    0x080052c4   0x080052c4   0x00000055   Data   RO         4001    .conststring        httpclient.o
    0x08005319   0x08005319   0x00000003   PAD
    0x0800531c   0x0800531c   0x00000020   Data   RO         4482    Region$$Table       anon$$obj.o


    Execution Region RW_IRAM1 (Exec base: 0x20000000, Load base: 0x0800533c, Size: 0x00001020, Max: 0x00005000, ABSOLUTE)

    Exec Addr    Load Addr    Size         Type   Attr      Idx    E Section Name        Object

    0x20000000   0x0800533c   0x0000000c   Data   RW          806    .data               stm32f1xx_hal.o
    0x2000000c   0x08005348   0x00000004   Data   RW         3098    .data               system_stm32f1xx.o
    0x20000010   0x0800534c   0x0000000e   Data   RW         3247    .data               socket.o
    0x2000001e   0x0800535a   0x00000002   PAD
    0x20000020   0x0800535c   0x00000034   Data   RW         3362    .data               wizchip_conf.o
    0x20000054   0x08005390   0x0000004e   Data   RW         3567    .data               dhcp.o
    0x200000a2   0x080053de   0x00000002   PAD
    0x200000a4   0x080053e0   0x0000000c   Data   RW         3698    .data               dns.o
    0x200000b0   0x080053ec   0x0000002c   Data   RW         3771    .data               user_main.o
    0x200000dc   0x08005418   0x00000008   Data   RW         3809    .data               wiz_interface.o
    0x200000e4   0x08005420   0x00000010   Data   RW         4002    .data               httpclient.o
    0x200000f4   0x08005430   0x00000004   Data   RW         4415    .data               mc_w.l(stdout.o)
    0x200000f8   0x08005434   0x00000004   Data   RW         4420    .data               mc_w.l(mvars.o)
    0x200000fc   0x08005438   0x00000004   Data   RW         4421    .data               mc_w.l(mvars.o)
    0x20000100   0x0800543c   0x00000004   Data   RW         4425    .data               mc_w.l(errno.o)
    0x20000104        -       0x00000058   Zero   RW          188    .bss                spi.o
    0x2000015c        -       0x00000048   Zero   RW          230    .bss                tim.o
    0x200001a4        -       0x00000048   Zero   RW          272    .bss                usart.o
    0x200001ec   0x08005440   0x00000004   PAD
    0x200001f0        -       0x00000020   Zero   RW         1512    .bss                stm32f1xx_hal_flash.o
    0x20000210        -       0x00000010   Zero   RW         3246    .bss                socket.o
    0x20000220        -       0x00000800   Zero   RW         3770    .bss                user_main.o
    0x20000a20        -       0x00000200   Zero   RW            2    HEAP                startup_stm32f103xb.o
    0x20000c20        -       0x00000400   Zero   RW            1    STACK               startup_stm32f103xb.o


==============================================================================

Image component sizes


      Code (inc. data)   RO Data    RW Data    ZI Data      Debug   Object Name

       122         52          0          0          0       4999   bootloader.o
      2984        124          0         78          0      16684   dhcp.o
       968         40          0         12          0       9818   dns.o
       168         56          0          0          0       1345   do_dns.o
       260         22          0          0          0       1019   gpio.o
       788        310         85         16          0       4311   httpclient.o
         0          0          0          0          0       2918   loopback.o
       132          0          0          0          0     441168   main.o
      2092         46          0         14         16       8542   socket.o
       184         24          0          0         88       1685   spi.o
        36          8        236          0       1536        812   startup_stm32f103xb.o
       128         24          0         12          0       5353   stm32f1xx_hal.o
       198         14          0          0          0      28983   stm32f1xx_hal_cortex.o
       392         46          0          0         32       4790   stm32f1xx_hal_flash.o
       240         26          0          0          0       3277   stm32f1xx_hal_flash_ex.o
       516         40          0          0          0       4044   stm32f1xx_hal_gpio.o
        60          8          0          0          0        890   stm32f1xx_hal_msp.o
      1460        102         18          0          0       5949   stm32f1xx_hal_rcc.o
      1700          4          0          0          0       8118   stm32f1xx_hal_spi.o
       936         24          0          0          0       9973   stm32f1xx_hal_tim.o
       108         12          0          0          0       2433   stm32f1xx_hal_tim_ex.o
       636          6          0          0          0       4680   stm32f1xx_hal_uart.o
        40          6          0          0          0       4823   stm32f1xx_it.o
        16          6         24          4          0       1215   system_stm32f1xx.o
       156         10          0          0         72       1694   tim.o
       168         20          0          0         72       1710   usart.o
       204        118          0         44       2048       1365   user_main.o
       822         18          0          0          0       6898   w5500.o
      1232        500        284          8          0       7793   wiz_interface.o
       294         78          0          0          0       7009   wiz_platform.o
      1266         76          0         52          0      20983   wizchip_conf.o

    ----------------------------------------------------------------------
     18350       1820        682        244       3868     625281   Object Totals
         0          0         32          0          0          0   (incl. Generated)
        44          0          3          4          4          0   (incl. Padding)

    ----------------------------------------------------------------------

      Code (inc. data)   RO Data    RW Data    ZI Data      Debug   Library Member Name

        28          0          0          0          0         68   _chval.o
       158          0          0          0          0         92   _strtoul.o
        26          0          0          0          0         80   atoi.o
         8          4        133          0          0         68   ctype_o.o
         0          0          0          0          0          0   entry.o
         0          0          0          0          0          0   entry10a.o
         0          0          0          0          0          0   entry11a.o
         8          4          0          0          0          0   entry2.o
         4          0          0          0          0          0   entry5.o
         0          0          0          0          0          0   entry7b.o
         0          0          0          0          0          0   entry8b.o
         8          4          0          0          0          0   entry9a.o
         8          4          0          4          0         68   errno.o
        30          0          0          0          0          0   handlers.o
        36          8          0          0          0         68   init.o
        30          0          0          0          0         68   llshl.o
        32          0          0          0          0         68   llushr.o
       188         20          0          0          0        160   malloc.o
        36          0          0          0          0         68   memcpya.o
        36          0          0          0          0        108   memseta.o
         0          0          0          8          0          0   mvars.o
      1154         54          0          0          0        352   printf8.o
         0          0          0          4          0          0   stdout.o
        24          0          0          0          0         68   strcat.o
        20          0          0          0          0         68   strchr.o
        18          0          0          0          0         68   strcpy.o
        14          0          0          0          0         68   strlen.o
        24          0          0          0          0         76   strncpy.o
        36          0          0          0          0         80   strstr.o
       112          0          0          0          0         88   strtol.o
        98          0          0          0          0         92   uldiv.o

    ----------------------------------------------------------------------
      2142         98        134         16          0       1876   Library Totals
         6          0          1          0          0          0   (incl. Padding)

    ----------------------------------------------------------------------

      Code (inc. data)   RO Data    RW Data    ZI Data      Debug   Library Name

      2136         98        133         16          0       1876   mc_w.l

    ----------------------------------------------------------------------
      2142         98        134         16          0       1876   Library Totals

    ----------------------------------------------------------------------

==============================================================================


      Code (inc. data)   RO Data    RW Data    ZI Data      Debug   

     20492       1918        816        260       3868     616909   Grand Totals
     20492       1918        816        260       3868     616909   ELF Image Totals
     20492       1918        816        260          0          0   ROM Totals

==============================================================================

    Total RO  Size (Code + RO Data)                21308 (  20.81kB)
    Total RW  Size (RW Data + ZI Data)              4128 (   4.03kB)
    Total ROM Size (Code + RO Data + RW Data)      21568 (  21.06kB)

==============================================================================

