Component: ARM Compiler 5.06 update 5 (build 528) Tool: armlink [4d35e2]

==============================================================================

Section Cross References

    startup_stm32f103xb.o(STACK) refers (Special) to heapauxi.o(.text) for __use_two_region_memory
    startup_stm32f103xb.o(HEAP) refers (Special) to heapauxi.o(.text) for __use_two_region_memory
    startup_stm32f103xb.o(RESET) refers (Special) to heapauxi.o(.text) for __use_two_region_memory
    startup_stm32f103xb.o(RESET) refers to startup_stm32f103xb.o(STACK) for __initial_sp
    startup_stm32f103xb.o(RESET) refers to startup_stm32f103xb.o(.text) for Reset_Handler
    startup_stm32f103xb.o(RESET) refers to stm32f1xx_it.o(i.NMI_Handler) for NMI_Handler
    startup_stm32f103xb.o(RESET) refers to stm32f1xx_it.o(i.HardFault_Handler) for HardFault_Handler
    startup_stm32f103xb.o(RESET) refers to stm32f1xx_it.o(i.MemManage_Handler) for MemManage_Handler
    startup_stm32f103xb.o(RESET) refers to stm32f1xx_it.o(i.BusFault_Handler) for BusFault_Handler
    startup_stm32f103xb.o(RESET) refers to stm32f1xx_it.o(i.UsageFault_Handler) for UsageFault_Handler
    startup_stm32f103xb.o(RESET) refers to stm32f1xx_it.o(i.SVC_Handler) for SVC_Handler
    startup_stm32f103xb.o(RESET) refers to stm32f1xx_it.o(i.DebugMon_Handler) for DebugMon_Handler
    startup_stm32f103xb.o(RESET) refers to stm32f1xx_it.o(i.PendSV_Handler) for PendSV_Handler
    startup_stm32f103xb.o(RESET) refers to stm32f1xx_it.o(i.SysTick_Handler) for SysTick_Handler
    startup_stm32f103xb.o(.text) refers (Special) to heapauxi.o(.text) for __use_two_region_memory
    startup_stm32f103xb.o(.text) refers to system_stm32f1xx.o(i.SystemInit) for SystemInit
    startup_stm32f103xb.o(.text) refers to __main.o(!!!main) for __main
    startup_stm32f103xb.o(.text) refers to startup_stm32f103xb.o(HEAP) for Heap_Mem
    startup_stm32f103xb.o(.text) refers to startup_stm32f103xb.o(STACK) for Stack_Mem
    main.o(i.SystemClock_Config) refers to rt_memclr_w.o(.text) for __aeabi_memclr4
    main.o(i.SystemClock_Config) refers to stm32f1xx_hal_rcc.o(i.HAL_RCC_OscConfig) for HAL_RCC_OscConfig
    main.o(i.SystemClock_Config) refers to stm32f1xx_hal_rcc.o(i.HAL_RCC_ClockConfig) for HAL_RCC_ClockConfig
    main.o(i.loopback_tcpc) refers to w5500.o(i.WIZCHIP_READ) for WIZCHIP_READ
    main.o(i.loopback_tcpc) refers to w5500.o(i.WIZCHIP_WRITE) for WIZCHIP_WRITE
    main.o(i.loopback_tcpc) refers to w5500.o(i.getSn_RX_RSR) for getSn_RX_RSR
    main.o(i.loopback_tcpc) refers to socket.o(i.recv) for recv
    main.o(i.loopback_tcpc) refers to socket.o(i.send) for send
    main.o(i.loopback_tcpc) refers to socket.o(i.close) for close
    main.o(i.loopback_tcpc) refers to socket.o(i.disconnect) for disconnect
    main.o(i.loopback_tcpc) refers to socket.o(i.connect) for connect
    main.o(i.loopback_tcpc) refers to socket.o(i.socket) for socket
    main.o(i.loopback_tcps) refers to w5500.o(i.WIZCHIP_READ) for WIZCHIP_READ
    main.o(i.loopback_tcps) refers to w5500.o(i.WIZCHIP_WRITE) for WIZCHIP_WRITE
    main.o(i.loopback_tcps) refers to w5500.o(i.getSn_RX_RSR) for getSn_RX_RSR
    main.o(i.loopback_tcps) refers to socket.o(i.recv) for recv
    main.o(i.loopback_tcps) refers to socket.o(i.send) for send
    main.o(i.loopback_tcps) refers to socket.o(i.close) for close
    main.o(i.loopback_tcps) refers to socket.o(i.disconnect) for disconnect
    main.o(i.loopback_tcps) refers to socket.o(i.listen) for listen
    main.o(i.loopback_tcps) refers to socket.o(i.socket) for socket
    main.o(i.main) refers to stm32f1xx_hal.o(i.HAL_Init) for HAL_Init
    main.o(i.main) refers to main.o(i.SystemClock_Config) for SystemClock_Config
    main.o(i.main) refers to gpio.o(i.MX_GPIO_Init) for MX_GPIO_Init
    main.o(i.main) refers to spi.o(i.MX_SPI1_Init) for MX_SPI1_Init
    main.o(i.main) refers to w5500_spi.o(i.W5500Init) for W5500Init
    main.o(i.main) refers to wizchip_conf.o(i.ctlnetwork) for ctlnetwork
    main.o(i.main) refers to wizchip_conf.o(i.ctlwizchip) for ctlwizchip
    main.o(i.main) refers to main.o(i.network_init) for network_init
    main.o(i.main) refers to main.o(i.loopback_tcpc) for loopback_tcpc
    main.o(i.main) refers to main.o(.data) for .data
    main.o(i.main) refers to main.o(.bss) for .bss
    main.o(i.network_init) refers to wizchip_conf.o(i.ctlnetwork) for ctlnetwork
    main.o(i.network_init) refers to wizchip_conf.o(i.ctlwizchip) for ctlwizchip
    main.o(i.network_init) refers to main.o(.data) for .data
    gpio.o(i.MX_GPIO_Init) refers to stm32f1xx_hal_gpio.o(i.HAL_GPIO_WritePin) for HAL_GPIO_WritePin
    gpio.o(i.MX_GPIO_Init) refers to stm32f1xx_hal_gpio.o(i.HAL_GPIO_Init) for HAL_GPIO_Init
    spi.o(i.HAL_SPI_MspDeInit) refers to stm32f1xx_hal_gpio.o(i.HAL_GPIO_DeInit) for HAL_GPIO_DeInit
    spi.o(i.HAL_SPI_MspInit) refers to stm32f1xx_hal_gpio.o(i.HAL_GPIO_Init) for HAL_GPIO_Init
    spi.o(i.MX_SPI1_Init) refers to stm32f1xx_hal_spi.o(i.HAL_SPI_Init) for HAL_SPI_Init
[...]
    Removing stm32f1xx_hal_flash.o(i.HAL_FLASH_OB_Lock), (20 bytes).
    Removing stm32f1xx_hal_flash.o(i.HAL_FLASH_OB_Unlock), (36 bytes).
    Removing stm32f1xx_hal_flash.o(i.HAL_FLASH_OperationErrorCallback), (2 bytes).
    Removing stm32f1xx_hal_flash.o(i.HAL_FLASH_Program), (128 bytes).
    Removing stm32f1xx_hal_flash.o(i.HAL_FLASH_Program_IT), (80 bytes).
    Removing stm32f1xx_hal_flash.o(i.HAL_FLASH_Unlock), (40 bytes).
    Removing stm32f1xx_hal_flash.o(.bss), (32 bytes).
    Removing stm32f1xx_hal_flash_ex.o(.rev16_text), (4 bytes).
    Removing stm32f1xx_hal_flash_ex.o(.revsh_text), (4 bytes).
    Removing stm32f1xx_hal_flash_ex.o(.rrx_text), (6 bytes).
    Removing stm32f1xx_hal_flash_ex.o(i.FLASH_MassErase), (36 bytes).
    Removing stm32f1xx_hal_flash_ex.o(i.FLASH_OB_DisableWRP), (176 bytes).
    Removing stm32f1xx_hal_flash_ex.o(i.FLASH_OB_EnableWRP), (176 bytes).
    Removing stm32f1xx_hal_flash_ex.o(i.FLASH_OB_GetRDP), (24 bytes).
    Removing stm32f1xx_hal_flash_ex.o(i.FLASH_OB_RDP_LevelConfig), (100 bytes).
    Removing stm32f1xx_hal_flash_ex.o(i.FLASH_PageErase), (36 bytes).
    Removing stm32f1xx_hal_flash_ex.o(i.HAL_FLASHEx_Erase), (168 bytes).
    Removing stm32f1xx_hal_flash_ex.o(i.HAL_FLASHEx_Erase_IT), (72 bytes).
    Removing stm32f1xx_hal_flash_ex.o(i.HAL_FLASHEx_OBErase), (84 bytes).
    Removing stm32f1xx_hal_flash_ex.o(i.HAL_FLASHEx_OBGetConfig), (36 bytes).
    Removing stm32f1xx_hal_flash_ex.o(i.HAL_FLASHEx_OBGetUserData), (32 bytes).
    Removing stm32f1xx_hal_flash_ex.o(i.HAL_FLASHEx_OBProgram), (200 bytes).
    Removing stm32f1xx_hal_exti.o(.rev16_text), (4 bytes).
    Removing stm32f1xx_hal_exti.o(.revsh_text), (4 bytes).
    Removing stm32f1xx_hal_exti.o(.rrx_text), (6 bytes).
    Removing stm32f1xx_hal_exti.o(i.HAL_EXTI_ClearConfigLine), (104 bytes).
    Removing stm32f1xx_hal_exti.o(i.HAL_EXTI_ClearPending), (20 bytes).
    Removing stm32f1xx_hal_exti.o(i.HAL_EXTI_GenerateSWI), (20 bytes).
    Removing stm32f1xx_hal_exti.o(i.HAL_EXTI_GetConfigLine), (140 bytes).
    Removing stm32f1xx_hal_exti.o(i.HAL_EXTI_GetHandle), (12 bytes).
    Removing stm32f1xx_hal_exti.o(i.HAL_EXTI_GetPending), (24 bytes).
    Removing stm32f1xx_hal_exti.o(i.HAL_EXTI_IRQHandler), (36 bytes).
    Removing stm32f1xx_hal_exti.o(i.HAL_EXTI_RegisterCallback), (14 bytes).
    Removing stm32f1xx_hal_exti.o(i.HAL_EXTI_SetConfigLine), (164 bytes).
    Removing stm32f1xx_hal_tim.o(.rev16_text), (4 bytes).
    Removing stm32f1xx_hal_tim.o(.revsh_text), (4 bytes).
    Removing stm32f1xx_hal_tim.o(.rrx_text), (6 bytes).
    Removing stm32f1xx_hal_tim_ex.o(.rev16_text), (4 bytes).
    Removing stm32f1xx_hal_tim_ex.o(.revsh_text), (4 bytes).
    Removing stm32f1xx_hal_tim_ex.o(.rrx_text), (6 bytes).
    Removing system_stm32f1xx.o(.rev16_text), (4 bytes).
    Removing system_stm32f1xx.o(.revsh_text), (4 bytes).
    Removing system_stm32f1xx.o(.rrx_text), (6 bytes).
    Removing system_stm32f1xx.o(i.SystemCoreClockUpdate), (104 bytes).
    Removing system_stm32f1xx.o(.constdata), (8 bytes).
    Removing dhcp.o(i.DHCP_init), (152 bytes).
    Removing dhcp.o(i.DHCP_run), (292 bytes).
    Removing dhcp.o(i.DHCP_stop), (20 bytes).
    Removing dhcp.o(i.DHCP_time_handler), (16 bytes).
    Removing dhcp.o(i.NibbleToHex), (16 bytes).
    Removing dhcp.o(i.check_DHCP_leasedIP), (104 bytes).
    Removing dhcp.o(i.check_DHCP_timeout), (112 bytes).
    Removing dhcp.o(i.default_ip_assign), (48 bytes).
    Removing dhcp.o(i.default_ip_conflict), (36 bytes).
    Removing dhcp.o(i.default_ip_update), (40 bytes).
    Removing dhcp.o(i.getDHCPLeasetime), (12 bytes).
    Removing dhcp.o(i.getDNSfromDHCP), (24 bytes).
    Removing dhcp.o(i.getGWfromDHCP), (24 bytes).
    Removing dhcp.o(i.getIPfromDHCP), (24 bytes).
    Removing dhcp.o(i.getSNfromDHCP), (24 bytes).
    Removing dhcp.o(i.makeDHCPMSG), (208 bytes).
    Removing dhcp.o(i.parseDHCPMSG), (440 bytes).
    Removing dhcp.o(i.reg_dhcp_cbfunc), (48 bytes).
    Removing dhcp.o(i.reset_DHCP_timeout), (20 bytes).
    Removing dhcp.o(i.send_DHCP_DECLINE), (256 bytes).
    Removing dhcp.o(i.send_DHCP_DISCOVER), (472 bytes).
    Removing dhcp.o(i.send_DHCP_REQUEST), (656 bytes).
    Removing dhcp.o(.data), (78 bytes).
    Removing wizchip_conf.o(i.reg_wizchip_bus_cbfunc), (44 bytes).
    Removing wizchip_conf.o(i.wizphy_getphystat), (26 bytes).
    Removing socket.o(i.ctlsocket), (184 bytes).
    Removing socket.o(i.getsockopt), (252 bytes).
    Removing socket.o(i.listen), (112 bytes).
    Removing socket.o(i.recvfrom), (532 bytes).
    Removing socket.o(i.sendto), (384 bytes).
    Removing socket.o(i.setsockopt), (262 bytes).
    Removing w5500.o(i.wiz_recv_ignore), (66 bytes).
    Removing loopback.o(i.loopback_udps), (264 bytes).
    Removing multicast.o(i.multicast_loopback), (440 bytes).
    Removing multicast.o(i.multicast_recv), (432 bytes).
    Removing w5500_spi.o(.rev16_text), (4 bytes).
    Removing w5500_spi.o(.revsh_text), (4 bytes).
    Removing w5500_spi.o(.rrx_text), (6 bytes).
    Removing w5500_spi.o(i.W5500IOInit), (2 bytes).

280 unused section(s) (total 18093 bytes) removed from the image.

==============================================================================

Image Symbol Table

    Local Symbols

    Symbol Name                              Value     Ov Type        Size  Object(Section)

    ../Core/Src/gpio.c                       0x00000000   Number         0  gpio.o ABSOLUTE
    ../Core/Src/main.c                       0x00000000   Number         0  main.o ABSOLUTE
    ../Core/Src/spi.c                        0x00000000   Number         0  spi.o ABSOLUTE
    ../Core/Src/stm32f1xx_hal_msp.c          0x00000000   Number         0  stm32f1xx_hal_msp.o ABSOLUTE
    ../Core/Src/stm32f1xx_it.c               0x00000000   Number         0  stm32f1xx_it.o ABSOLUTE
    ../Core/Src/system_stm32f1xx.c           0x00000000   Number         0  system_stm32f1xx.o ABSOLUTE
    ../Drivers/STM32F1xx_HAL_Driver/Src/stm32f1xx_hal.c 0x00000000   Number         0  stm32f1xx_hal.o ABSOLUTE
    ../Drivers/STM32F1xx_HAL_Driver/Src/stm32f1xx_hal_cortex.c 0x00000000   Number         0  stm32f1xx_hal_cortex.o ABSOLUTE
    ../Drivers/STM32F1xx_HAL_Driver/Src/stm32f1xx_hal_dma.c 0x00000000   Number         0  stm32f1xx_hal_dma.o ABSOLUTE
    ../Drivers/STM32F1xx_HAL_Driver/Src/stm32f1xx_hal_exti.c 0x00000000   Number         0  stm32f1xx_hal_exti.o ABSOLUTE
    ../Drivers/STM32F1xx_HAL_Driver/Src/stm32f1xx_hal_flash.c 0x00000000   Number         0  stm32f1xx_hal_flash.o ABSOLUTE
    ../Drivers/STM32F1xx_HAL_Driver/Src/stm32f1xx_hal_flash_ex.c 0x00000000   Number         0  stm32f1xx_hal_flash_ex.o ABSOLUTE
    ../Drivers/STM32F1xx_HAL_Driver/Src/stm32f1xx_hal_gpio.c 0x00000000   Number         0  stm32f1xx_hal_gpio.o ABSOLUTE
    ../Drivers/STM32F1xx_HAL_Driver/Src/stm32f1xx_hal_gpio_ex.c 0x00000000   Number         0  stm32f1xx_hal_gpio_ex.o ABSOLUTE
    ../Drivers/STM32F1xx_HAL_Driver/Src/stm32f1xx_hal_pwr.c 0x00000000   Number         0  stm32f1xx_hal_pwr.o ABSOLUTE
    ../Drivers/STM32F1xx_HAL_Driver/Src/stm32f1xx_hal_rcc.c 0x00000000   Number         0  stm32f1xx_hal_rcc.o ABSOLUTE
    ../Drivers/STM32F1xx_HAL_Driver/Src/stm32f1xx_hal_rcc_ex.c 0x00000000   Number         0  stm32f1xx_hal_rcc_ex.o ABSOLUTE
    ../Drivers/STM32F1xx_HAL_Driver/Src/stm32f1xx_hal_spi.c 0x00000000   Number         0  stm32f1xx_hal_spi.o ABSOLUTE
    ../Drivers/STM32F1xx_HAL_Driver/Src/stm32f1xx_hal_tim.c 0x00000000   Number         0  stm32f1xx_hal_tim.o ABSOLUTE
    ../Drivers/STM32F1xx_HAL_Driver/Src/stm32f1xx_hal_tim_ex.c 0x00000000   Number         0  stm32f1xx_hal_tim_ex.o ABSOLUTE
    ../clib/angel/boardlib.s                 0x00000000   Number         0  boardinit1.o ABSOLUTE
    ../clib/angel/boardlib.s                 0x00000000   Number         0  boardinit3.o ABSOLUTE
    ../clib/angel/boardlib.s                 0x00000000   Number         0  boardshut.o ABSOLUTE
    ../clib/angel/boardlib.s                 0x00000000   Number         0  boardinit2.o ABSOLUTE
    ../clib/angel/handlers.s                 0x00000000   Number         0  __scatter_zi.o ABSOLUTE
    ../clib/angel/handlers.s                 0x00000000   Number         0  __scatter_copy.o ABSOLUTE
    ../clib/angel/kernel.s                   0x00000000   Number         0  __rtentry4.o ABSOLUTE
    ../clib/angel/kernel.s                   0x00000000   Number         0  __rtentry2.o ABSOLUTE
    ../clib/angel/kernel.s                   0x00000000   Number         0  rtexit.o ABSOLUTE
    ../clib/angel/kernel.s                   0x00000000   Number         0  __rtentry.o ABSOLUTE
    ../clib/angel/kernel.s                   0x00000000   Number         0  rtexit2.o ABSOLUTE
    ../clib/angel/rt.s                       0x00000000   Number         0  rt_errno_addr_intlibspace.o ABSOLUTE
    ../clib/angel/rt.s                       0x00000000   Number         0  rt_errno_addr.o ABSOLUTE
    ../clib/angel/rt.s                       0x00000000   Number         0  rt_raise.o ABSOLUTE
    ../clib/angel/rt.s                       0x00000000   Number         0  rt_heap_descriptor.o ABSOLUTE
    ../clib/angel/rt.s                       0x00000000   Number         0  rt_heap_descriptor_intlibspace.o ABSOLUTE
    ../clib/angel/scatter.s                  0x00000000   Number         0  __scatter.o ABSOLUTE
    ../clib/angel/startup.s                  0x00000000   Number         0  __main.o ABSOLUTE
    ../clib/angel/sys.s                      0x00000000   Number         0  use_no_semi.o ABSOLUTE
    ../clib/angel/sys.s                      0x00000000   Number         0  libspace.o ABSOLUTE
    ../clib/angel/sys.s                      0x00000000   Number         0  sys_stackheap_outer.o ABSOLUTE
    ../clib/angel/sys.s                      0x00000000   Number         0  mutex_dummy.o ABSOLUTE
    ../clib/angel/sys.s                      0x00000000   Number         0  indicate_semi.o ABSOLUTE
    ../clib/angel/sysapp.c                   0x00000000   Number         0  sys_command.o ABSOLUTE
    ../clib/angel/sysapp.c                   0x00000000   Number         0  sys_wrch.o ABSOLUTE
    ../clib/angel/sysapp.c                   0x00000000   Number         0  sys_io.o ABSOLUTE
    ../clib/angel/sysapp.c                   0x00000000   Number         0  sys_exit.o ABSOLUTE
    ../clib/armsys.c                         0x00000000   Number         0  no_argv.o ABSOLUTE
    ../clib/armsys.c                         0x00000000   Number         0  argv_veneer.o ABSOLUTE
    ../clib/armsys.c                         0x00000000   Number         0  _get_argv_nomalloc.o ABSOLUTE
    ../clib/armsys.c                         0x00000000   Number         0  _get_argv.o ABSOLUTE
    ../clib/armsys.c                         0x00000000   Number         0  argv_veneer.o ABSOLUTE
    ../clib/assert.c                         0x00000000   Number         0  assert_stdio.o ABSOLUTE
    ../clib/heap1.c                          0x00000000   Number         0  h1_free.o ABSOLUTE
    ../clib/heap1.c                          0x00000000   Number         0  h1_alloc_mt.o ABSOLUTE
    ../clib/heap1.c                          0x00000000   Number         0  h1_alloc.o ABSOLUTE
    ../clib/heap1.c                          0x00000000   Number         0  h1_extend_mt.o ABSOLUTE
    ../clib/heap1.c                          0x00000000   Number         0  h1_init_mt.o ABSOLUTE
    ../clib/heap1.c                          0x00000000   Number         0  h1_extend.o ABSOLUTE
    ../clib/heap1.c                          0x00000000   Number         0  h1_init.o ABSOLUTE
    ../clib/heap1.c                          0x00000000   Number         0  h1_final_mt.o ABSOLUTE
    ../clib/heap1.c                          0x00000000   Number         0  h1_final.o ABSOLUTE
    ../clib/heap1.c                          0x00000000   Number         0  h1_free_mt.o ABSOLUTE
    ../clib/heap2.c                          0x00000000   Number         0  fdtree.o ABSOLUTE
    ../clib/heap2.c                          0x00000000   Number         0  heap2.o ABSOLUTE
    ../clib/heap2.c                          0x00000000   Number         0  heap2mt.o ABSOLUTE
    ../clib/heapalloc.c                      0x00000000   Number         0  maybetermalloc1.o ABSOLUTE
    ../clib/heapalloc.c                      0x00000000   Number         0  hguard.o ABSOLUTE
    ../clib/heapalloc.c                      0x00000000   Number         0  term_alloc.o ABSOLUTE
    ../clib/heapalloc.c                      0x00000000   Number         0  hrguard.o ABSOLUTE
    ../clib/heapalloc.c                      0x00000000   Number         0  maybetermalloc2.o ABSOLUTE
    ../clib/heapalloc.c                      0x00000000   Number         0  free.o ABSOLUTE
    ../clib/heapalloc.c                      0x00000000   Number         0  malloc.o ABSOLUTE
    ../clib/heapalloc.c                      0x00000000   Number         0  heapstubs.o ABSOLUTE
    ../clib/heapalloc.c                      0x00000000   Number         0  maybetermalloc1.o ABSOLUTE
    ../clib/heapalloc.c                      0x00000000   Number         0  init_alloc.o ABSOLUTE
    ../clib/heapalloc.c                      0x00000000   Number         0  maybetermalloc2.o ABSOLUTE
    ../clib/heapaux.c                        0x00000000   Number         0  heapauxa.o ABSOLUTE
    ../clib/heapaux.c                        0x00000000   Number         0  heapauxi.o ABSOLUTE
    ../clib/libinit.s                        0x00000000   Number         0  libshutdown2.o ABSOLUTE
    ../clib/libinit.s                        0x00000000   Number         0  libshutdown.o ABSOLUTE
    ../clib/libinit.s                        0x00000000   Number         0  libinit2.o ABSOLUTE
    ../clib/libinit.s                        0x00000000   Number         0  libinit.o ABSOLUTE
    ../clib/longlong.s                       0x00000000   Number         0  llushr.o ABSOLUTE
    ../clib/memcpset.s                       0x00000000   Number         0  rt_memclr_w.o ABSOLUTE
    ../clib/memcpset.s                       0x00000000   Number         0  rt_memcpy_w.o ABSOLUTE
    ../clib/memcpset.s                       0x00000000   Number         0  rt_memcpy_v6.o ABSOLUTE
    ../clib/misc.s                           0x00000000   Number         0  printf_stubs.o ABSOLUTE
    ../clib/printf.c                         0x00000000   Number         0  __printf_ss.o ABSOLUTE
    ../clib/printf.c                         0x00000000   Number         0  _printf_char_file.o ABSOLUTE
    ../clib/printf.c                         0x00000000   Number         0  __printf_nopercent.o ABSOLUTE
    ../clib/printf.c                         0x00000000   Number         0  _printf_char_file_locked.o ABSOLUTE
    ../clib/printf.c                         0x00000000   Number         0  _printf_intcommon.o ABSOLUTE
    ../clib/printf.c                         0x00000000   Number         0  _printf_char.o ABSOLUTE
    ../clib/printf.c                         0x00000000   Number         0  __printf_flags_ss.o ABSOLUTE
    ../clib/printf.c                         0x00000000   Number         0  __printf_flags_ss_wp.o ABSOLUTE
    ../clib/printf.c                         0x00000000   Number         0  __printf_ss_wp.o ABSOLUTE
    ../clib/printf.c                         0x00000000   Number         0  __printf_flags_wp.o ABSOLUTE
    ../clib/printf.c                         0x00000000   Number         0  __printf_wp.o ABSOLUTE
    ../clib/printf.c                         0x00000000   Number         0  _printf_char_common.o ABSOLUTE
    ../clib/printf.c                         0x00000000   Number         0  __2printf.o ABSOLUTE
    ../clib/printf.c                         0x00000000   Number         0  noretval__2printf.o ABSOLUTE
    ../clib/printf.c                         0x00000000   Number         0  __printf.o ABSOLUTE
    ../clib/printf.c                         0x00000000   Number         0  _printf_str.o ABSOLUTE
    ../clib/printf.c                         0x00000000   Number         0  _printf_dec.o ABSOLUTE
    ../clib/printf.c                         0x00000000   Number         0  __printf_flags.o ABSOLUTE
    ../clib/printf_percent.s                 0x00000000   Number         0  _printf_c.o ABSOLUTE
    ../clib/printf_percent.s                 0x00000000   Number         0  _printf_d.o ABSOLUTE
    ../clib/printf_percent.s                 0x00000000   Number         0  _printf_percent_end.o ABSOLUTE
    ../clib/printf_percent.s                 0x00000000   Number         0  _printf_percent.o ABSOLUTE
    ../clib/signal.c                         0x00000000   Number         0  defsig_stak_inner.o ABSOLUTE
    ../clib/signal.c                         0x00000000   Number         0  defsig_pvfn_inner.o ABSOLUTE
    ../clib/signal.c                         0x00000000   Number         0  defsig_cppl_inner.o ABSOLUTE
    ../clib/signal.c                         0x00000000   Number         0  __raise.o ABSOLUTE
    ../clib/signal.c                         0x00000000   Number         0  defsig_general.o ABSOLUTE
    ../clib/signal.c                         0x00000000   Number         0  defsig_exit.o ABSOLUTE
    ../clib/signal.c                         0x00000000   Number         0  defsig_other.o ABSOLUTE
    ../clib/signal.c                         0x00000000   Number         0  defsig_rtmem_outer.o ABSOLUTE
    ../clib/signal.c                         0x00000000   Number         0  defsig_segv_inner.o ABSOLUTE
    ../clib/signal.c                         0x00000000   Number         0  defsig_rtred_inner.o ABSOLUTE
    ../clib/signal.c                         0x00000000   Number         0  defsig_rtred_outer.o ABSOLUTE
    ../clib/signal.c                         0x00000000   Number         0  defsig_rtmem_formal.o ABSOLUTE
    ../clib/signal.c                         0x00000000   Number         0  defsig_rtred_formal.o ABSOLUTE
    ../clib/signal.c                         0x00000000   Number         0  defsig_rtmem_inner.o ABSOLUTE
    ../clib/signal.c                         0x00000000   Number         0  defsig_abrt_inner.o ABSOLUTE
    ../clib/signal.c                         0x00000000   Number         0  defsig_fpe_inner.o ABSOLUTE
    ../clib/signal.s                         0x00000000   Number         0  defsig.o ABSOLUTE
    ../clib/stdio.c                          0x00000000   Number         0  stdio_streams.o ABSOLUTE
    ../clib/stdio.c                          0x00000000   Number         0  fseek.o ABSOLUTE
    ../clib/stdio.c                          0x00000000   Number         0  streamlock.o ABSOLUTE
    ../clib/stdio.c                          0x00000000   Number         0  setvbuf.o ABSOLUTE
    ../clib/stdio.c                          0x00000000   Number         0  flsbuf.o ABSOLUTE
    ../clib/stdio.c                          0x00000000   Number         0  fopen.o ABSOLUTE
    ../clib/stdio.c                          0x00000000   Number         0  fclose.o ABSOLUTE
    ../clib/stdio.c                          0x00000000   Number         0  fflush_locked.o ABSOLUTE
    ../clib/stdio.c                          0x00000000   Number         0  fputs_locked.o ABSOLUTE
    ../clib/stdio.c                          0x00000000   Number         0  ftell.o ABSOLUTE
    ../clib/stdio.c                          0x00000000   Number         0  fputs.o ABSOLUTE
    ../clib/stdio.c                          0x00000000   Number         0  fflush.o ABSOLUTE
    ../clib/stdio.c                          0x00000000   Number         0  setvbuf_locked.o ABSOLUTE
    ../clib/stdio.c                          0x00000000   Number         0  initio_locked.o ABSOLUTE
    ../clib/stdio.c                          0x00000000   Number         0  ferror_locked.o ABSOLUTE
    ../clib/stdio.c                          0x00000000   Number         0  fputc_locked.o ABSOLUTE
    ../clib/stdio.c                          0x00000000   Number         0  initio.o ABSOLUTE
    ../clib/stdio.c                          0x00000000   Number         0  fputc.o ABSOLUTE
    ../clib/stdio.c                          0x00000000   Number         0  ferror.o ABSOLUTE
    ../clib/stdio.c                          0x00000000   Number         0  fopen_locked.o ABSOLUTE
    ../clib/stdio.c                          0x00000000   Number         0  fwritefast_locked.o ABSOLUTE
    ../clib/stdio.c                          0x00000000   Number         0  fwritefast.o ABSOLUTE
    ../clib/stdio.c                          0x00000000   Number         0  stdio.o ABSOLUTE
    ../clib/stdlib.c                         0x00000000   Number         0  exit.o ABSOLUTE
    ../clib/string.c                         0x00000000   Number         0  strlen.o ABSOLUTE
    ../clib/wchar.c                          0x00000000   Number         0  flsbuf_fwide.o ABSOLUTE
    ../fplib/fpinit.s                        0x00000000   Number         0  fpinit.o ABSOLUTE
    ..\Core\Src\gpio.c                       0x00000000   Number         0  gpio.o ABSOLUTE
    ..\Core\Src\main.c                       0x00000000   Number         0  main.o ABSOLUTE
    ..\Core\Src\spi.c                        0x00000000   Number         0  spi.o ABSOLUTE
    ..\Core\Src\stm32f1xx_hal_msp.c          0x00000000   Number         0  stm32f1xx_hal_msp.o ABSOLUTE
    ..\Core\Src\stm32f1xx_it.c               0x00000000   Number         0  stm32f1xx_it.o ABSOLUTE
    ..\Core\Src\system_stm32f1xx.c           0x00000000   Number         0  system_stm32f1xx.o ABSOLUTE
    ..\Drivers\STM32F1xx_HAL_Driver\Src\stm32f1xx_hal.c 0x00000000   Number         0  stm32f1xx_hal.o ABSOLUTE
    ..\Drivers\STM32F1xx_HAL_Driver\Src\stm32f1xx_hal_cortex.c 0x00000000   Number         0  stm32f1xx_hal_cortex.o ABSOLUTE
    ..\Drivers\STM32F1xx_HAL_Driver\Src\stm32f1xx_hal_dma.c 0x00000000   Number         0  stm32f1xx_hal_dma.o ABSOLUTE
    ..\Drivers\STM32F1xx_HAL_Driver\Src\stm32f1xx_hal_exti.c 0x00000000   Number         0  stm32f1xx_hal_exti.o ABSOLUTE
    ..\Drivers\STM32F1xx_HAL_Driver\Src\stm32f1xx_hal_flash.c 0x00000000   Number         0  stm32f1xx_hal_flash.o ABSOLUTE
    ..\Drivers\STM32F1xx_HAL_Driver\Src\stm32f1xx_hal_flash_ex.c 0x00000000   Number         0  stm32f1xx_hal_flash_ex.o ABSOLUTE
    ..\Drivers\STM32F1xx_HAL_Driver\Src\stm32f1xx_hal_gpio.c 0x00000000   Number         0  stm32f1xx_hal_gpio.o ABSOLUTE
    ..\Drivers\STM32F1xx_HAL_Driver\Src\stm32f1xx_hal_gpio_ex.c 0x00000000   Number         0  stm32f1xx_hal_gpio_ex.o ABSOLUTE
    ..\Drivers\STM32F1xx_HAL_Driver\Src\stm32f1xx_hal_pwr.c 0x00000000   Number         0  stm32f1xx_hal_pwr.o ABSOLUTE
    ..\Drivers\STM32F1xx_HAL_Driver\Src\stm32f1xx_hal_rcc.c 0x00000000   Number         0  stm32f1xx_hal_rcc.o ABSOLUTE
    ..\Drivers\STM32F1xx_HAL_Driver\Src\stm32f1xx_hal_rcc_ex.c 0x00000000   Number         0  stm32f1xx_hal_rcc_ex.o ABSOLUTE
    ..\Drivers\STM32F1xx_HAL_Driver\Src\stm32f1xx_hal_spi.c 0x00000000   Number         0  stm32f1xx_hal_spi.o ABSOLUTE
    ..\Drivers\STM32F1xx_HAL_Driver\Src\stm32f1xx_hal_tim.c 0x00000000   Number         0  stm32f1xx_hal_tim.o ABSOLUTE
    ..\Drivers\STM32F1xx_HAL_Driver\Src\stm32f1xx_hal_tim_ex.c 0x00000000   Number         0  stm32f1xx_hal_tim_ex.o ABSOLUTE
    Application\loopback\loopback.c          0x00000000   Number         0  loopback.o ABSOLUTE
    Application\multicast\multicast.c        0x00000000   Number         0  multicast.o ABSOLUTE
    DHCP\dhcp.c                              0x00000000   Number         0  dhcp.o ABSOLUTE
    Ethernet\W5500\w5500.c                   0x00000000   Number         0  w5500.o ABSOLUTE
    Ethernet\\w5500_spi.c                    0x00000000   Number         0  w5500_spi.o ABSOLUTE
    Ethernet\socket.c                        0x00000000   Number         0  socket.o ABSOLUTE
    Ethernet\w5500_spi.c                     0x00000000   Number         0  w5500_spi.o ABSOLUTE
    Ethernet\wizchip_conf.c                  0x00000000   Number         0  wizchip_conf.o ABSOLUTE
    dc.s                                     0x00000000   Number         0  dc.o ABSOLUTE
    startup_stm32f103xb.s                    0x00000000   Number         0  startup_stm32f103xb.o ABSOLUTE
    RESET                                    0x08000000   Section      236  startup_stm32f103xb.o(RESET)
    !!!main                                  0x080000ec   Section        8  __main.o(!!!main)
    !!!scatter                               0x080000f4   Section       52  __scatter.o(!!!scatter)
    !!handler_copy                           0x08000128   Section       26  __scatter_copy.o(!!handler_copy)
    !!handler_zi                             0x08000144   Section       28  __scatter_zi.o(!!handler_zi)
    .ARM.Collect$$libinit$$00000000          0x08000160   Section        2  libinit.o(.ARM.Collect$$libinit$$00000000)
    .ARM.Collect$$libinit$$00000002          0x08000162   Section        0  libinit2.o(.ARM.Collect$$libinit$$00000002)
    .ARM.Collect$$libinit$$00000004          0x08000162   Section        0  libinit2.o(.ARM.Collect$$libinit$$00000004)
    .ARM.Collect$$libinit$$0000000A          0x08000162   Section        0  libinit2.o(.ARM.Collect$$libinit$$0000000A)
    .ARM.Collect$$libinit$$0000000C          0x08000162   Section        0  libinit2.o(.ARM.Collect$$libinit$$0000000C)
    .ARM.Collect$$libinit$$0000000E          0x08000162   Section        0  libinit2.o(.ARM.Collect$$libinit$$0000000E)
    .ARM.Collect$$libinit$$00000011          0x08000162   Section        0  libinit2.o(.ARM.Collect$$libinit$$00000011)
    .ARM.Collect$$libinit$$00000013          0x08000162   Section        0  libinit2.o(.ARM.Collect$$libinit$$00000013)
    .ARM.Collect$$libinit$$00000015          0x08000162   Section        0  libinit2.o(.ARM.Collect$$libinit$$00000015)
    .ARM.Collect$$libinit$$00000017          0x08000162   Section        0  libinit2.o(.ARM.Collect$$libinit$$00000017)
    .ARM.Collect$$libinit$$00000019          0x08000162   Section        0  libinit2.o(.ARM.Collect$$libinit$$00000019)
    .ARM.Collect$$libinit$$0000001B          0x08000162   Section        0  libinit2.o(.ARM.Collect$$libinit$$0000001B)
    .ARM.Collect$$libinit$$0000001D          0x08000162   Section        0  libinit2.o(.ARM.Collect$$libinit$$0000001D)
    .ARM.Collect$$libinit$$0000001F          0x08000162   Section        0  libinit2.o(.ARM.Collect$$libinit$$0000001F)
    .ARM.Collect$$libinit$$00000021          0x08000162   Section        0  libinit2.o(.ARM.Collect$$libinit$$00000021)
    .ARM.Collect$$libinit$$00000023          0x08000162   Section        0  libinit2.o(.ARM.Collect$$libinit$$00000023)
    .ARM.Collect$$libinit$$00000025          0x08000162   Section        0  libinit2.o(.ARM.Collect$$libinit$$00000025)
    .ARM.Collect$$libinit$$0000002C          0x08000162   Section        0  libinit2.o(.ARM.Collect$$libinit$$0000002C)
    .ARM.Collect$$libinit$$0000002E          0x08000162   Section        0  libinit2.o(.ARM.Collect$$libinit$$0000002E)
    .ARM.Collect$$libinit$$00000030          0x08000162   Section        0  libinit2.o(.ARM.Collect$$libinit$$00000030)
    .ARM.Collect$$libinit$$00000032          0x08000162   Section        0  libinit2.o(.ARM.Collect$$libinit$$00000032)
    .ARM.Collect$$libinit$$00000033          0x08000162   Section        2  libinit2.o(.ARM.Collect$$libinit$$00000033)
    .ARM.Collect$$libshutdown$$00000000      0x08000164   Section        2  libshutdown.o(.ARM.Collect$$libshutdown$$00000000)
    .ARM.Collect$$libshutdown$$00000002      0x08000166   Section        0  libshutdown2.o(.ARM.Collect$$libshutdown$$00000002)
    .ARM.Collect$$libshutdown$$00000004      0x08000166   Section        0  libshutdown2.o(.ARM.Collect$$libshutdown$$00000004)
    .ARM.Collect$$libshutdown$$00000007      0x08000166   Section        0  libshutdown2.o(.ARM.Collect$$libshutdown$$00000007)
    .ARM.Collect$$libshutdown$$0000000A      0x08000166   Section        0  libshutdown2.o(.ARM.Collect$$libshutdown$$0000000A)
    .ARM.Collect$$libshutdown$$0000000C      0x08000166   Section        0  libshutdown2.o(.ARM.Collect$$libshutdown$$0000000C)
    .ARM.Collect$$libshutdown$$0000000F      0x08000166   Section        0  libshutdown2.o(.ARM.Collect$$libshutdown$$0000000F)
    .ARM.Collect$$libshutdown$$00000010      0x08000166   Section        2  libshutdown2.o(.ARM.Collect$$libshutdown$$00000010)
    .ARM.Collect$$rtentry$$00000000          0x08000168   Section        0  __rtentry.o(.ARM.Collect$$rtentry$$00000000)
    .ARM.Collect$$rtentry$$00000002          0x08000168   Section        0  __rtentry2.o(.ARM.Collect$$rtentry$$00000002)
    .ARM.Collect$$rtentry$$00000004          0x08000168   Section        6  __rtentry4.o(.ARM.Collect$$rtentry$$00000004)
    .ARM.Collect$$rtentry$$00000009          0x0800016e   Section        0  __rtentry2.o(.ARM.Collect$$rtentry$$00000009)
    .ARM.Collect$$rtentry$$0000000A          0x0800016e   Section        4  __rtentry2.o(.ARM.Collect$$rtentry$$0000000A)
    .ARM.Collect$$rtentry$$0000000C          0x08000172   Section        0  __rtentry2.o(.ARM.Collect$$rtentry$$0000000C)
    .ARM.Collect$$rtentry$$0000000D          0x08000172   Section        8  __rtentry2.o(.ARM.Collect$$rtentry$$0000000D)
    .ARM.Collect$$rtexit$$00000000           0x0800017a   Section        2  rtexit.o(.ARM.Collect$$rtexit$$00000000)
    .ARM.Collect$$rtexit$$00000002           0x0800017c   Section        0  rtexit2.o(.ARM.Collect$$rtexit$$00000002)
    .ARM.Collect$$rtexit$$00000003           0x0800017c   Section        4  rtexit2.o(.ARM.Collect$$rtexit$$00000003)
    .ARM.Collect$$rtexit$$00000004           0x08000180   Section        6  rtexit2.o(.ARM.Collect$$rtexit$$00000004)
    .text                                    0x08000188   Section       64  startup_stm32f103xb.o(.text)
    .text                                    0x080001c8   Section       78  rt_memclr_w.o(.text)
    .text                                    0x08000216   Section        0  heapauxi.o(.text)
    .text                                    0x0800021c   Section       74  sys_stackheap_outer.o(.text)
    .text                                    0x08000266   Section        0  exit.o(.text)
    .text                                    0x08000278   Section        8  libspace.o(.text)
    .text                                    0x08000280   Section        2  use_no_semi.o(.text)
    .text                                    0x08000282   Section        0  indicate_semi.o(.text)
    .text                                    0x08000284   Section        0  sys_exit.o(.text)
    i.BusFault_Handler                       0x08000290   Section        0  stm32f1xx_it.o(i.BusFault_Handler)
    i.DebugMon_Handler                       0x08000292   Section        0  stm32f1xx_it.o(i.DebugMon_Handler)
    i.Error_Handler                          0x08000294   Section        0  main.o(i.Error_Handler)
    i.HAL_GPIO_Init                          0x08000298   Section        0  stm32f1xx_hal_gpio.o(i.HAL_GPIO_Init)
    i.HAL_GPIO_WritePin                      0x08000478   Section        0  stm32f1xx_hal_gpio.o(i.HAL_GPIO_WritePin)
    i.HAL_GetTick                            0x08000484   Section        0  stm32f1xx_hal.o(i.HAL_GetTick)
    i.HAL_IncTick                            0x08000490   Section        0  stm32f1xx_hal.o(i.HAL_IncTick)
    i.HAL_Init                               0x080004a0   Section        0  stm32f1xx_hal.o(i.HAL_Init)
    i.HAL_InitTick                           0x080004c4   Section        0  stm32f1xx_hal.o(i.HAL_InitTick)
    i.HAL_MspInit                            0x08000504   Section        0  stm32f1xx_hal_msp.o(i.HAL_MspInit)
    i.HAL_NVIC_SetPriority                   0x08000540   Section        0  stm32f1xx_hal_cortex.o(i.HAL_NVIC_SetPriority)
    i.HAL_NVIC_SetPriorityGrouping           0x08000580   Section        0  stm32f1xx_hal_cortex.o(i.HAL_NVIC_SetPriorityGrouping)
    i.HAL_RCC_ClockConfig                    0x080005a4   Section        0  stm32f1xx_hal_rcc.o(i.HAL_RCC_ClockConfig)
    i.HAL_RCC_GetSysClockFreq                0x080006d0   Section        0  stm32f1xx_hal_rcc.o(i.HAL_RCC_GetSysClockFreq)
    i.HAL_RCC_OscConfig                      0x0800071c   Section        0  stm32f1xx_hal_rcc.o(i.HAL_RCC_OscConfig)
    i.HAL_SPI_Init                           0x08000a3c   Section        0  stm32f1xx_hal_spi.o(i.HAL_SPI_Init)
    i.HAL_SPI_MspInit                        0x08000af0   Section        0  spi.o(i.HAL_SPI_MspInit)
    i.HAL_SPI_TransmitReceive                0x08000b60   Section        0  stm32f1xx_hal_spi.o(i.HAL_SPI_TransmitReceive)
    i.HAL_SYSTICK_Config                     0x08000d50   Section        0  stm32f1xx_hal_cortex.o(i.HAL_SYSTICK_Config)
    i.HardFault_Handler                      0x08000d78   Section        0  stm32f1xx_it.o(i.HardFault_Handler)
    i.MX_GPIO_Init                           0x08000d7c   Section        0  gpio.o(i.MX_GPIO_Init)
    i.MX_SPI1_Init                           0x08000e54   Section        0  spi.o(i.MX_SPI1_Init)
    i.MemManage_Handler                      0x08000e9c   Section        0  stm32f1xx_it.o(i.MemManage_Handler)
    i.NMI_Handler                            0x08000e9e   Section        0  stm32f1xx_it.o(i.NMI_Handler)
    i.PendSV_Handler                         0x08000ea0   Section        0  stm32f1xx_it.o(i.PendSV_Handler)
    i.SPIReadWrite                           0x08000ea4   Section        0  w5500_spi.o(i.SPIReadWrite)
    i.SPI_EndRxTxTransaction                 0x08000ec4   Section        0  stm32f1xx_hal_spi.o(i.SPI_EndRxTxTransaction)
    SPI_EndRxTxTransaction                   0x08000ec5   Thumb Code    52  stm32f1xx_hal_spi.o(i.SPI_EndRxTxTransaction)
    i.SPI_WaitFlagStateUntilTimeout          0x08000ef8   Section        0  stm32f1xx_hal_spi.o(i.SPI_WaitFlagStateUntilTimeout)
    SPI_WaitFlagStateUntilTimeout            0x08000ef9   Thumb Code   180  stm32f1xx_hal_spi.o(i.SPI_WaitFlagStateUntilTimeout)
    i.SVC_Handler                            0x08000fb0   Section        0  stm32f1xx_it.o(i.SVC_Handler)
    i.SysTick_Handler                        0x08000fb2   Section        0  stm32f1xx_it.o(i.SysTick_Handler)
    i.SystemClock_Config                     0x08000fb6   Section        0  main.o(i.SystemClock_Config)
    i.SystemInit                             0x08001014   Section        0  system_stm32f1xx.o(i.SystemInit)
    i.UsageFault_Handler                     0x08001016   Section        0  stm32f1xx_it.o(i.UsageFault_Handler)
    i.W5500Init                              0x08001018   Section        0  w5500_spi.o(i.W5500Init)
    i.WIZCHIP_READ                           0x080010b8   Section        0  w5500.o(i.WIZCHIP_READ)
    i.WIZCHIP_READ_BUF                       0x08001110   Section        0  w5500.o(i.WIZCHIP_READ_BUF)
    i.WIZCHIP_WRITE                          0x08001184   Section        0  w5500.o(i.WIZCHIP_WRITE)
    i.WIZCHIP_WRITE_BUF                      0x080011e4   Section        0  w5500.o(i.WIZCHIP_WRITE_BUF)
    i.__NVIC_SetPriority                     0x08001254   Section        0  stm32f1xx_hal_cortex.o(i.__NVIC_SetPriority)
    __NVIC_SetPriority                       0x08001255   Thumb Code    32  stm32f1xx_hal_cortex.o(i.__NVIC_SetPriority)
    i.close                                  0x08001274   Section        0  socket.o(i.close)
    i.connect                                0x080012e8   Section        0  socket.o(i.connect)
    i.ctlnetwork                             0x080013f0   Section        0  wizchip_conf.o(i.ctlnetwork)
    i.ctlwizchip                             0x0800143c   Section        0  wizchip_conf.o(i.ctlwizchip)
    i.disconnect                             0x08001528   Section        0  socket.o(i.disconnect)
    i.getSn_RX_RSR                           0x080015b4   Section        0  w5500.o(i.getSn_RX_RSR)
    i.getSn_TX_FSR                           0x08001600   Section        0  w5500.o(i.getSn_TX_FSR)
    i.loopback_tcpc                          0x0800164c   Section        0  main.o(i.loopback_tcpc)
    i.main                                   0x08001714   Section        0  main.o(i.main)
    i.network_init                           0x08001770   Section        0  main.o(i.network_init)
    i.recv                                   0x08001798   Section        0  socket.o(i.recv)
    i.reg_wizchip_cris_cbfunc                0x0800187c   Section        0  wizchip_conf.o(i.reg_wizchip_cris_cbfunc)
    i.reg_wizchip_cs_cbfunc                  0x080018a0   Section        0  wizchip_conf.o(i.reg_wizchip_cs_cbfunc)
    i.reg_wizchip_spi_cbfunc                 0x080018c4   Section        0  wizchip_conf.o(i.reg_wizchip_spi_cbfunc)
    i.reg_wizchip_spiburst_cbfunc            0x080018f0   Section        0  wizchip_conf.o(i.reg_wizchip_spiburst_cbfunc)
    i.send                                   0x0800191c   Section        0  socket.o(i.send)
    i.socket                                 0x08001a38   Section        0  socket.o(i.socket)
    i.w5500_enter_critical                   0x08001b54   Section        0  w5500_spi.o(i.w5500_enter_critical)
    i.w5500_exit_critical                    0x08001b58   Section        0  w5500_spi.o(i.w5500_exit_critical)
    i.wiz_recv_data                          0x08001b5c   Section        0  w5500.o(i.wiz_recv_data)
    i.wiz_send_data                          0x08001bbc   Section        0  w5500.o(i.wiz_send_data)
    i.wizchip_bus_readdata                   0x08001c1c   Section        0  wizchip_conf.o(i.wizchip_bus_readdata)
    i.wizchip_bus_writedata                  0x08001c20   Section        0  wizchip_conf.o(i.wizchip_bus_writedata)
    i.wizchip_clrinterrupt                   0x08001c24   Section        0  wizchip_conf.o(i.wizchip_clrinterrupt)
    i.wizchip_cris_enter                     0x08001c5e   Section        0  wizchip_conf.o(i.wizchip_cris_enter)
    i.wizchip_cris_exit                      0x08001c60   Section        0  wizchip_conf.o(i.wizchip_cris_exit)
    i.wizchip_cs_deselect                    0x08001c62   Section        0  wizchip_conf.o(i.wizchip_cs_deselect)
    i.wizchip_cs_select                      0x08001c64   Section        0  wizchip_conf.o(i.wizchip_cs_select)
    i.wizchip_deselect                       0x08001c68   Section        0  w5500_spi.o(i.wizchip_deselect)
    i.wizchip_getinterrupt                   0x08001c78   Section        0  wizchip_conf.o(i.wizchip_getinterrupt)
    i.wizchip_getinterruptmask               0x08001c96   Section        0  wizchip_conf.o(i.wizchip_getinterruptmask)
    i.wizchip_getnetinfo                     0x08001cb4   Section        0  wizchip_conf.o(i.wizchip_getnetinfo)
    i.wizchip_getnetmode                     0x08001d0c   Section        0  wizchip_conf.o(i.wizchip_getnetmode)
    i.wizchip_gettimeout                     0x08001d12   Section        0  wizchip_conf.o(i.wizchip_gettimeout)
    i.wizchip_init                           0x08001d3a   Section        0  wizchip_conf.o(i.wizchip_init)
    i.wizchip_read                           0x08001db4   Section        0  w5500_spi.o(i.wizchip_read)
    i.wizchip_readburst                      0x08001dba   Section        0  w5500_spi.o(i.wizchip_readburst)
    i.wizchip_select                         0x08001dd8   Section        0  w5500_spi.o(i.wizchip_select)
    i.wizchip_setinterruptmask               0x08001de8   Section        0  wizchip_conf.o(i.wizchip_setinterruptmask)
    i.wizchip_setnetinfo                     0x08001e04   Section        0  wizchip_conf.o(i.wizchip_setnetinfo)
    i.wizchip_setnetmode                     0x08001e5c   Section        0  wizchip_conf.o(i.wizchip_setnetmode)
    i.wizchip_settimeout                     0x08001e80   Section        0  wizchip_conf.o(i.wizchip_settimeout)
    i.wizchip_spi_readburst                  0x08001ea8   Section        0  wizchip_conf.o(i.wizchip_spi_readburst)
    i.wizchip_spi_readbyte                   0x08001eaa   Section        0  wizchip_conf.o(i.wizchip_spi_readbyte)
    i.wizchip_spi_writeburst                 0x08001eae   Section        0  wizchip_conf.o(i.wizchip_spi_writeburst)
    i.wizchip_spi_writebyte                  0x08001eb0   Section        0  wizchip_conf.o(i.wizchip_spi_writebyte)
    i.wizchip_sw_reset                       0x08001eb2   Section        0  wizchip_conf.o(i.wizchip_sw_reset)
    i.wizchip_write                          0x08001f26   Section        0  w5500_spi.o(i.wizchip_write)
    i.wizchip_writeburst                     0x08001f2a   Section        0  w5500_spi.o(i.wizchip_writeburst)
    i.wizphy_getphyconf                      0x08001f46   Section        0  wizchip_conf.o(i.wizphy_getphyconf)
    i.wizphy_getphylink                      0x08001f94   Section        0  wizchip_conf.o(i.wizphy_getphylink)
    i.wizphy_getphypmode                     0x08001faa   Section        0  wizchip_conf.o(i.wizphy_getphypmode)
    i.wizphy_reset                           0x08001fc4   Section        0  wizchip_conf.o(i.wizphy_reset)
    i.wizphy_setphyconf                      0x08001fee   Section        0  wizchip_conf.o(i.wizphy_setphyconf)
    i.wizphy_setphypmode                     0x08002038   Section        0  wizchip_conf.o(i.wizphy_setphypmode)
    .constdata                               0x08002088   Section       18  stm32f1xx_hal_rcc.o(.constdata)
    aPredivFactorTable                       0x08002088   Data           2  stm32f1xx_hal_rcc.o(.constdata)
    aPLLMULFactorTable                       0x0800208a   Data          16  stm32f1xx_hal_rcc.o(.constdata)
    .constdata                               0x0800209a   Section       16  system_stm32f1xx.o(.constdata)
    .constdata                               0x080020ac   Section       16  w5500_spi.o(.constdata)
    .data                                    0x20000000   Section       29  main.o(.data)
    .data                                    0x20000020   Section       12  stm32f1xx_hal.o(.data)
    .data                                    0x2000002c   Section        4  system_stm32f1xx.o(.data)
    .data                                    0x20000030   Section       52  wizchip_conf.o(.data)
    _DHCP_                                   0x20000030   Data           1  wizchip_conf.o(.data)
    _DNS_                                    0x20000031   Data           4  wizchip_conf.o(.data)
    .data                                    0x20000064   Section       14  socket.o(.data)
    sock_any_port                            0x20000064   Data           2  socket.o(.data)
    sock_io_mode                             0x20000066   Data           2  socket.o(.data)
    sock_is_sending                          0x20000068   Data           2  socket.o(.data)
    .bss                                     0x20000074   Section     2048  main.o(.bss)
    .bss                                     0x20000874   Section       88  spi.o(.bss)
    .bss                                     0x200008cc   Section       16  socket.o(.bss)
    sock_remained_size                       0x200008cc   Data          16  socket.o(.bss)
    .bss                                     0x200008dc   Section       96  libspace.o(.bss)
    HEAP                                     0x20000940   Section      512  startup_stm32f103xb.o(HEAP)
    Heap_Mem                                 0x20000940   Data         512  startup_stm32f103xb.o(HEAP)
    STACK                                    0x20000b40   Section     1024  startup_stm32f103xb.o(STACK)
    Stack_Mem                                0x20000b40   Data        1024  startup_stm32f103xb.o(STACK)
    __initial_sp                             0x20000f40   Data           0  startup_stm32f103xb.o(STACK)

    Global Symbols

    Symbol Name                              Value     Ov Type        Size  Object(Section)

    BuildAttributes$$THM_ISAv4$P$D$K$B$S$PE$A:L22UL41UL21$X:L11$S22US41US21$IEEE1$IW$USESV6$~STKCKD$USESV7$~SHL$OTIME$ROPI$EBA8$UX$STANDARDLIB$REQ8$PRES8$EABIv2 0x00000000   Number         0  anon$$obj.o ABSOLUTE
    __ARM_use_no_argv                        0x00000000   Number         0  main.o ABSOLUTE
    _printf_flags                            0x00000000   Number         0  printf_stubs.o ABSOLUTE
    _printf_return_value                     0x00000000   Number         0  printf_stubs.o ABSOLUTE
    _printf_sizespec                         0x00000000   Number         0  printf_stubs.o ABSOLUTE
    _printf_widthprec                        0x00000000   Number         0  printf_stubs.o ABSOLUTE
    __ARM_exceptions_init                     - Undefined Weak Reference
    __alloca_initialize                       - Undefined Weak Reference
    __arm_preinit_                            - Undefined Weak Reference
    __cpp_initialize__aeabi_                  - Undefined Weak Reference
    __cxa_finalize                            - Undefined Weak Reference
    __rt_locale                               - Undefined Weak Reference
    __sigvec_lookup                           - Undefined Weak Reference
    __user_heap_extent                        - Undefined Weak Reference
    _atexit_init                              - Undefined Weak Reference
    _call_atexit_fns                          - Undefined Weak Reference
    _clock_init                               - Undefined Weak Reference
    _fp_trap_init                             - Undefined Weak Reference
    _fp_trap_shutdown                         - Undefined Weak Reference
    _get_lc_collate                           - Undefined Weak Reference
    _get_lc_ctype                             - Undefined Weak Reference
    _get_lc_monetary                          - Undefined Weak Reference
    _get_lc_numeric                           - Undefined Weak Reference
    _get_lc_time                              - Undefined Weak Reference
    _getenv_init                              - Undefined Weak Reference
    _handle_redirection                       - Undefined Weak Reference
    _mutex_acquire                            - Undefined Weak Reference
    _mutex_free                               - Undefined Weak Reference
    _mutex_release                            - Undefined Weak Reference
    _printf_mbtowc                            - Undefined Weak Reference
    _printf_post_padding                      - Undefined Weak Reference
    _printf_pre_padding                       - Undefined Weak Reference
    _printf_truncate_signed                   - Undefined Weak Reference
    _printf_truncate_unsigned                 - Undefined Weak Reference
    _rand_init                                - Undefined Weak Reference
    _signal_finish                            - Undefined Weak Reference
    _signal_init                              - Undefined Weak Reference
    __Vectors_Size                           0x000000ec   Number         0  startup_stm32f103xb.o ABSOLUTE
    __Vectors                                0x08000000   Data           4  startup_stm32f103xb.o(RESET)
    __Vectors_End                            0x080000ec   Data           0  startup_stm32f103xb.o(RESET)
    __main                                   0x080000ed   Thumb Code     8  __main.o(!!!main)
    __scatterload                            0x080000f5   Thumb Code     0  __scatter.o(!!!scatter)
    __scatterload_rt2                        0x080000f5   Thumb Code    44  __scatter.o(!!!scatter)
    __scatterload_rt2_thumb_only             0x080000f5   Thumb Code     0  __scatter.o(!!!scatter)
    __scatterload_null                       0x08000103   Thumb Code     0  __scatter.o(!!!scatter)
    __scatterload_copy                       0x08000129   Thumb Code    26  __scatter_copy.o(!!handler_copy)
    __scatterload_zeroinit                   0x08000145   Thumb Code    28  __scatter_zi.o(!!handler_zi)
    __rt_lib_init                            0x08000161   Thumb Code     0  libinit.o(.ARM.Collect$$libinit$$00000000)
    __rt_lib_init_alloca_1                   0x08000163   Thumb Code     0  libinit2.o(.ARM.Collect$$libinit$$0000002E)
    __rt_lib_init_argv_1                     0x08000163   Thumb Code     0  libinit2.o(.ARM.Collect$$libinit$$0000002C)
    __rt_lib_init_atexit_1                   0x08000163   Thumb Code     0  libinit2.o(.ARM.Collect$$libinit$$0000001B)
    __rt_lib_init_clock_1                    0x08000163   Thumb Code     0  libinit2.o(.ARM.Collect$$libinit$$00000021)
    __rt_lib_init_cpp_1                      0x08000163   Thumb Code     0  libinit2.o(.ARM.Collect$$libinit$$00000032)
    __rt_lib_init_exceptions_1               0x08000163   Thumb Code     0  libinit2.o(.ARM.Collect$$libinit$$00000030)
    __rt_lib_init_fp_1                       0x08000163   Thumb Code     0  libinit2.o(.ARM.Collect$$libinit$$00000002)
    __rt_lib_init_fp_trap_1                  0x08000163   Thumb Code     0  libinit2.o(.ARM.Collect$$libinit$$0000001F)
    __rt_lib_init_getenv_1                   0x08000163   Thumb Code     0  libinit2.o(.ARM.Collect$$libinit$$00000023)
    __rt_lib_init_heap_1                     0x08000163   Thumb Code     0  libinit2.o(.ARM.Collect$$libinit$$0000000A)
    __rt_lib_init_lc_collate_1               0x08000163   Thumb Code     0  libinit2.o(.ARM.Collect$$libinit$$00000011)
    __rt_lib_init_lc_ctype_1                 0x08000163   Thumb Code     0  libinit2.o(.ARM.Collect$$libinit$$00000013)
    __rt_lib_init_lc_monetary_1              0x08000163   Thumb Code     0  libinit2.o(.ARM.Collect$$libinit$$00000015)
    __rt_lib_init_lc_numeric_1               0x08000163   Thumb Code     0  libinit2.o(.ARM.Collect$$libinit$$00000017)
    __rt_lib_init_lc_time_1                  0x08000163   Thumb Code     0  libinit2.o(.ARM.Collect$$libinit$$00000019)
    __rt_lib_init_preinit_1                  0x08000163   Thumb Code     0  libinit2.o(.ARM.Collect$$libinit$$00000004)
    __rt_lib_init_rand_1                     0x08000163   Thumb Code     0  libinit2.o(.ARM.Collect$$libinit$$0000000E)
    __rt_lib_init_return                     0x08000163   Thumb Code     0  libinit2.o(.ARM.Collect$$libinit$$00000033)
    __rt_lib_init_signal_1                   0x08000163   Thumb Code     0  libinit2.o(.ARM.Collect$$libinit$$0000001D)
    __rt_lib_init_stdio_1                    0x08000163   Thumb Code     0  libinit2.o(.ARM.Collect$$libinit$$00000025)
    __rt_lib_init_user_alloc_1               0x08000163   Thumb Code     0  libinit2.o(.ARM.Collect$$libinit$$0000000C)
    __rt_lib_shutdown                        0x08000165   Thumb Code     0  libshutdown.o(.ARM.Collect$$libshutdown$$00000000)
    __rt_lib_shutdown_cpp_1                  0x08000167   Thumb Code     0  libshutdown2.o(.ARM.Collect$$libshutdown$$00000002)
    __rt_lib_shutdown_fp_trap_1              0x08000167   Thumb Code     0  libshutdown2.o(.ARM.Collect$$libshutdown$$00000007)
    __rt_lib_shutdown_heap_1                 0x08000167   Thumb Code     0  libshutdown2.o(.ARM.Collect$$libshutdown$$0000000F)
    __rt_lib_shutdown_return                 0x08000167   Thumb Code     0  libshutdown2.o(.ARM.Collect$$libshutdown$$00000010)
    __rt_lib_shutdown_signal_1               0x08000167   Thumb Code     0  libshutdown2.o(.ARM.Collect$$libshutdown$$0000000A)
    __rt_lib_shutdown_stdio_1                0x08000167   Thumb Code     0  libshutdown2.o(.ARM.Collect$$libshutdown$$00000004)
    __rt_lib_shutdown_user_alloc_1           0x08000167   Thumb Code     0  libshutdown2.o(.ARM.Collect$$libshutdown$$0000000C)
    __rt_entry                               0x08000169   Thumb Code     0  __rtentry.o(.ARM.Collect$$rtentry$$00000000)
    __rt_entry_presh_1                       0x08000169   Thumb Code     0  __rtentry2.o(.ARM.Collect$$rtentry$$00000002)
    __rt_entry_sh                            0x08000169   Thumb Code     0  __rtentry4.o(.ARM.Collect$$rtentry$$00000004)
    __rt_entry_li                            0x0800016f   Thumb Code     0  __rtentry2.o(.ARM.Collect$$rtentry$$0000000A)
    __rt_entry_postsh_1                      0x0800016f   Thumb Code     0  __rtentry2.o(.ARM.Collect$$rtentry$$00000009)
    __rt_entry_main                          0x08000173   Thumb Code     0  __rtentry2.o(.ARM.Collect$$rtentry$$0000000D)
    __rt_entry_postli_1                      0x08000173   Thumb Code     0  __rtentry2.o(.ARM.Collect$$rtentry$$0000000C)
    __rt_exit                                0x0800017b   Thumb Code     0  rtexit.o(.ARM.Collect$$rtexit$$00000000)
    __rt_exit_ls                             0x0800017d   Thumb Code     0  rtexit2.o(.ARM.Collect$$rtexit$$00000003)
    __rt_exit_prels_1                        0x0800017d   Thumb Code     0  rtexit2.o(.ARM.Collect$$rtexit$$00000002)
    __rt_exit_exit                           0x08000181   Thumb Code     0  rtexit2.o(.ARM.Collect$$rtexit$$00000004)
    Reset_Handler                            0x08000189   Thumb Code     8  startup_stm32f103xb.o(.text)
    ADC1_2_IRQHandler                        0x080001a3   Thumb Code     0  startup_stm32f103xb.o(.text)
    CAN1_RX1_IRQHandler                      0x080001a3   Thumb Code     0  startup_stm32f103xb.o(.text)
    CAN1_SCE_IRQHandler                      0x080001a3   Thumb Code     0  startup_stm32f103xb.o(.text)
    DMA1_Channel1_IRQHandler                 0x080001a3   Thumb Code     0  startup_stm32f103xb.o(.text)
    DMA1_Channel2_IRQHandler                 0x080001a3   Thumb Code     0  startup_stm32f103xb.o(.text)
    DMA1_Channel3_IRQHandler                 0x080001a3   Thumb Code     0  startup_stm32f103xb.o(.text)
    DMA1_Channel4_IRQHandler                 0x080001a3   Thumb Code     0  startup_stm32f103xb.o(.text)
    DMA1_Channel5_IRQHandler                 0x080001a3   Thumb Code     0  startup_stm32f103xb.o(.text)
    DMA1_Channel6_IRQHandler                 0x080001a3   Thumb Code     0  startup_stm32f103xb.o(.text)
    DMA1_Channel7_IRQHandler                 0x080001a3   Thumb Code     0  startup_stm32f103xb.o(.text)
    EXTI0_IRQHandler                         0x080001a3   Thumb Code     0  startup_stm32f103xb.o(.text)
    EXTI15_10_IRQHandler                     0x080001a3   Thumb Code     0  startup_stm32f103xb.o(.text)
    EXTI1_IRQHandler                         0x080001a3   Thumb Code     0  startup_stm32f103xb.o(.text)
    EXTI2_IRQHandler                         0x080001a3   Thumb Code     0  startup_stm32f103xb.o(.text)
    EXTI3_IRQHandler                         0x080001a3   Thumb Code     0  startup_stm32f103xb.o(.text)
    EXTI4_IRQHandler                         0x080001a3   Thumb Code     0  startup_stm32f103xb.o(.text)
    EXTI9_5_IRQHandler                       0x080001a3   Thumb Code     0  startup_stm32f103xb.o(.text)
    FLASH_IRQHandler                         0x080001a3   Thumb Code     0  startup_stm32f103xb.o(.text)
    I2C1_ER_IRQHandler                       0x080001a3   Thumb Code     0  startup_stm32f103xb.o(.text)
    I2C1_EV_IRQHandler                       0x080001a3   Thumb Code     0  startup_stm32f103xb.o(.text)
    I2C2_ER_IRQHandler                       0x080001a3   Thumb Code     0  startup_stm32f103xb.o(.text)
    I2C2_EV_IRQHandler                       0x080001a3   Thumb Code     0  startup_stm32f103xb.o(.text)
    PVD_IRQHandler                           0x080001a3   Thumb Code     0  startup_stm32f103xb.o(.text)
    RCC_IRQHandler                           0x080001a3   Thumb Code     0  startup_stm32f103xb.o(.text)
    RTC_Alarm_IRQHandler                     0x080001a3   Thumb Code     0  startup_stm32f103xb.o(.text)
    RTC_IRQHandler                           0x080001a3   Thumb Code     0  startup_stm32f103xb.o(.text)
    SPI1_IRQHandler                          0x080001a3   Thumb Code     0  startup_stm32f103xb.o(.text)
    SPI2_IRQHandler                          0x080001a3   Thumb Code     0  startup_stm32f103xb.o(.text)
    TAMPER_IRQHandler                        0x080001a3   Thumb Code     0  startup_stm32f103xb.o(.text)
    TIM1_BRK_IRQHandler                      0x080001a3   Thumb Code     0  startup_stm32f103xb.o(.text)
    TIM1_CC_IRQHandler                       0x080001a3   Thumb Code     0  startup_stm32f103xb.o(.text)
    TIM1_TRG_COM_IRQHandler                  0x080001a3   Thumb Code     0  startup_stm32f103xb.o(.text)
    TIM1_UP_IRQHandler                       0x080001a3   Thumb Code     0  startup_stm32f103xb.o(.text)
    TIM2_IRQHandler                          0x080001a3   Thumb Code     0  startup_stm32f103xb.o(.text)
    TIM3_IRQHandler                          0x080001a3   Thumb Code     0  startup_stm32f103xb.o(.text)
    TIM4_IRQHandler                          0x080001a3   Thumb Code     0  startup_stm32f103xb.o(.text)
    USART1_IRQHandler                        0x080001a3   Thumb Code     0  startup_stm32f103xb.o(.text)
    USART2_IRQHandler                        0x080001a3   Thumb Code     0  startup_stm32f103xb.o(.text)
    USART3_IRQHandler                        0x080001a3   Thumb Code     0  startup_stm32f103xb.o(.text)
    USBWakeUp_IRQHandler                     0x080001a3   Thumb Code     0  startup_stm32f103xb.o(.text)
    USB_HP_CAN1_TX_IRQHandler                0x080001a3   Thumb Code     0  startup_stm32f103xb.o(.text)
    USB_LP_CAN1_RX0_IRQHandler               0x080001a3   Thumb Code     0  startup_stm32f103xb.o(.text)
    WWDG_IRQHandler                          0x080001a3   Thumb Code     0  startup_stm32f103xb.o(.text)
    __user_initial_stackheap                 0x080001a5   Thumb Code     0  startup_stm32f103xb.o(.text)
    __aeabi_memclr4                          0x080001c9   Thumb Code     0  rt_memclr_w.o(.text)
    __aeabi_memclr8                          0x080001c9   Thumb Code     0  rt_memclr_w.o(.text)
    __rt_memclr_w                            0x080001c9   Thumb Code    78  rt_memclr_w.o(.text)
    _memset_w                                0x080001cd   Thumb Code     0  rt_memclr_w.o(.text)
    __use_two_region_memory                  0x08000217   Thumb Code     2  heapauxi.o(.text)
    __rt_heap_escrow                         0x08000219   Thumb Code     2  heapauxi.o(.text)
    __rt_heap_expand                         0x0800021b   Thumb Code     2  heapauxi.o(.text)
    __user_setup_stackheap                   0x0800021d   Thumb Code    74  sys_stackheap_outer.o(.text)
    exit                                     0x08000267   Thumb Code    18  exit.o(.text)
    __user_libspace                          0x08000279   Thumb Code     8  libspace.o(.text)
    __user_perproc_libspace                  0x08000279   Thumb Code     0  libspace.o(.text)
    __user_perthread_libspace                0x08000279   Thumb Code     0  libspace.o(.text)
    __I$use$semihosting                      0x08000281   Thumb Code     0  use_no_semi.o(.text)
    __use_no_semihosting_swi                 0x08000281   Thumb Code     2  use_no_semi.o(.text)
    __semihosting_library_function           0x08000283   Thumb Code     0  indicate_semi.o(.text)
    _sys_exit                                0x08000285   Thumb Code     8  sys_exit.o(.text)
    BusFault_Handler                         0x08000291   Thumb Code     2  stm32f1xx_it.o(i.BusFault_Handler)
    DebugMon_Handler                         0x08000293   Thumb Code     2  stm32f1xx_it.o(i.DebugMon_Handler)
    Error_Handler                            0x08000295   Thumb Code     4  main.o(i.Error_Handler)
    HAL_GPIO_Init                            0x08000299   Thumb Code   446  stm32f1xx_hal_gpio.o(i.HAL_GPIO_Init)
    HAL_GPIO_WritePin                        0x08000479   Thumb Code    10  stm32f1xx_hal_gpio.o(i.HAL_GPIO_WritePin)
    HAL_GetTick                              0x08000485   Thumb Code     6  stm32f1xx_hal.o(i.HAL_GetTick)
    HAL_IncTick                              0x08000491   Thumb Code    12  stm32f1xx_hal.o(i.HAL_IncTick)
    HAL_Init                                 0x080004a1   Thumb Code    32  stm32f1xx_hal.o(i.HAL_Init)
    HAL_InitTick                             0x080004c5   Thumb Code    54  stm32f1xx_hal.o(i.HAL_InitTick)
    HAL_MspInit                              0x08000505   Thumb Code    52  stm32f1xx_hal_msp.o(i.HAL_MspInit)
    HAL_NVIC_SetPriority                     0x08000541   Thumb Code    60  stm32f1xx_hal_cortex.o(i.HAL_NVIC_SetPriority)
    HAL_NVIC_SetPriorityGrouping             0x08000581   Thumb Code    26  stm32f1xx_hal_cortex.o(i.HAL_NVIC_SetPriorityGrouping)
    HAL_RCC_ClockConfig                      0x080005a5   Thumb Code   280  stm32f1xx_hal_rcc.o(i.HAL_RCC_ClockConfig)
    HAL_RCC_GetSysClockFreq                  0x080006d1   Thumb Code    58  stm32f1xx_hal_rcc.o(i.HAL_RCC_GetSysClockFreq)
    HAL_RCC_OscConfig                        0x0800071d   Thumb Code   778  stm32f1xx_hal_rcc.o(i.HAL_RCC_OscConfig)
    HAL_SPI_Init                             0x08000a3d   Thumb Code   178  stm32f1xx_hal_spi.o(i.HAL_SPI_Init)
    HAL_SPI_MspInit                          0x08000af1   Thumb Code    98  spi.o(i.HAL_SPI_MspInit)
    HAL_SPI_TransmitReceive                  0x08000b61   Thumb Code   496  stm32f1xx_hal_spi.o(i.HAL_SPI_TransmitReceive)
    HAL_SYSTICK_Config                       0x08000d51   Thumb Code    40  stm32f1xx_hal_cortex.o(i.HAL_SYSTICK_Config)
    HardFault_Handler                        0x08000d79   Thumb Code     2  stm32f1xx_it.o(i.HardFault_Handler)
    MX_GPIO_Init                             0x08000d7d   Thumb Code   200  gpio.o(i.MX_GPIO_Init)
    MX_SPI1_Init                             0x08000e55   Thumb Code    62  spi.o(i.MX_SPI1_Init)
    MemManage_Handler                        0x08000e9d   Thumb Code     2  stm32f1xx_it.o(i.MemManage_Handler)
    NMI_Handler                              0x08000e9f   Thumb Code     2  stm32f1xx_it.o(i.NMI_Handler)
    PendSV_Handler                           0x08000ea1   Thumb Code     2  stm32f1xx_it.o(i.PendSV_Handler)
    SPIReadWrite                             0x08000ea5   Thumb Code    26  w5500_spi.o(i.SPIReadWrite)
    SVC_Handler                              0x08000fb1   Thumb Code     2  stm32f1xx_it.o(i.SVC_Handler)
    SysTick_Handler                          0x08000fb3   Thumb Code     4  stm32f1xx_it.o(i.SysTick_Handler)
    SystemClock_Config                       0x08000fb7   Thumb Code    94  main.o(i.SystemClock_Config)
    SystemInit                               0x08001015   Thumb Code     2  system_stm32f1xx.o(i.SystemInit)
    UsageFault_Handler                       0x08001017   Thumb Code     2  stm32f1xx_it.o(i.UsageFault_Handler)
    W5500Init                                0x08001019   Thumb Code   116  w5500_spi.o(i.W5500Init)
    WIZCHIP_READ                             0x080010b9   Thumb Code    84  w5500.o(i.WIZCHIP_READ)
    WIZCHIP_READ_BUF                         0x08001111   Thumb Code   112  w5500.o(i.WIZCHIP_READ_BUF)
    WIZCHIP_WRITE                            0x08001185   Thumb Code    90  w5500.o(i.WIZCHIP_WRITE)
    WIZCHIP_WRITE_BUF                        0x080011e5   Thumb Code   108  w5500.o(i.WIZCHIP_WRITE_BUF)
    close                                    0x08001275   Thumb Code   108  socket.o(i.close)
    connect                                  0x080012e9   Thumb Code   258  socket.o(i.connect)
    ctlnetwork                               0x080013f1   Thumb Code    76  wizchip_conf.o(i.ctlnetwork)
    ctlwizchip                               0x0800143d   Thumb Code   230  wizchip_conf.o(i.ctlwizchip)
    disconnect                               0x08001529   Thumb Code   134  socket.o(i.disconnect)
    getSn_RX_RSR                             0x080015b5   Thumb Code    76  w5500.o(i.getSn_RX_RSR)
    getSn_TX_FSR                             0x08001601   Thumb Code    76  w5500.o(i.getSn_TX_FSR)
    loopback_tcpc                            0x0800164d   Thumb Code   200  main.o(i.loopback_tcpc)
    main                                     0x08001715   Thumb Code    82  main.o(i.main)
    network_init                             0x08001771   Thumb Code    36  main.o(i.network_init)
    recv                                     0x08001799   Thumb Code   224  socket.o(i.recv)
    reg_wizchip_cris_cbfunc                  0x0800187d   Thumb Code    22  wizchip_conf.o(i.reg_wizchip_cris_cbfunc)
    reg_wizchip_cs_cbfunc                    0x080018a1   Thumb Code    22  wizchip_conf.o(i.reg_wizchip_cs_cbfunc)
    reg_wizchip_spi_cbfunc                   0x080018c5   Thumb Code    30  wizchip_conf.o(i.reg_wizchip_spi_cbfunc)
    reg_wizchip_spiburst_cbfunc              0x080018f1   Thumb Code    30  wizchip_conf.o(i.reg_wizchip_spiburst_cbfunc)
    send                                     0x0800191d   Thumb Code   278  socket.o(i.send)
    socket                                   0x08001a39   Thumb Code   276  socket.o(i.socket)
    w5500_enter_critical                     0x08001b55   Thumb Code     4  w5500_spi.o(i.w5500_enter_critical)
    w5500_exit_critical                      0x08001b59   Thumb Code     4  w5500_spi.o(i.w5500_exit_critical)
    wiz_recv_data                            0x08001b5d   Thumb Code    96  w5500.o(i.wiz_recv_data)
    wiz_send_data                            0x08001bbd   Thumb Code    96  w5500.o(i.wiz_send_data)
    wizchip_bus_readdata                     0x08001c1d   Thumb Code     4  wizchip_conf.o(i.wizchip_bus_readdata)
    wizchip_bus_writedata                    0x08001c21   Thumb Code     4  wizchip_conf.o(i.wizchip_bus_writedata)
    wizchip_clrinterrupt                     0x08001c25   Thumb Code    58  wizchip_conf.o(i.wizchip_clrinterrupt)
    wizchip_cris_enter                       0x08001c5f   Thumb Code     2  wizchip_conf.o(i.wizchip_cris_enter)
    wizchip_cris_exit                        0x08001c61   Thumb Code     2  wizchip_conf.o(i.wizchip_cris_exit)
    wizchip_cs_deselect                      0x08001c63   Thumb Code     2  wizchip_conf.o(i.wizchip_cs_deselect)
    wizchip_cs_select                        0x08001c65   Thumb Code     2  wizchip_conf.o(i.wizchip_cs_select)
    wizchip_deselect                         0x08001c69   Thumb Code    10  w5500_spi.o(i.wizchip_deselect)
    wizchip_getinterrupt                     0x08001c79   Thumb Code    30  wizchip_conf.o(i.wizchip_getinterrupt)
    wizchip_getinterruptmask                 0x08001c97   Thumb Code    28  wizchip_conf.o(i.wizchip_getinterruptmask)
    wizchip_getnetinfo                       0x08001cb5   Thumb Code    82  wizchip_conf.o(i.wizchip_getnetinfo)
    wizchip_getnetmode                       0x08001d0d   Thumb Code     6  wizchip_conf.o(i.wizchip_getnetmode)
    wizchip_gettimeout                       0x08001d13   Thumb Code    40  wizchip_conf.o(i.wizchip_gettimeout)
    wizchip_init                             0x08001d3b   Thumb Code   122  wizchip_conf.o(i.wizchip_init)
    wizchip_read                             0x08001db5   Thumb Code     6  w5500_spi.o(i.wizchip_read)
    wizchip_readburst                        0x08001dbb   Thumb Code    30  w5500_spi.o(i.wizchip_readburst)
    wizchip_select                           0x08001dd9   Thumb Code    10  w5500_spi.o(i.wizchip_select)
    wizchip_setinterruptmask                 0x08001de9   Thumb Code    28  wizchip_conf.o(i.wizchip_setinterruptmask)
    wizchip_setnetinfo                       0x08001e05   Thumb Code    82  wizchip_conf.o(i.wizchip_setnetinfo)
    wizchip_setnetmode                       0x08001e5d   Thumb Code    36  wizchip_conf.o(i.wizchip_setnetmode)
    wizchip_settimeout                       0x08001e81   Thumb Code    40  wizchip_conf.o(i.wizchip_settimeout)
    wizchip_spi_readburst                    0x08001ea9   Thumb Code     2  wizchip_conf.o(i.wizchip_spi_readburst)
    wizchip_spi_readbyte                     0x08001eab   Thumb Code     4  wizchip_conf.o(i.wizchip_spi_readbyte)
    wizchip_spi_writeburst                   0x08001eaf   Thumb Code     2  wizchip_conf.o(i.wizchip_spi_writeburst)
    wizchip_spi_writebyte                    0x08001eb1   Thumb Code     2  wizchip_conf.o(i.wizchip_spi_writebyte)
    wizchip_sw_reset                         0x08001eb3   Thumb Code   116  wizchip_conf.o(i.wizchip_sw_reset)
    wizchip_write                            0x08001f27   Thumb Code     4  w5500_spi.o(i.wizchip_write)
    wizchip_writeburst                       0x08001f2b   Thumb Code    28  w5500_spi.o(i.wizchip_writeburst)
    wizphy_getphyconf                        0x08001f47   Thumb Code    78  wizchip_conf.o(i.wizphy_getphyconf)
    wizphy_getphylink                        0x08001f95   Thumb Code    22  wizchip_conf.o(i.wizphy_getphylink)
    wizphy_getphypmode                       0x08001fab   Thumb Code    26  wizchip_conf.o(i.wizphy_getphypmode)
    wizphy_reset                             0x08001fc5   Thumb Code    42  wizchip_conf.o(i.wizphy_reset)
    wizphy_setphyconf                        0x08001fef   Thumb Code    74  wizchip_conf.o(i.wizphy_setphyconf)
    wizphy_setphypmode                       0x08002039   Thumb Code    80  wizchip_conf.o(i.wizphy_setphypmode)
    AHBPrescTable                            0x0800209a   Data          16  system_stm32f1xx.o(.constdata)
    Region$$Table$$Base                      0x080020bc   Number         0  anon$$obj.o(Region$$Table)
    Region$$Table$$Limit                     0x080020dc   Number         0  anon$$obj.o(Region$$Table)
    dest_port                                0x20000000   Data           2  main.o(.data)
    dest_ip                                  0x20000002   Data           4  main.o(.data)
    gWIZNETINFO                              0x20000006   Data          23  main.o(.data)
    uwTickFreq                               0x20000020   Data           1  stm32f1xx_hal.o(.data)
    uwTickPrio                               0x20000024   Data           4  stm32f1xx_hal.o(.data)
    uwTick                                   0x20000028   Data           4  stm32f1xx_hal.o(.data)
    SystemCoreClock                          0x2000002c   Data           4  system_stm32f1xx.o(.data)
    WIZCHIP                                  0x20000038   Data          44  wizchip_conf.o(.data)
    sock_pack_info                           0x2000006a   Data           8  socket.o(.data)
    gDATABUF                                 0x20000074   Data        2048  main.o(.bss)
    hspi1                                    0x20000874   Data          88  spi.o(.bss)
    __libspace_start                         0x200008dc   Data          96  libspace.o(.bss)
    __temporary_stack_top$libspace           0x2000093c   Data           0  libspace.o(.bss)



==============================================================================

Memory Map of the image

  Image Entry point : 0x080000ed

  Load Region LR_IROM1 (Base: 0x08000000, Size: 0x00002150, Max: 0x00010000, ABSOLUTE)

    Execution Region ER_IROM1 (Exec base: 0x08000000, Load base: 0x08000000, Size: 0x000020dc, Max: 0x00010000, ABSOLUTE)

    Exec Addr    Load Addr    Size         Type   Attr      Idx    E Section Name        Object

    0x08000000   0x08000000   0x000000ec   Data   RO            3    RESET               startup_stm32f103xb.o
    0x080000ec   0x080000ec   0x00000008   Code   RO         2442  * !!!main             c_w.l(__main.o)
    0x080000f4   0x080000f4   0x00000034   Code   RO         2793    !!!scatter          c_w.l(__scatter.o)
    0x08000128   0x08000128   0x0000001a   Code   RO         2795    !!handler_copy      c_w.l(__scatter_copy.o)
    0x08000142   0x08000142   0x00000002   PAD
    0x08000144   0x08000144   0x0000001c   Code   RO         2797    !!handler_zi        c_w.l(__scatter_zi.o)
    0x08000160   0x08000160   0x00000002   Code   RO         2580    .ARM.Collect$$libinit$$00000000  c_w.l(libinit.o)
    0x08000162   0x08000162   0x00000000   Code   RO         2582    .ARM.Collect$$libinit$$00000002  c_w.l(libinit2.o)
    0x08000162   0x08000162   0x00000000   Code   RO         2584    .ARM.Collect$$libinit$$00000004  c_w.l(libinit2.o)
    0x08000162   0x08000162   0x00000000   Code   RO         2587    .ARM.Collect$$libinit$$0000000A  c_w.l(libinit2.o)
    0x08000162   0x08000162   0x00000000   Code   RO         2589    .ARM.Collect$$libinit$$0000000C  c_w.l(libinit2.o)
    0x08000162   0x08000162   0x00000000   Code   RO         2591    .ARM.Collect$$libinit$$0000000E  c_w.l(libinit2.o)
    0x08000162   0x08000162   0x00000000   Code   RO         2594    .ARM.Collect$$libinit$$00000011  c_w.l(libinit2.o)
    0x08000162   0x08000162   0x00000000   Code   RO         2596    .ARM.Collect$$libinit$$00000013  c_w.l(libinit2.o)
    0x08000162   0x08000162   0x00000000   Code   RO         2598    .ARM.Collect$$libinit$$00000015  c_w.l(libinit2.o)
    0x08000162   0x08000162   0x00000000   Code   RO         2600    .ARM.Collect$$libinit$$00000017  c_w.l(libinit2.o)
    0x08000162   0x08000162   0x00000000   Code   RO         2602    .ARM.Collect$$libinit$$00000019  c_w.l(libinit2.o)
    0x08000162   0x08000162   0x00000000   Code   RO         2604    .ARM.Collect$$libinit$$0000001B  c_w.l(libinit2.o)
    0x08000162   0x08000162   0x00000000   Code   RO         2606    .ARM.Collect$$libinit$$0000001D  c_w.l(libinit2.o)
    0x08000162   0x08000162   0x00000000   Code   RO         2608    .ARM.Collect$$libinit$$0000001F  c_w.l(libinit2.o)
    0x08000162   0x08000162   0x00000000   Code   RO         2610    .ARM.Collect$$libinit$$00000021  c_w.l(libinit2.o)
    0x08000162   0x08000162   0x00000000   Code   RO         2612    .ARM.Collect$$libinit$$00000023  c_w.l(libinit2.o)
    0x08000162   0x08000162   0x00000000   Code   RO         2614    .ARM.Collect$$libinit$$00000025  c_w.l(libinit2.o)
    0x08000162   0x08000162   0x00000000   Code   RO         2618    .ARM.Collect$$libinit$$0000002C  c_w.l(libinit2.o)
    0x08000162   0x08000162   0x00000000   Code   RO         2620    .ARM.Collect$$libinit$$0000002E  c_w.l(libinit2.o)
    0x08000162   0x08000162   0x00000000   Code   RO         2622    .ARM.Collect$$libinit$$00000030  c_w.l(libinit2.o)
    0x08000162   0x08000162   0x00000000   Code   RO         2624    .ARM.Collect$$libinit$$00000032  c_w.l(libinit2.o)
    0x08000162   0x08000162   0x00000002   Code   RO         2625    .ARM.Collect$$libinit$$00000033  c_w.l(libinit2.o)
    0x08000164   0x08000164   0x00000002   Code   RO         2772    .ARM.Collect$$libshutdown$$00000000  c_w.l(libshutdown.o)
    0x08000166   0x08000166   0x00000000   Code   RO         2627    .ARM.Collect$$libshutdown$$00000002  c_w.l(libshutdown2.o)
    0x08000166   0x08000166   0x00000000   Code   RO         2629    .ARM.Collect$$libshutdown$$00000004  c_w.l(libshutdown2.o)
    0x08000166   0x08000166   0x00000000   Code   RO         2632    .ARM.Collect$$libshutdown$$00000007  c_w.l(libshutdown2.o)
    0x08000166   0x08000166   0x00000000   Code   RO         2635    .ARM.Collect$$libshutdown$$0000000A  c_w.l(libshutdown2.o)
    0x08000166   0x08000166   0x00000000   Code   RO         2637    .ARM.Collect$$libshutdown$$0000000C  c_w.l(libshutdown2.o)
    0x08000166   0x08000166   0x00000000   Code   RO         2640    .ARM.Collect$$libshutdown$$0000000F  c_w.l(libshutdown2.o)
    0x08000166   0x08000166   0x00000002   Code   RO         2641    .ARM.Collect$$libshutdown$$00000010  c_w.l(libshutdown2.o)
    0x08000168   0x08000168   0x00000000   Code   RO         2444    .ARM.Collect$$rtentry$$00000000  c_w.l(__rtentry.o)
    0x08000168   0x08000168   0x00000000   Code   RO         2459    .ARM.Collect$$rtentry$$00000002  c_w.l(__rtentry2.o)
    0x08000168   0x08000168   0x00000006   Code   RO         2471    .ARM.Collect$$rtentry$$00000004  c_w.l(__rtentry4.o)
    0x0800016e   0x0800016e   0x00000000   Code   RO         2461    .ARM.Collect$$rtentry$$00000009  c_w.l(__rtentry2.o)
    0x0800016e   0x0800016e   0x00000004   Code   RO         2462    .ARM.Collect$$rtentry$$0000000A  c_w.l(__rtentry2.o)
    0x08000172   0x08000172   0x00000000   Code   RO         2464    .ARM.Collect$$rtentry$$0000000C  c_w.l(__rtentry2.o)
    0x08000172   0x08000172   0x00000008   Code   RO         2465    .ARM.Collect$$rtentry$$0000000D  c_w.l(__rtentry2.o)
    0x0800017a   0x0800017a   0x00000002   Code   RO         2650    .ARM.Collect$$rtexit$$00000000  c_w.l(rtexit.o)
    0x0800017c   0x0800017c   0x00000000   Code   RO         2708    .ARM.Collect$$rtexit$$00000002  c_w.l(rtexit2.o)
    0x0800017c   0x0800017c   0x00000004   Code   RO         2709    .ARM.Collect$$rtexit$$00000003  c_w.l(rtexit2.o)
    0x08000180   0x08000180   0x00000006   Code   RO         2710    .ARM.Collect$$rtexit$$00000004  c_w.l(rtexit2.o)
    0x08000186   0x08000186   0x00000002   PAD
    0x08000188   0x08000188   0x00000040   Code   RO            4    .text               startup_stm32f103xb.o
    0x080001c8   0x080001c8   0x0000004e   Code   RO         2438    .text               c_w.l(rt_memclr_w.o)
    0x08000216   0x08000216   0x00000006   Code   RO         2440    .text               c_w.l(heapauxi.o)
    0x0800021c   0x0800021c   0x0000004a   Code   RO         2496    .text               c_w.l(sys_stackheap_outer.o)
    0x08000266   0x08000266   0x00000012   Code   RO         2569    .text               c_w.l(exit.o)
    0x08000278   0x08000278   0x00000008   Code   RO         2644    .text               c_w.l(libspace.o)
    0x08000280   0x08000280   0x00000002   Code   RO         2647    .text               c_w.l(use_no_semi.o)
    0x08000282   0x08000282   0x00000000   Code   RO         2649    .text               c_w.l(indicate_semi.o)
    0x08000282   0x08000282   0x00000002   PAD
    0x08000284   0x08000284   0x0000000c   Code   RO         2705    .text               c_w.l(sys_exit.o)
    0x08000290   0x08000290   0x00000002   Code   RO          249    i.BusFault_Handler  stm32f1xx_it.o
    0x08000292   0x08000292   0x00000002   Code   RO          250    i.DebugMon_Handler  stm32f1xx_it.o
    0x08000294   0x08000294   0x00000004   Code   RO           13    i.Error_Handler     main.o
    0x08000298   0x08000298   0x000001e0   Code   RO         1023    i.HAL_GPIO_Init     stm32f1xx_hal_gpio.o
    0x08000478   0x08000478   0x0000000a   Code   RO         1027    i.HAL_GPIO_WritePin  stm32f1xx_hal_gpio.o
    0x08000482   0x08000482   0x00000002   PAD
    0x08000484   0x08000484   0x0000000c   Code   RO          717    i.HAL_GetTick       stm32f1xx_hal.o
    0x08000490   0x08000490   0x00000010   Code   RO          723    i.HAL_IncTick       stm32f1xx_hal.o
    0x080004a0   0x080004a0   0x00000024   Code   RO          724    i.HAL_Init          stm32f1xx_hal.o
    0x080004c4   0x080004c4   0x00000040   Code   RO          725    i.HAL_InitTick      stm32f1xx_hal.o
    0x08000504   0x08000504   0x0000003c   Code   RO          324    i.HAL_MspInit       stm32f1xx_hal_msp.o
    0x08000540   0x08000540   0x00000040   Code   RO         1189    i.HAL_NVIC_SetPriority  stm32f1xx_hal_cortex.o
    0x08000580   0x08000580   0x00000024   Code   RO         1190    i.HAL_NVIC_SetPriorityGrouping  stm32f1xx_hal_cortex.o
    0x080005a4   0x080005a4   0x0000012c   Code   RO          881    i.HAL_RCC_ClockConfig  stm32f1xx_hal_rcc.o
    0x080006d0   0x080006d0   0x0000004c   Code   RO          890    i.HAL_RCC_GetSysClockFreq  stm32f1xx_hal_rcc.o
    0x0800071c   0x0800071c   0x00000320   Code   RO          893    i.HAL_RCC_OscConfig  stm32f1xx_hal_rcc.o
    0x08000a3c   0x08000a3c   0x000000b2   Code   RO          395    i.HAL_SPI_Init      stm32f1xx_hal_spi.o
    0x08000aee   0x08000aee   0x00000002   PAD
    0x08000af0   0x08000af0   0x00000070   Code   RO          208    i.HAL_SPI_MspInit   spi.o
    0x08000b60   0x08000b60   0x000001f0   Code   RO          404    i.HAL_SPI_TransmitReceive  stm32f1xx_hal_spi.o
    0x08000d50   0x08000d50   0x00000028   Code   RO         1194    i.HAL_SYSTICK_Config  stm32f1xx_hal_cortex.o
    0x08000d78   0x08000d78   0x00000002   Code   RO          251    i.HardFault_Handler  stm32f1xx_it.o
    0x08000d7a   0x08000d7a   0x00000002   PAD
    0x08000d7c   0x08000d7c   0x000000d8   Code   RO          183    i.MX_GPIO_Init      gpio.o
    0x08000e54   0x08000e54   0x00000048   Code   RO          209    i.MX_SPI1_Init      spi.o
    0x08000e9c   0x08000e9c   0x00000002   Code   RO          252    i.MemManage_Handler  stm32f1xx_it.o
    0x08000e9e   0x08000e9e   0x00000002   Code   RO          253    i.NMI_Handler       stm32f1xx_it.o
    0x08000ea0   0x08000ea0   0x00000002   Code   RO          254    i.PendSV_Handler    stm32f1xx_it.o
    0x08000ea2   0x08000ea2   0x00000002   PAD
    0x08000ea4   0x08000ea4   0x00000020   Code   RO         2313    i.SPIReadWrite      w5500_spi.o
    0x08000ec4   0x08000ec4   0x00000034   Code   RO          433    i.SPI_EndRxTxTransaction  stm32f1xx_hal_spi.o
    0x08000ef8   0x08000ef8   0x000000b8   Code   RO          438    i.SPI_WaitFlagStateUntilTimeout  stm32f1xx_hal_spi.o
    0x08000fb0   0x08000fb0   0x00000002   Code   RO          255    i.SVC_Handler       stm32f1xx_it.o
    0x08000fb2   0x08000fb2   0x00000004   Code   RO          256    i.SysTick_Handler   stm32f1xx_it.o
    0x08000fb6   0x08000fb6   0x0000005e   Code   RO           14    i.SystemClock_Config  main.o
    0x08001014   0x08001014   0x00000002   Code   RO         1720    i.SystemInit        system_stm32f1xx.o
    0x08001016   0x08001016   0x00000002   Code   RO          257    i.UsageFault_Handler  stm32f1xx_it.o
    0x08001018   0x08001018   0x000000a0   Code   RO         2315    i.W5500Init         w5500_spi.o
    0x080010b8   0x080010b8   0x00000058   Code   RO         2207    i.WIZCHIP_READ      w5500.o
    0x08001110   0x08001110   0x00000074   Code   RO         2208    i.WIZCHIP_READ_BUF  w5500.o
    0x08001184   0x08001184   0x00000060   Code   RO         2209    i.WIZCHIP_WRITE     w5500.o
    0x080011e4   0x080011e4   0x00000070   Code   RO         2210    i.WIZCHIP_WRITE_BUF  w5500.o
    0x08001254   0x08001254   0x00000020   Code   RO         1196    i.__NVIC_SetPriority  stm32f1xx_hal_cortex.o
    0x08001274   0x08001274   0x00000074   Code   RO         2118    i.close             socket.o
    0x080012e8   0x080012e8   0x00000108   Code   RO         2119    i.connect           socket.o
    0x080013f0   0x080013f0   0x0000004c   Code   RO         1896    i.ctlnetwork        wizchip_conf.o
    0x0800143c   0x0800143c   0x000000ec   Code   RO         1897    i.ctlwizchip        wizchip_conf.o
    0x08001528   0x08001528   0x0000008c   Code   RO         2121    i.disconnect        socket.o
    0x080015b4   0x080015b4   0x0000004c   Code   RO         2211    i.getSn_RX_RSR      w5500.o
    0x08001600   0x08001600   0x0000004c   Code   RO         2212    i.getSn_TX_FSR      w5500.o
    0x0800164c   0x0800164c   0x000000c8   Code   RO           15    i.loopback_tcpc     main.o
    0x08001714   0x08001714   0x0000005c   Code   RO           17    i.main              main.o
    0x08001770   0x08001770   0x00000028   Code   RO           18    i.network_init      main.o
    0x08001798   0x08001798   0x000000e4   Code   RO         2124    i.recv              socket.o
    0x0800187c   0x0800187c   0x00000024   Code   RO         1899    i.reg_wizchip_cris_cbfunc  wizchip_conf.o
    0x080018a0   0x080018a0   0x00000024   Code   RO         1900    i.reg_wizchip_cs_cbfunc  wizchip_conf.o
    0x080018c4   0x080018c4   0x0000002c   Code   RO         1901    i.reg_wizchip_spi_cbfunc  wizchip_conf.o
    0x080018f0   0x080018f0   0x0000002c   Code   RO         1902    i.reg_wizchip_spiburst_cbfunc  wizchip_conf.o
    0x0800191c   0x0800191c   0x0000011c   Code   RO         2126    i.send              socket.o
    0x08001a38   0x08001a38   0x0000011c   Code   RO         2129    i.socket            socket.o
    0x08001b54   0x08001b54   0x00000004   Code   RO         2316    i.w5500_enter_critical  w5500_spi.o
    0x08001b58   0x08001b58   0x00000004   Code   RO         2317    i.w5500_exit_critical  w5500_spi.o
    0x08001b5c   0x08001b5c   0x00000060   Code   RO         2213    i.wiz_recv_data     w5500.o
    0x08001bbc   0x08001bbc   0x00000060   Code   RO         2215    i.wiz_send_data     w5500.o
    0x08001c1c   0x08001c1c   0x00000004   Code   RO         1903    i.wizchip_bus_readdata  wizchip_conf.o
    0x08001c20   0x08001c20   0x00000004   Code   RO         1904    i.wizchip_bus_writedata  wizchip_conf.o
    0x08001c24   0x08001c24   0x0000003a   Code   RO         1905    i.wizchip_clrinterrupt  wizchip_conf.o
    0x08001c5e   0x08001c5e   0x00000002   Code   RO         1906    i.wizchip_cris_enter  wizchip_conf.o
    0x08001c60   0x08001c60   0x00000002   Code   RO         1907    i.wizchip_cris_exit  wizchip_conf.o
    0x08001c62   0x08001c62   0x00000002   Code   RO         1908    i.wizchip_cs_deselect  wizchip_conf.o
    0x08001c64   0x08001c64   0x00000002   Code   RO         1909    i.wizchip_cs_select  wizchip_conf.o
    0x08001c66   0x08001c66   0x00000002   PAD
    0x08001c68   0x08001c68   0x00000010   Code   RO         2318    i.wizchip_deselect  w5500_spi.o
    0x08001c78   0x08001c78   0x0000001e   Code   RO         1910    i.wizchip_getinterrupt  wizchip_conf.o
    0x08001c96   0x08001c96   0x0000001c   Code   RO         1911    i.wizchip_getinterruptmask  wizchip_conf.o
    0x08001cb2   0x08001cb2   0x00000002   PAD
    0x08001cb4   0x08001cb4   0x00000058   Code   RO         1912    i.wizchip_getnetinfo  wizchip_conf.o
    0x08001d0c   0x08001d0c   0x00000006   Code   RO         1913    i.wizchip_getnetmode  wizchip_conf.o
    0x08001d12   0x08001d12   0x00000028   Code   RO         1914    i.wizchip_gettimeout  wizchip_conf.o
    0x08001d3a   0x08001d3a   0x0000007a   Code   RO         1915    i.wizchip_init      wizchip_conf.o
    0x08001db4   0x08001db4   0x00000006   Code   RO         2319    i.wizchip_read      w5500_spi.o
    0x08001dba   0x08001dba   0x0000001e   Code   RO         2320    i.wizchip_readburst  w5500_spi.o
    0x08001dd8   0x08001dd8   0x00000010   Code   RO         2321    i.wizchip_select    w5500_spi.o
    0x08001de8   0x08001de8   0x0000001c   Code   RO         1916    i.wizchip_setinterruptmask  wizchip_conf.o
    0x08001e04   0x08001e04   0x00000058   Code   RO         1917    i.wizchip_setnetinfo  wizchip_conf.o
    0x08001e5c   0x08001e5c   0x00000024   Code   RO         1918    i.wizchip_setnetmode  wizchip_conf.o
    0x08001e80   0x08001e80   0x00000028   Code   RO         1919    i.wizchip_settimeout  wizchip_conf.o
    0x08001ea8   0x08001ea8   0x00000002   Code   RO         1920    i.wizchip_spi_readburst  wizchip_conf.o
    0x08001eaa   0x08001eaa   0x00000004   Code   RO         1921    i.wizchip_spi_readbyte  wizchip_conf.o
    0x08001eae   0x08001eae   0x00000002   Code   RO         1922    i.wizchip_spi_writeburst  wizchip_conf.o
    0x08001eb0   0x08001eb0   0x00000002   Code   RO         1923    i.wizchip_spi_writebyte  wizchip_conf.o
    0x08001eb2   0x08001eb2   0x00000074   Code   RO         1924    i.wizchip_sw_reset  wizchip_conf.o
    0x08001f26   0x08001f26   0x00000004   Code   RO         2322    i.wizchip_write     w5500_spi.o
    0x08001f2a   0x08001f2a   0x0000001c   Code   RO         2323    i.wizchip_writeburst  w5500_spi.o
    0x08001f46   0x08001f46   0x0000004e   Code   RO         1925    i.wizphy_getphyconf  wizchip_conf.o
    0x08001f94   0x08001f94   0x00000016   Code   RO         1926    i.wizphy_getphylink  wizchip_conf.o
    0x08001faa   0x08001faa   0x0000001a   Code   RO         1927    i.wizphy_getphypmode  wizchip_conf.o
    0x08001fc4   0x08001fc4   0x0000002a   Code   RO         1929    i.wizphy_reset      wizchip_conf.o
    0x08001fee   0x08001fee   0x0000004a   Code   RO         1930    i.wizphy_setphyconf  wizchip_conf.o
    0x08002038   0x08002038   0x00000050   Code   RO         1931    i.wizphy_setphypmode  wizchip_conf.o
    0x08002088   0x08002088   0x00000012   Data   RO          894    .constdata          stm32f1xx_hal_rcc.o
    0x0800209a   0x0800209a   0x00000010   Data   RO         1721    .constdata          system_stm32f1xx.o
    0x080020aa   0x080020aa   0x00000002   PAD
    0x080020ac   0x080020ac   0x00000010   Data   RO         2324    .constdata          w5500_spi.o
    0x080020bc   0x080020bc   0x00000020   Data   RO         2791    Region$$Table       anon$$obj.o


    Execution Region RW_IRAM1 (Exec base: 0x20000000, Load base: 0x080020dc, Size: 0x00000f40, Max: 0x00005000, ABSOLUTE)

    Exec Addr    Load Addr    Size         Type   Attr      Idx    E Section Name        Object

    0x20000000   0x080020dc   0x0000001d   Data   RW           21    .data               main.o
    0x2000001d   0x080020f9   0x00000003   PAD
    0x20000020   0x080020fc   0x0000000c   Data   RW          731    .data               stm32f1xx_hal.o
    0x2000002c   0x08002108   0x00000004   Data   RW         1723    .data               system_stm32f1xx.o
    0x20000030   0x0800210c   0x00000034   Data   RW         1932    .data               wizchip_conf.o
    0x20000064   0x08002140   0x0000000e   Data   RW         2131    .data               socket.o
    0x20000072   0x0800214e   0x00000002   PAD
    0x20000074        -       0x00000800   Zero   RW           19    .bss                main.o
    0x20000874        -       0x00000058   Zero   RW          210    .bss                spi.o
    0x200008cc        -       0x00000010   Zero   RW         2130    .bss                socket.o
    0x200008dc        -       0x00000060   Zero   RW         2645    .bss                c_w.l(libspace.o)
    0x2000093c   0x0800214e   0x00000004   PAD
    0x20000940        -       0x00000200   Zero   RW            2    HEAP                startup_stm32f103xb.o
    0x20000b40        -       0x00000400   Zero   RW            1    STACK               startup_stm32f103xb.o


==============================================================================

Image component sizes


      Code (inc. data)   RO Data    RW Data    ZI Data      Debug   Object Name

       216         16          0          0          0       1019   gpio.o
       430         14          0         29       2048     398619   main.o
      1316         38          0         14         16       6183   socket.o
       184         24          0          0         88       1705   spi.o
        64         26        236          0       1536        820   startup_stm32f103xb.o
       128         24          0         12          0       5397   stm32f1xx_hal.o
       172         14          0          0          0      28350   stm32f1xx_hal_cortex.o
       490         34          0          0          0       2928   stm32f1xx_hal_gpio.o
        60          8          0          0          0        902   stm32f1xx_hal_msp.o
      1176         60         18          0          0       4046   stm32f1xx_hal_rcc.o
       910          4          0          0          0       4737   stm32f1xx_hal_spi.o
        20          0          0          0          0       3998   stm32f1xx_it.o
         2          0         16          4          0       1155   system_stm32f1xx.o
       756         18          0          0          0       5892   w5500.o
       300         62         16          0          0       5482   w5500_spi.o
      1500         96          0         52          0      22922   wizchip_conf.o

    ----------------------------------------------------------------------
      7736        438        320        116       3688     494155   Object Totals
         0          0         32          0          0          0   (incl. Generated)
        12          0          2          5          0          0   (incl. Padding)

    ----------------------------------------------------------------------

      Code (inc. data)   RO Data    RW Data    ZI Data      Debug   Library Member Name

         8          0          0          0          0         68   __main.o
         0          0          0          0          0          0   __rtentry.o
        12          0          0          0          0          0   __rtentry2.o
         6          0          0          0          0          0   __rtentry4.o
        52          8          0          0          0          0   __scatter.o
        26          0          0          0          0          0   __scatter_copy.o
        28          0          0          0          0          0   __scatter_zi.o
        18          0          0          0          0         80   exit.o
         6          0          0          0          0        152   heapauxi.o
         0          0          0          0          0          0   indicate_semi.o
         2          0          0          0          0          0   libinit.o
         2          0          0          0          0          0   libinit2.o
         2          0          0          0          0          0   libshutdown.o
         2          0          0          0          0          0   libshutdown2.o
         8          4          0          0         96         68   libspace.o
        78          0          0          0          0         80   rt_memclr_w.o
         2          0          0          0          0          0   rtexit.o
        10          0          0          0          0          0   rtexit2.o
        12          4          0          0          0         68   sys_exit.o
        74          0          0          0          0         80   sys_stackheap_outer.o
         2          0          0          0          0         68   use_no_semi.o

    ----------------------------------------------------------------------
       356         16          0          0        100        664   Library Totals
         6          0          0          0          4          0   (incl. Padding)

    ----------------------------------------------------------------------

      Code (inc. data)   RO Data    RW Data    ZI Data      Debug   Library Name

       350         16          0          0         96        664   c_w.l

    ----------------------------------------------------------------------
       356         16          0          0        100        664   Library Totals

    ----------------------------------------------------------------------

==============================================================================


      Code (inc. data)   RO Data    RW Data    ZI Data      Debug   

      8092        454        320        116       3788     490031   Grand Totals
      8092        454        320        116       3788     490031   ELF Image Totals
      8092        454        320        116          0          0   ROM Totals

==============================================================================

    Total RO  Size (Code + RO Data)                 8412 (   8.21kB)
    Total RW  Size (RW Data + ZI Data)              3904 (   3.81kB)
    Total ROM Size (Code + RO Data + RW Data)       8528 (   8.33kB)

==============================================================================

