<html>
<body>
<pre>
<h1>µVision Build Log</h1>
<h2>Tool Versions:</h2>
IDE-Version: ¦ÌVision V5.24.2.0
Copyright (C) 2017 ARM Ltd and ARM Germany GmbH. All rights reserved.
License Information: d Administrator, d, LIC=VGXG8-3UE3T-QDXKD-8VLYQ-6LJ2K-XECB7
 
Tool Versions:
Toolchain:       MDK-ARM Plus  Version: 5.24.1
Toolchain Path:  D:\Keil5\ARM\ARMCC\Bin
C Compiler:      Armcc.exe V5.06 update 5 (build 528)
Assembler:       Armasm.exe V5.06 update 5 (build 528)
Linker/Locator:  ArmLink.exe V5.06 update 5 (build 528)
Library Manager: ArmAr.exe V5.06 update 5 (build 528)
Hex Converter:   FromElf.exe V5.06 update 5 (build 528)
CPU DLL:         SARMCM3.DLL V5.24.1
Dialog DLL:      DCM.DLL V1.16.0.0
Target DLL:      CMSIS_AGDI.dll V1.28.3.0
Dialog DLL:      TCM.DLL V1.32.0.0
 
<h2>Project:</h2>
E:\w5500\stm32_w5500_w25q64\STM32-W25Q16-W5500\Wiznet_http - ¸±±¾\MDK-ARM\C8t6_W5500.uvprojx
Project File Date:  11/20/2024

<h2>Output:</h2>
*** Using Compiler 'V5.06 update 5 (build 528)', folder: 'D:\Keil5\ARM\ARMCC\Bin'
Rebuild target 'C8t6_W5500'
assembling startup_stm32f103xb.s...
compiling stm32f1xx_hal_msp.c...
compiling tim.c...
compiling stm32f1xx_it.c...
compiling usart.c...
compiling spi.c...
compiling stm32f1xx_hal_gpio_ex.c...
compiling main.c...
compiling gpio.c...
compiling stm32f1xx_hal_cortex.c...
compiling stm32f1xx_hal.c...
compiling stm32f1xx_hal_rcc_ex.c...
compiling stm32f1xx_hal_pwr.c...
compiling stm32f1xx_hal_gpio.c...
compiling stm32f1xx_hal_dma.c...
compiling stm32f1xx_hal_rcc.c...
compiling stm32f1xx_hal_spi.c...
compiling loopback.c...
compiling w5500.c...
compiling socket.c...
compiling stm32f1xx_hal_flash_ex.c...
compiling system_stm32f1xx.c...
compiling stm32f1xx_hal_exti.c...
compiling stm32f1xx_hal_flash.c...
compiling user_main.c...
compiling wizchip_conf.c...
compiling dns.c...
compiling wiz_interface.c...
compiling stm32f1xx_hal_tim_ex.c...
compiling stm32f1xx_hal_uart.c...
compiling dhcp.c...
compiling do_dns.c...
compiling httpclient.c...
compiling stm32f1xx_hal_tim.c...
compiling wiz_platform.c...
linking...
Program Size: Code=18510 RO-data=594 RW-data=244 ZI-data=3836  
FromELF: creating hex file...
"C8t6_W5500\C8t6_W5500.axf" - 0 Error(s), 0 Warning(s).

<h2>Software Packages used:</h2>

Package Vendor: ARM
                http://www.keil.com/pack/ARM.CMSIS.5.0.1.pack
                ARM.CMSIS.5.0.1
                CMSIS (Cortex Microcontroller Software Interface Standard)
   * Component: CORE Version: 5.0.1

Package Vendor: Keil
                http://www.keil.com/pack/Keil.STM32F1xx_DFP.2.2.0.pack
                Keil.STM32F1xx_DFP.2.2.0
                STMicroelectronics STM32F1 Series Device Support, Drivers and Examples

<h2>Collection of Component include folders:</h2>
  .\RTE\_C8t6_W5500
  D:\Keil5\ARM\PACK\ARM\CMSIS\5.0.1\CMSIS\Include
  D:\Keil5\ARM\PACK\Keil\STM32F1xx_DFP\2.2.0\Device\Include

<h2>Collection of Component Files used:</h2>

   * Component: ARM::CMSIS:CORE:5.0.1
Build Time Elapsed:  00:00:08
</pre>
</body>
</html>
